#
# There is insufficient memory for the Java Runtime Environment to continue.
# Native memory allocation (malloc) failed to allocate 1371536 bytes. Error detail: Chunk::new
# Possible reasons:
#   The system is out of physical RAM or swap space
#   This process is running with CompressedOops enabled, and the Java Heap may be blocking the growth of the native heap
# Possible solutions:
#   Reduce memory load on the system
#   Increase physical memory or swap space
#   Check if swap backing store is full
#   Decrease Java heap size (-Xmx/-Xms)
#   Decrease number of Java threads
#   Decrease Java thread stack sizes (-Xss)
#   Set larger code cache with -XX:ReservedCodeCacheSize=
#   JVM is running with Unscaled Compressed Oops mode in which the Java heap is
#     placed in the first 4GB address space. The Java Heap base address is the
#     maximum limit for the native heap growth. Please use -XX:HeapBaseMinAddress
#     to set the Java Heap base and to place the Java Heap above 4GB virtual address.
# This output file may be truncated or incomplete.
#
#  Out of Memory Error (arena.cpp:168), pid=14224, tid=15928
#
# JRE version: OpenJDK Runtime Environment Temurin-21.0.10+7 (21.0.10+7) (build 21.0.10+7-LTS)
# Java VM: OpenJDK 64-Bit Server VM Temurin-21.0.10+7 (21.0.10+7-LTS, mixed mode, sharing, tiered, compressed oops, compressed class ptrs, g1 gc, windows-amd64)
# No core dump will be written. Minidumps are not enabled by default on client versions of Windows
#

---------------  S U M M A R Y ------------

Command Line: --add-opens=java.base/java.lang=ALL-UNNAMED --add-opens=java.base/java.lang.invoke=ALL-UNNAMED --add-opens=java.base/java.util=ALL-UNNAMED --add-opens=java.prefs/java.util.prefs=ALL-UNNAMED --add-exports=jdk.compiler/com.sun.tools.javac.api=ALL-UNNAMED --add-exports=jdk.compiler/com.sun.tools.javac.util=ALL-UNNAMED --add-opens=java.base/java.util=ALL-UNNAMED --add-opens=java.prefs/java.util.prefs=ALL-UNNAMED --add-opens=java.base/java.nio.charset=ALL-UNNAMED --add-opens=java.base/java.net=ALL-UNNAMED --add-opens=java.base/java.util.concurrent.atomic=ALL-UNNAMED --add-opens=java.xml/javax.xml.namespace=ALL-UNNAMED -XX:MaxMetaspaceSize=512m -XX:+UseG1GC -Xmx2048m -Dfile.encoding=UTF-8 -Duser.country=IN -Duser.language=en -Duser.variant -javaagent:C:\Users\harsh\.gradle\wrapper\dists\gradle-8.11.1-bin\bpt9gzteqjrbo1mjrsomdt32c\gradle-8.11.1\lib\agents\gradle-instrumentation-agent-8.11.1.jar org.gradle.launcher.daemon.bootstrap.GradleDaemon 8.11.1

Host: AMD Ryzen 5 5600H with Radeon Graphics         , 12 cores, 7G,  Windows 11 , 64 bit Build 26100 (10.0.26100.8115)
Time: Fri Apr 10 16:38:55 2026 India Standard Time elapsed time: 19.064426 seconds (0d 0h 0m 19s)

---------------  T H R E A D  ---------------

Current thread (0x0000021fdc434060):  JavaThread "C2 CompilerThread0" daemon [_thread_in_native, id=15928, stack(0x000000d98af00000,0x000000d98b000000) (1024K)]


Current CompileTask:
C2:19064 5377   !   4       java.net.URLClassLoader$1::run (81 bytes)

Stack: [0x000000d98af00000,0x000000d98b000000]
Native frames: (J=compiled Java code, j=interpreted, Vv=VM code, C=native code)
V  [jvm.dll+0x6d7a39]
V  [jvm.dll+0x8b4b26]
V  [jvm.dll+0x8b70de]
V  [jvm.dll+0x8b77c3]
V  [jvm.dll+0x284346]
V  [jvm.dll+0xc66ed]
V  [jvm.dll+0xc6c31]
V  [jvm.dll+0x3bec01]
V  [jvm.dll+0x1e3d62]
V  [jvm.dll+0x24c6b3]
V  [jvm.dll+0x24bb40]
V  [jvm.dll+0x1cb34e]
V  [jvm.dll+0x25b85d]
V  [jvm.dll+0x259dea]
V  [jvm.dll+0x3f857e]
V  [jvm.dll+0x85f59d]
V  [jvm.dll+0x6d626d]
C  [ucrtbase.dll+0x37b0]
C  [KERNEL32.DLL+0x2e8d7]
C  [ntdll.dll+0x8c3fc]


---------------  P R O C E S S  ---------------

Threads class SMR info:
_java_thread_list=0x0000021f80f70d80, length=34, elements={
0x0000021fc4885920, 0x0000021fdc424d90, 0x0000021fdc428620, 0x0000021fdc42c270,
0x0000021fdc42ce00, 0x0000021fdc42e930, 0x0000021fdc4300b0, 0x0000021fdc434060,
0x0000021fdc43a290, 0x0000021fdc60e030, 0x0000021fdc68eea0, 0x0000021ffd6ee4e0,
0x0000021ffd757de0, 0x0000021ffd980b90, 0x0000021ffd97ffc0, 0x0000021ffd8ac700,
0x0000021ffd9639d0, 0x0000021ffd956710, 0x0000021ffd9559f0, 0x0000021ffd955360,
0x0000021ffd957430, 0x0000021ffd953fb0, 0x0000021ffd954cd0, 0x0000021ffd956080,
0x0000021ffd954640, 0x0000021ffe349750, 0x0000021ffe349de0, 0x0000021ffe346960,
0x0000021ffe3483a0, 0x0000021ffe348a30, 0x0000021ffe3490c0, 0x0000021ffe346ff0,
0x0000021ffef29600, 0x0000021f804b9b40
}

Java Threads: ( => current thread )
  0x0000021fc4885920 JavaThread "main"                              [_thread_blocked, id=28144, stack(0x000000d98a100000,0x000000d98a200000) (1024K)]
  0x0000021fdc424d90 JavaThread "Reference Handler"          daemon [_thread_blocked, id=17448, stack(0x000000d98a900000,0x000000d98aa00000) (1024K)]
  0x0000021fdc428620 JavaThread "Finalizer"                  daemon [_thread_blocked, id=14668, stack(0x000000d98aa00000,0x000000d98ab00000) (1024K)]
  0x0000021fdc42c270 JavaThread "Signal Dispatcher"          daemon [_thread_blocked, id=14000, stack(0x000000d98ab00000,0x000000d98ac00000) (1024K)]
  0x0000021fdc42ce00 JavaThread "Attach Listener"            daemon [_thread_blocked, id=16268, stack(0x000000d98ac00000,0x000000d98ad00000) (1024K)]
  0x0000021fdc42e930 JavaThread "Service Thread"             daemon [_thread_blocked, id=21780, stack(0x000000d98ad00000,0x000000d98ae00000) (1024K)]
  0x0000021fdc4300b0 JavaThread "Monitor Deflation Thread"   daemon [_thread_blocked, id=27560, stack(0x000000d98ae00000,0x000000d98af00000) (1024K)]
=>0x0000021fdc434060 JavaThread "C2 CompilerThread0"         daemon [_thread_in_native, id=15928, stack(0x000000d98af00000,0x000000d98b000000) (1024K)]
  0x0000021fdc43a290 JavaThread "C1 CompilerThread0"         daemon [_thread_blocked, id=6580, stack(0x000000d98b000000,0x000000d98b100000) (1024K)]
  0x0000021fdc60e030 JavaThread "Common-Cleaner"             daemon [_thread_blocked, id=20516, stack(0x000000d98b100000,0x000000d98b200000) (1024K)]
  0x0000021fdc68eea0 JavaThread "Notification Thread"        daemon [_thread_blocked, id=25664, stack(0x000000d98b200000,0x000000d98b300000) (1024K)]
  0x0000021ffd6ee4e0 JavaThread "Daemon health stats"               [_thread_blocked, id=21236, stack(0x000000d98b900000,0x000000d98ba00000) (1024K)]
  0x0000021ffd757de0 JavaThread "Incoming local TCP Connector on port 52508"        [_thread_in_native, id=21340, stack(0x000000d98b800000,0x000000d98b900000) (1024K)]
  0x0000021ffd980b90 JavaThread "Daemon periodic checks"            [_thread_blocked, id=28060, stack(0x000000d98ba00000,0x000000d98bb00000) (1024K)]
  0x0000021ffd97ffc0 JavaThread "Daemon"                            [_thread_blocked, id=19604, stack(0x000000d98bb00000,0x000000d98bc00000) (1024K)]
  0x0000021ffd8ac700 JavaThread "Handler for socket connection from /127.0.0.1:52508 to /127.0.0.1:52509"        [_thread_in_native, id=15860, stack(0x000000d98bc00000,0x000000d98bd00000) (1024K)]
  0x0000021ffd9639d0 JavaThread "Cancel handler"                    [_thread_blocked, id=4200, stack(0x000000d98bd00000,0x000000d98be00000) (1024K)]
  0x0000021ffd956710 JavaThread "Daemon worker"                     [_thread_in_native, id=15908, stack(0x000000d98be00000,0x000000d98bf00000) (1024K)]
  0x0000021ffd9559f0 JavaThread "Asynchronous log dispatcher for DefaultDaemonConnection: socket connection from /127.0.0.1:52508 to /127.0.0.1:52509"        [_thread_blocked, id=21708, stack(0x000000d98bf00000,0x000000d98c000000) (1024K)]
  0x0000021ffd955360 JavaThread "Stdin handler"                     [_thread_blocked, id=10832, stack(0x000000d98c000000,0x000000d98c100000) (1024K)]
  0x0000021ffd957430 JavaThread "Daemon client event forwarder"        [_thread_blocked, id=2996, stack(0x000000d98c100000,0x000000d98c200000) (1024K)]
  0x0000021ffd953fb0 JavaThread "Cache worker for journal cache (C:\Users\harsh\.gradle\caches\journal-1)"        [_thread_blocked, id=24120, stack(0x000000d98c200000,0x000000d98c300000) (1024K)]
  0x0000021ffd954cd0 JavaThread "File lock request listener"        [_thread_in_native, id=11444, stack(0x000000d98c300000,0x000000d98c400000) (1024K)]
  0x0000021ffd956080 JavaThread "Cache worker for file hash cache (C:\Users\harsh\.gradle\caches\8.11.1\fileHashes)"        [_thread_blocked, id=3020, stack(0x000000d98c400000,0x000000d98c500000) (1024K)]
  0x0000021ffd954640 JavaThread "Cache worker for file content cache (C:\Users\harsh\.gradle\caches\8.11.1\fileContent)"        [_thread_blocked, id=17628, stack(0x000000d98cb00000,0x000000d98cc00000) (1024K)]
  0x0000021ffe349750 JavaThread "Cache worker for file hash cache (C:\Users\harsh\AndroidStudioProjects\VidPlay\.gradle\8.11.1\fileHashes)"        [_thread_blocked, id=17596, stack(0x000000d98ce00000,0x000000d98cf00000) (1024K)]
  0x0000021ffe349de0 JavaThread "Cache worker for Build Output Cleanup Cache (C:\Users\harsh\AndroidStudioProjects\VidPlay\.gradle\buildOutputCleanup)"        [_thread_blocked, id=18272, stack(0x000000d98cf00000,0x000000d98d000000) (1024K)]
  0x0000021ffe346960 JavaThread "File watcher server"        daemon [_thread_in_native, id=23044, stack(0x000000d98d000000,0x000000d98d100000) (1024K)]
  0x0000021ffe3483a0 JavaThread "File watcher consumer"      daemon [_thread_blocked, id=1004, stack(0x000000d98d100000,0x000000d98d200000) (1024K)]
  0x0000021ffe348a30 JavaThread "Cache worker for checksums cache (C:\Users\harsh\AndroidStudioProjects\VidPlay\.gradle\8.11.1\checksums)"        [_thread_blocked, id=11104, stack(0x000000d98d200000,0x000000d98d300000) (1024K)]
  0x0000021ffe3490c0 JavaThread "Cache worker for cache directory md-rule (C:\Users\harsh\.gradle\caches\8.11.1\md-rule)"        [_thread_blocked, id=24192, stack(0x000000d98d300000,0x000000d98d400000) (1024K)]
  0x0000021ffe346ff0 JavaThread "Cache worker for cache directory md-supplier (C:\Users\harsh\.gradle\caches\8.11.1\md-supplier)"        [_thread_blocked, id=24796, stack(0x000000d98d400000,0x000000d98d500000) (1024K)]
  0x0000021ffef29600 JavaThread "C2 CompilerThread1"         daemon [_thread_blocked, id=28772, stack(0x000000d98c500000,0x000000d98c600000) (1024K)]
  0x0000021f804b9b40 JavaThread "C2 CompilerThread2"         daemon [_thread_in_native, id=16044, stack(0x000000d98c600000,0x000000d98c700000) (1024K)]
Total: 34

Other Threads:
  0x0000021fdc4026d0 VMThread "VM Thread"                           [id=23056, stack(0x000000d98a800000,0x000000d98a900000) (1024K)]
  0x0000021fdc3f2c20 WatcherThread "VM Periodic Task Thread"        [id=1844, stack(0x000000d98a700000,0x000000d98a800000) (1024K)]
  0x0000021fc48dbf40 WorkerThread "GC Thread#0"                     [id=16468, stack(0x000000d98a200000,0x000000d98a300000) (1024K)]
  0x0000021ffc4fdf30 WorkerThread "GC Thread#1"                     [id=10656, stack(0x000000d98b500000,0x000000d98b600000) (1024K)]
  0x0000021ffc4d4890 WorkerThread "GC Thread#2"                     [id=7368, stack(0x000000d98b600000,0x000000d98b700000) (1024K)]
  0x0000021ffc5a2370 WorkerThread "GC Thread#3"                     [id=25384, stack(0x000000d98b400000,0x000000d98b500000) (1024K)]
  0x0000021ffcd1ddb0 WorkerThread "GC Thread#4"                     [id=28212, stack(0x000000d98b700000,0x000000d98b800000) (1024K)]
  0x0000021ffd795e20 WorkerThread "GC Thread#5"                     [id=11936, stack(0x000000d98b300000,0x000000d98b400000) (1024K)]
  0x0000021fdc7d6670 WorkerThread "GC Thread#6"                     [id=14172, stack(0x000000d98c700000,0x000000d98c800000) (1024K)]
  0x0000021fdc7d6dd0 WorkerThread "GC Thread#7"                     [id=27056, stack(0x000000d98c800000,0x000000d98c900000) (1024K)]
  0x0000021fdc7d6a20 WorkerThread "GC Thread#8"                     [id=28184, stack(0x000000d98c900000,0x000000d98ca00000) (1024K)]
  0x0000021fdc7d7c90 WorkerThread "GC Thread#9"                     [id=18172, stack(0x000000d98ca00000,0x000000d98cb00000) (1024K)]
  0x0000021fc25be540 ConcurrentGCThread "G1 Main Marker"            [id=26800, stack(0x000000d98a300000,0x000000d98a400000) (1024K)]
  0x0000021fc48ed720 WorkerThread "G1 Conc#0"                       [id=18440, stack(0x000000d98a400000,0x000000d98a500000) (1024K)]
  0x0000021fff175630 WorkerThread "G1 Conc#1"                       [id=4052, stack(0x000000d98cc00000,0x000000d98cd00000) (1024K)]
  0x0000021fff1773b0 WorkerThread "G1 Conc#2"                       [id=29204, stack(0x000000d98cd00000,0x000000d98ce00000) (1024K)]
  0x0000021fdc2c1570 ConcurrentGCThread "G1 Refine#0"               [id=22928, stack(0x000000d98a500000,0x000000d98a600000) (1024K)]
  0x0000021fdc2c1da0 ConcurrentGCThread "G1 Service"                [id=26456, stack(0x000000d98a600000,0x000000d98a700000) (1024K)]
Total: 18

Threads with active compile tasks:
C2 CompilerThread0  19157 5377   !   4       java.net.URLClassLoader$1::run (81 bytes)
C2 CompilerThread2  19157 5677       4       jdk.internal.org.objectweb.asm.ClassWriter::toByteArray (1517 bytes)
Total: 2

VM state: not at safepoint (normal execution)

VM Mutex/Monitor currently owned by a thread: None

Heap address: 0x0000000080000000, size: 2048 MB, Compressed Oops mode: 32-bit

CDS archive(s) mapped at: [0x0000021fdd000000-0x0000021fddba0000-0x0000021fddba0000), size 12189696, SharedBaseAddress: 0x0000021fdd000000, ArchiveRelocationMode: 1.
Compressed class space mapped at: 0x0000021fde000000-0x0000021ff8000000, reserved size: 436207616
Narrow klass base: 0x0000021fdd000000, Narrow klass shift: 0, Narrow klass range: 0x100000000

GC Precious Log:
 CardTable entry size: 512
 Card Set container configuration: InlinePtr #cards 5 size 8 Array Of Cards #cards 12 size 40 Howl #buckets 4 coarsen threshold 1843 Howl Bitmap #cards 512 size 80 coarsen threshold 460 Card regions per heap region 1 cards per card region 2048
 CPUs: 12 total, 12 available
 Memory: 7581M
 Large Page Support: Disabled
 NUMA Support: Disabled
 Compressed Oops: Enabled (32-bit)
 Heap Region Size: 1M
 Heap Min Capacity: 8M
 Heap Initial Capacity: 120M
 Heap Max Capacity: 2G
 Pre-touch: Disabled
 Parallel Workers: 10
 Concurrent Workers: 3
 Concurrent Refinement Workers: 10
 Periodic GC: Disabled

Heap:
 garbage-first heap   total 113664K, used 41736K [0x0000000080000000, 0x0000000100000000)
  region size 1024K, 8 young (8192K), 7 survivors (7168K)
 Metaspace       used 52324K, committed 54016K, reserved 491520K
  class space    used 7683K, committed 8512K, reserved 425984K

Heap Regions: E=young(eden), S=young(survivor), O=old, HS=humongous(starts), HC=humongous(continues), CS=collection set, F=free, TAMS=top-at-mark-start, PB=parsable bottom
|   0|0x0000000080000000, 0x0000000080100000, 0x0000000080100000|100%| O|  |TAMS 0x0000000080000000| PB 0x0000000080000000| Untracked 
|   1|0x0000000080100000, 0x0000000080200000, 0x0000000080200000|100%|HS|  |TAMS 0x0000000080100000| PB 0x0000000080100000| Complete 
|   2|0x0000000080200000, 0x0000000080300000, 0x0000000080300000|100%|HC|  |TAMS 0x0000000080200000| PB 0x0000000080200000| Complete 
|   3|0x0000000080300000, 0x0000000080400000, 0x0000000080400000|100%|HC|  |TAMS 0x0000000080300000| PB 0x0000000080300000| Complete 
|   4|0x0000000080400000, 0x0000000080500000, 0x0000000080500000|100%| O|  |TAMS 0x0000000080400000| PB 0x0000000080400000| Untracked 
|   5|0x0000000080500000, 0x0000000080600000, 0x0000000080600000|100%| O|  |TAMS 0x0000000080500000| PB 0x0000000080500000| Untracked 
|   6|0x0000000080600000, 0x0000000080700000, 0x0000000080700000|100%| O|  |TAMS 0x0000000080600000| PB 0x0000000080600000| Untracked 
|   7|0x0000000080700000, 0x0000000080800000, 0x0000000080800000|100%|HS|  |TAMS 0x0000000080700000| PB 0x0000000080700000| Complete 
|   8|0x0000000080800000, 0x0000000080900000, 0x0000000080900000|100%| O|  |TAMS 0x0000000080800000| PB 0x0000000080800000| Untracked 
|   9|0x0000000080900000, 0x0000000080a00000, 0x0000000080a00000|100%| O|  |TAMS 0x0000000080900000| PB 0x0000000080900000| Untracked 
|  10|0x0000000080a00000, 0x0000000080b00000, 0x0000000080b00000|100%| O|  |TAMS 0x0000000080a00000| PB 0x0000000080a00000| Untracked 
|  11|0x0000000080b00000, 0x0000000080c00000, 0x0000000080c00000|100%| O|  |TAMS 0x0000000080b00000| PB 0x0000000080b00000| Untracked 
|  12|0x0000000080c00000, 0x0000000080d00000, 0x0000000080d00000|100%| O|  |TAMS 0x0000000080c00000| PB 0x0000000080c00000| Untracked 
|  13|0x0000000080d00000, 0x0000000080e00000, 0x0000000080e00000|100%| O|  |TAMS 0x0000000080d00000| PB 0x0000000080d00000| Untracked 
|  14|0x0000000080e00000, 0x0000000080f00000, 0x0000000080f00000|100%| O|  |TAMS 0x0000000080e00000| PB 0x0000000080e00000| Untracked 
|  15|0x0000000080f00000, 0x0000000081000000, 0x0000000081000000|100%| O|  |TAMS 0x0000000080f00000| PB 0x0000000080f00000| Untracked 
|  16|0x0000000081000000, 0x0000000081100000, 0x0000000081100000|100%| O|  |TAMS 0x0000000081000000| PB 0x0000000081000000| Untracked 
|  17|0x0000000081100000, 0x0000000081200000, 0x0000000081200000|100%| O|  |TAMS 0x0000000081100000| PB 0x0000000081100000| Untracked 
|  18|0x0000000081200000, 0x0000000081300000, 0x0000000081300000|100%| O|  |TAMS 0x0000000081200000| PB 0x0000000081200000| Untracked 
|  19|0x0000000081300000, 0x0000000081400000, 0x0000000081400000|100%| O|  |TAMS 0x0000000081300000| PB 0x0000000081300000| Untracked 
|  20|0x0000000081400000, 0x0000000081500000, 0x0000000081500000|100%| O|  |TAMS 0x0000000081400000| PB 0x0000000081400000| Untracked 
|  21|0x0000000081500000, 0x0000000081600000, 0x0000000081600000|100%| O|  |TAMS 0x0000000081500000| PB 0x0000000081500000| Untracked 
|  22|0x0000000081600000, 0x0000000081700000, 0x0000000081700000|100%| O|  |TAMS 0x0000000081600000| PB 0x0000000081600000| Untracked 
|  23|0x0000000081700000, 0x0000000081800000, 0x0000000081800000|100%| O|  |TAMS 0x0000000081700000| PB 0x0000000081700000| Untracked 
|  24|0x0000000081800000, 0x0000000081900000, 0x0000000081900000|100%| O|  |TAMS 0x0000000081800000| PB 0x0000000081800000| Untracked 
|  25|0x0000000081900000, 0x0000000081a00000, 0x0000000081a00000|100%| O|  |TAMS 0x0000000081900000| PB 0x0000000081900000| Untracked 
|  26|0x0000000081a00000, 0x0000000081b00000, 0x0000000081b00000|100%| O|  |TAMS 0x0000000081a00000| PB 0x0000000081a00000| Untracked 
|  27|0x0000000081b00000, 0x0000000081c00000, 0x0000000081c00000|100%| O|  |TAMS 0x0000000081b00000| PB 0x0000000081b00000| Untracked 
|  28|0x0000000081c00000, 0x0000000081d00000, 0x0000000081d00000|100%| O|  |TAMS 0x0000000081c00000| PB 0x0000000081c00000| Untracked 
|  29|0x0000000081d00000, 0x0000000081e00000, 0x0000000081e00000|100%| O|  |TAMS 0x0000000081d00000| PB 0x0000000081d00000| Untracked 
|  30|0x0000000081e00000, 0x0000000081f00000, 0x0000000081f00000|100%| O|  |TAMS 0x0000000081e00000| PB 0x0000000081e00000| Untracked 
|  31|0x0000000081f00000, 0x0000000082000000, 0x0000000082000000|100%| O|  |TAMS 0x0000000081f00000| PB 0x0000000081f00000| Untracked 
|  32|0x0000000082000000, 0x0000000082100000, 0x0000000082100000|100%| O|  |TAMS 0x0000000082000000| PB 0x0000000082000000| Untracked 
|  33|0x0000000082100000, 0x00000000821ee700, 0x0000000082200000| 93%| O|  |TAMS 0x0000000082100000| PB 0x0000000082100000| Untracked 
|  34|0x0000000082200000, 0x0000000082200000, 0x0000000082300000|  0%| F|  |TAMS 0x0000000082200000| PB 0x0000000082200000| Untracked 
|  35|0x0000000082300000, 0x0000000082300000, 0x0000000082400000|  0%| F|  |TAMS 0x0000000082300000| PB 0x0000000082300000| Untracked 
|  36|0x0000000082400000, 0x0000000082400000, 0x0000000082500000|  0%| F|  |TAMS 0x0000000082400000| PB 0x0000000082400000| Untracked 
|  37|0x0000000082500000, 0x0000000082500000, 0x0000000082600000|  0%| F|  |TAMS 0x0000000082500000| PB 0x0000000082500000| Untracked 
|  38|0x0000000082600000, 0x0000000082600000, 0x0000000082700000|  0%| F|  |TAMS 0x0000000082600000| PB 0x0000000082600000| Untracked 
|  39|0x0000000082700000, 0x0000000082700000, 0x0000000082800000|  0%| F|  |TAMS 0x0000000082700000| PB 0x0000000082700000| Untracked 
|  40|0x0000000082800000, 0x0000000082800000, 0x0000000082900000|  0%| F|  |TAMS 0x0000000082800000| PB 0x0000000082800000| Untracked 
|  41|0x0000000082900000, 0x00000000829d3b30, 0x0000000082a00000| 82%| S|CS|TAMS 0x0000000082900000| PB 0x0000000082900000| Complete 
|  42|0x0000000082a00000, 0x0000000082b00000, 0x0000000082b00000|100%| S|CS|TAMS 0x0000000082a00000| PB 0x0000000082a00000| Complete 
|  43|0x0000000082b00000, 0x0000000082c00000, 0x0000000082c00000|100%| S|CS|TAMS 0x0000000082b00000| PB 0x0000000082b00000| Complete 
|  44|0x0000000082c00000, 0x0000000082d00000, 0x0000000082d00000|100%| S|CS|TAMS 0x0000000082c00000| PB 0x0000000082c00000| Complete 
|  45|0x0000000082d00000, 0x0000000082d00000, 0x0000000082e00000|  0%| F|  |TAMS 0x0000000082d00000| PB 0x0000000082d00000| Untracked 
|  46|0x0000000082e00000, 0x0000000082f00000, 0x0000000082f00000|100%| S|CS|TAMS 0x0000000082e00000| PB 0x0000000082e00000| Complete 
|  47|0x0000000082f00000, 0x0000000083000000, 0x0000000083000000|100%| S|CS|TAMS 0x0000000082f00000| PB 0x0000000082f00000| Complete 
|  48|0x0000000083000000, 0x0000000083100000, 0x0000000083100000|100%| S|CS|TAMS 0x0000000083000000| PB 0x0000000083000000| Complete 
|  49|0x0000000083100000, 0x0000000083100000, 0x0000000083200000|  0%| F|  |TAMS 0x0000000083100000| PB 0x0000000083100000| Untracked 
|  50|0x0000000083200000, 0x0000000083200000, 0x0000000083300000|  0%| F|  |TAMS 0x0000000083200000| PB 0x0000000083200000| Untracked 
|  51|0x0000000083300000, 0x0000000083300000, 0x0000000083400000|  0%| F|  |TAMS 0x0000000083300000| PB 0x0000000083300000| Untracked 
|  52|0x0000000083400000, 0x0000000083400000, 0x0000000083500000|  0%| F|  |TAMS 0x0000000083400000| PB 0x0000000083400000| Untracked 
|  53|0x0000000083500000, 0x0000000083500000, 0x0000000083600000|  0%| F|  |TAMS 0x0000000083500000| PB 0x0000000083500000| Untracked 
|  54|0x0000000083600000, 0x0000000083600000, 0x0000000083700000|  0%| F|  |TAMS 0x0000000083600000| PB 0x0000000083600000| Untracked 
|  55|0x0000000083700000, 0x0000000083700000, 0x0000000083800000|  0%| F|  |TAMS 0x0000000083700000| PB 0x0000000083700000| Untracked 
|  56|0x0000000083800000, 0x0000000083800000, 0x0000000083900000|  0%| F|  |TAMS 0x0000000083800000| PB 0x0000000083800000| Untracked 
|  57|0x0000000083900000, 0x0000000083900000, 0x0000000083a00000|  0%| F|  |TAMS 0x0000000083900000| PB 0x0000000083900000| Untracked 
|  58|0x0000000083a00000, 0x0000000083a00000, 0x0000000083b00000|  0%| F|  |TAMS 0x0000000083a00000| PB 0x0000000083a00000| Untracked 
|  59|0x0000000083b00000, 0x0000000083b00000, 0x0000000083c00000|  0%| F|  |TAMS 0x0000000083b00000| PB 0x0000000083b00000| Untracked 
|  60|0x0000000083c00000, 0x0000000083c00000, 0x0000000083d00000|  0%| F|  |TAMS 0x0000000083c00000| PB 0x0000000083c00000| Untracked 
|  61|0x0000000083d00000, 0x0000000083d00000, 0x0000000083e00000|  0%| F|  |TAMS 0x0000000083d00000| PB 0x0000000083d00000| Untracked 
|  62|0x0000000083e00000, 0x0000000083e00000, 0x0000000083f00000|  0%| F|  |TAMS 0x0000000083e00000| PB 0x0000000083e00000| Untracked 
|  63|0x0000000083f00000, 0x0000000083f00000, 0x0000000084000000|  0%| F|  |TAMS 0x0000000083f00000| PB 0x0000000083f00000| Untracked 
|  64|0x0000000084000000, 0x0000000084000000, 0x0000000084100000|  0%| F|  |TAMS 0x0000000084000000| PB 0x0000000084000000| Untracked 
|  65|0x0000000084100000, 0x0000000084100000, 0x0000000084200000|  0%| F|  |TAMS 0x0000000084100000| PB 0x0000000084100000| Untracked 
|  66|0x0000000084200000, 0x0000000084200000, 0x0000000084300000|  0%| F|  |TAMS 0x0000000084200000| PB 0x0000000084200000| Untracked 
|  67|0x0000000084300000, 0x0000000084300000, 0x0000000084400000|  0%| F|  |TAMS 0x0000000084300000| PB 0x0000000084300000| Untracked 
|  68|0x0000000084400000, 0x0000000084400000, 0x0000000084500000|  0%| F|  |TAMS 0x0000000084400000| PB 0x0000000084400000| Untracked 
|  69|0x0000000084500000, 0x0000000084500000, 0x0000000084600000|  0%| F|  |TAMS 0x0000000084500000| PB 0x0000000084500000| Untracked 
|  70|0x0000000084600000, 0x0000000084600000, 0x0000000084700000|  0%| F|  |TAMS 0x0000000084600000| PB 0x0000000084600000| Untracked 
|  71|0x0000000084700000, 0x0000000084700000, 0x0000000084800000|  0%| F|  |TAMS 0x0000000084700000| PB 0x0000000084700000| Untracked 
|  72|0x0000000084800000, 0x0000000084800000, 0x0000000084900000|  0%| F|  |TAMS 0x0000000084800000| PB 0x0000000084800000| Untracked 
|  73|0x0000000084900000, 0x0000000084900000, 0x0000000084a00000|  0%| F|  |TAMS 0x0000000084900000| PB 0x0000000084900000| Untracked 
|  74|0x0000000084a00000, 0x0000000084a00000, 0x0000000084b00000|  0%| F|  |TAMS 0x0000000084a00000| PB 0x0000000084a00000| Untracked 
|  75|0x0000000084b00000, 0x0000000084b00000, 0x0000000084c00000|  0%| F|  |TAMS 0x0000000084b00000| PB 0x0000000084b00000| Untracked 
|  76|0x0000000084c00000, 0x0000000084c00000, 0x0000000084d00000|  0%| F|  |TAMS 0x0000000084c00000| PB 0x0000000084c00000| Untracked 
|  77|0x0000000084d00000, 0x0000000084d00000, 0x0000000084e00000|  0%| F|  |TAMS 0x0000000084d00000| PB 0x0000000084d00000| Untracked 
|  78|0x0000000084e00000, 0x0000000084e00000, 0x0000000084f00000|  0%| F|  |TAMS 0x0000000084e00000| PB 0x0000000084e00000| Untracked 
|  79|0x0000000084f00000, 0x0000000084f00000, 0x0000000085000000|  0%| F|  |TAMS 0x0000000084f00000| PB 0x0000000084f00000| Untracked 
|  80|0x0000000085000000, 0x0000000085000000, 0x0000000085100000|  0%| F|  |TAMS 0x0000000085000000| PB 0x0000000085000000| Untracked 
|  81|0x0000000085100000, 0x0000000085100000, 0x0000000085200000|  0%| F|  |TAMS 0x0000000085100000| PB 0x0000000085100000| Untracked 
|  82|0x0000000085200000, 0x0000000085200000, 0x0000000085300000|  0%| F|  |TAMS 0x0000000085200000| PB 0x0000000085200000| Untracked 
|  83|0x0000000085300000, 0x0000000085300000, 0x0000000085400000|  0%| F|  |TAMS 0x0000000085300000| PB 0x0000000085300000| Untracked 
|  84|0x0000000085400000, 0x0000000085400000, 0x0000000085500000|  0%| F|  |TAMS 0x0000000085400000| PB 0x0000000085400000| Untracked 
|  85|0x0000000085500000, 0x0000000085500000, 0x0000000085600000|  0%| F|  |TAMS 0x0000000085500000| PB 0x0000000085500000| Untracked 
|  86|0x0000000085600000, 0x0000000085600000, 0x0000000085700000|  0%| F|  |TAMS 0x0000000085600000| PB 0x0000000085600000| Untracked 
|  87|0x0000000085700000, 0x0000000085700000, 0x0000000085800000|  0%| F|  |TAMS 0x0000000085700000| PB 0x0000000085700000| Untracked 
|  88|0x0000000085800000, 0x0000000085800000, 0x0000000085900000|  0%| F|  |TAMS 0x0000000085800000| PB 0x0000000085800000| Untracked 
|  89|0x0000000085900000, 0x0000000085900000, 0x0000000085a00000|  0%| F|  |TAMS 0x0000000085900000| PB 0x0000000085900000| Untracked 
|  90|0x0000000085a00000, 0x0000000085a00000, 0x0000000085b00000|  0%| F|  |TAMS 0x0000000085a00000| PB 0x0000000085a00000| Untracked 
|  91|0x0000000085b00000, 0x0000000085b00000, 0x0000000085c00000|  0%| F|  |TAMS 0x0000000085b00000| PB 0x0000000085b00000| Untracked 
|  92|0x0000000085c00000, 0x0000000085c00000, 0x0000000085d00000|  0%| F|  |TAMS 0x0000000085c00000| PB 0x0000000085c00000| Untracked 
|  93|0x0000000085d00000, 0x0000000085d00000, 0x0000000085e00000|  0%| F|  |TAMS 0x0000000085d00000| PB 0x0000000085d00000| Untracked 
|  94|0x0000000085e00000, 0x0000000085e00000, 0x0000000085f00000|  0%| F|  |TAMS 0x0000000085e00000| PB 0x0000000085e00000| Untracked 
|  95|0x0000000085f00000, 0x0000000085f00000, 0x0000000086000000|  0%| F|  |TAMS 0x0000000085f00000| PB 0x0000000085f00000| Untracked 
|  96|0x0000000086000000, 0x0000000086000000, 0x0000000086100000|  0%| F|  |TAMS 0x0000000086000000| PB 0x0000000086000000| Untracked 
|  97|0x0000000086100000, 0x0000000086100000, 0x0000000086200000|  0%| F|  |TAMS 0x0000000086100000| PB 0x0000000086100000| Untracked 
|  98|0x0000000086200000, 0x0000000086200000, 0x0000000086300000|  0%| F|  |TAMS 0x0000000086200000| PB 0x0000000086200000| Untracked 
|  99|0x0000000086300000, 0x0000000086300000, 0x0000000086400000|  0%| F|  |TAMS 0x0000000086300000| PB 0x0000000086300000| Untracked 
| 100|0x0000000086400000, 0x0000000086400000, 0x0000000086500000|  0%| F|  |TAMS 0x0000000086400000| PB 0x0000000086400000| Untracked 
| 101|0x0000000086500000, 0x0000000086500000, 0x0000000086600000|  0%| F|  |TAMS 0x0000000086500000| PB 0x0000000086500000| Untracked 
| 102|0x0000000086600000, 0x0000000086600000, 0x0000000086700000|  0%| F|  |TAMS 0x0000000086600000| PB 0x0000000086600000| Untracked 
| 103|0x0000000086700000, 0x0000000086700000, 0x0000000086800000|  0%| F|  |TAMS 0x0000000086700000| PB 0x0000000086700000| Untracked 
| 104|0x0000000086800000, 0x0000000086800000, 0x0000000086900000|  0%| F|  |TAMS 0x0000000086800000| PB 0x0000000086800000| Untracked 
| 105|0x0000000086900000, 0x0000000086900000, 0x0000000086a00000|  0%| F|  |TAMS 0x0000000086900000| PB 0x0000000086900000| Untracked 
| 106|0x0000000086a00000, 0x0000000086a00000, 0x0000000086b00000|  0%| F|  |TAMS 0x0000000086a00000| PB 0x0000000086a00000| Untracked 
| 107|0x0000000086b00000, 0x0000000086b00000, 0x0000000086c00000|  0%| F|  |TAMS 0x0000000086b00000| PB 0x0000000086b00000| Untracked 
| 108|0x0000000086c00000, 0x0000000086c00000, 0x0000000086d00000|  0%| F|  |TAMS 0x0000000086c00000| PB 0x0000000086c00000| Untracked 
| 109|0x0000000086d00000, 0x0000000086d00000, 0x0000000086e00000|  0%| F|  |TAMS 0x0000000086d00000| PB 0x0000000086d00000| Untracked 
| 119|0x0000000087700000, 0x0000000087785910, 0x0000000087800000| 52%| E|  |TAMS 0x0000000087700000| PB 0x0000000087700000| Complete 

Card table byte_map: [0x0000021fd73d0000,0x0000021fd77d0000] _byte_map_base: 0x0000021fd6fd0000

Marking Bits: (CMBitMap*) 0x0000021fc48dc560
 Bits: [0x0000021fd77d0000, 0x0000021fd97d0000)

Polling page: 0x0000021fc2620000

Metaspace:

Usage:
  Non-class:     43.59 MB used.
      Class:      7.50 MB used.
       Both:     51.10 MB used.

Virtual space:
  Non-class space:       64.00 MB reserved,      44.44 MB ( 69%) committed,  1 nodes.
      Class space:      416.00 MB reserved,       8.31 MB (  2%) committed,  1 nodes.
             Both:      480.00 MB reserved,      52.75 MB ( 11%) committed. 

Chunk freelists:
   Non-Class:  2.66 MB
       Class:  7.72 MB
        Both:  10.38 MB

MaxMetaspaceSize: 512.00 MB
CompressedClassSpaceSize: 416.00 MB
Initial GC threshold: 21.00 MB
Current GC threshold: 59.38 MB
CDS: on
 - commit_granule_bytes: 65536.
 - commit_granule_words: 8192.
 - virtual_space_node_default_size: 8388608.
 - enlarge_chunks_in_place: 1.
 - use_allocation_guard: 0.


Internal statistics:

num_allocs_failed_limit: 9.
num_arena_births: 3048.
num_arena_deaths: 0.
num_vsnodes_births: 2.
num_vsnodes_deaths: 0.
num_space_committed: 844.
num_space_uncommitted: 0.
num_chunks_returned_to_freelist: 9.
num_chunks_taken_from_freelist: 5432.
num_chunk_merges: 6.
num_chunk_splits: 3595.
num_chunks_enlarged: 2267.
num_inconsistent_stats: 0.

CodeHeap 'non-profiled nmethods': size=120000Kb used=3036Kb max_used=3036Kb free=116963Kb
 bounds [0x0000021fcf550000, 0x0000021fcf850000, 0x0000021fd6a80000]
CodeHeap 'profiled nmethods': size=120000Kb used=10011Kb max_used=10011Kb free=109988Kb
 bounds [0x0000021fc7a80000, 0x0000021fc8450000, 0x0000021fcefb0000]
CodeHeap 'non-nmethods': size=5760Kb used=1875Kb max_used=1911Kb free=3885Kb
 bounds [0x0000021fcefb0000, 0x0000021fcf220000, 0x0000021fcf550000]
CodeCache: size=245760Kb, used=14922Kb, max_used=14958Kb, free=230836Kb
 total_blobs=5913, nmethods=5167, adapters=650, full_count=0
Compilation: enabled, stopped_count=0, restarted_count=0

Compilation events (20 events):
Event: 17.977 Thread 0x0000021fdc43a290 5664   !   3       org.gradle.internal.instantiation.generator.AsmBackedClassGenerator$InvokeConstructorStrategy::newInstance (66 bytes)
Event: 17.979 Thread 0x0000021fdc43a290 nmethod 5664 0x0000021fc843cf90 code [0x0000021fc843d2a0, 0x0000021fc843e738]
Event: 17.979 Thread 0x0000021fdc43a290 5665       3       org.gradle.api.internal.artifacts.repositories.resolver.AbstractResourcePattern::isOptionalToken (153 bytes)
Event: 17.981 Thread 0x0000021fdc43a290 nmethod 5665 0x0000021fc843ee10 code [0x0000021fc843f0e0, 0x0000021fc843ffb8]
Event: 17.981 Thread 0x0000021fdc43a290 5666       3       java.lang.Math::addExact (26 bytes)
Event: 17.982 Thread 0x0000021fdc43a290 nmethod 5666 0x0000021fc8440610 code [0x0000021fc84407c0, 0x0000021fc84409b8]
Event: 17.982 Thread 0x0000021fdc43a290 5667       1       org.gradle.internal.resource.ExternalResourceName::getPath (5 bytes)
Event: 17.982 Thread 0x0000021fdc43a290 nmethod 5667 0x0000021fcf843a90 code [0x0000021fcf843c20, 0x0000021fcf843ce8]
Event: 17.996 Thread 0x0000021fdc43a290 5668       2       java.util.Collections::singletonIterator (9 bytes)
Event: 17.996 Thread 0x0000021fdc43a290 nmethod 5668 0x0000021fc8440a90 code [0x0000021fc8440c20, 0x0000021fc8440db8]
Event: 17.997 Thread 0x0000021fdc43a290 5669       2       java.util.Collections$1::<init> (15 bytes)
Event: 17.997 Thread 0x0000021fdc43a290 nmethod 5669 0x0000021fc8440e90 code [0x0000021fc8441020, 0x0000021fc8441178]
Event: 18.041 Thread 0x0000021fdc43a290 5670       2       java.util.regex.Pattern::compile (537 bytes)
Event: 18.043 Thread 0x0000021fdc43a290 nmethod 5670 0x0000021fc8441210 code [0x0000021fc8441580, 0x0000021fc8442b68]
Event: 18.043 Thread 0x0000021fdc43a290 5671       3       java.util.regex.Pattern::range (294 bytes)
Event: 18.045 Thread 0x0000021fdc43a290 nmethod 5671 0x0000021fc8443210 code [0x0000021fc8443640, 0x0000021fc8444d70]
Event: 18.046 Thread 0x0000021fdc43a290 5672       2       java.util.zip.Checksum::update (11 bytes)
Event: 18.046 Thread 0x0000021fdc43a290 nmethod 5672 0x0000021fc8445610 code [0x0000021fc84457c0, 0x0000021fc8445930]
Event: 18.489 Thread 0x0000021fdc43a290 5673       3       java.util.Spliterators$EmptySpliterator::forEachRemaining (6 bytes)
Event: 18.490 Thread 0x0000021fdc43a290 nmethod 5673 0x0000021fc8445a10 code [0x0000021fc8445bc0, 0x0000021fc8445e20]

GC Heap History (20 events):
Event: 1.012 GC heap before
{Heap before GC invocations=0 (full 0):
 garbage-first heap   total 122880K, used 22528K [0x0000000080000000, 0x0000000100000000)
  region size 1024K, 23 young (23552K), 0 survivors (0K)
 Metaspace       used 1075K, committed 1216K, reserved 491520K
  class space    used 81K, committed 128K, reserved 425984K
}
Event: 1.019 GC heap after
{Heap after GC invocations=1 (full 0):
 garbage-first heap   total 122880K, used 3112K [0x0000000080000000, 0x0000000100000000)
  region size 1024K, 3 young (3072K), 3 survivors (3072K)
 Metaspace       used 1075K, committed 1216K, reserved 491520K
  class space    used 81K, committed 128K, reserved 425984K
}
Event: 2.117 GC heap before
{Heap before GC invocations=1 (full 0):
 garbage-first heap   total 122880K, used 39976K [0x0000000080000000, 0x0000000100000000)
  region size 1024K, 37 young (37888K), 3 survivors (3072K)
 Metaspace       used 4361K, committed 4544K, reserved 491520K
  class space    used 551K, committed 640K, reserved 425984K
}
Event: 2.130 GC heap after
{Heap after GC invocations=2 (full 0):
 garbage-first heap   total 122880K, used 11149K [0x0000000080000000, 0x0000000100000000)
  region size 1024K, 5 young (5120K), 5 survivors (5120K)
 Metaspace       used 4361K, committed 4544K, reserved 491520K
  class space    used 551K, committed 640K, reserved 425984K
}
Event: 3.181 GC heap before
{Heap before GC invocations=2 (full 0):
 garbage-first heap   total 122880K, used 60301K [0x0000000080000000, 0x0000000100000000)
  region size 1024K, 51 young (52224K), 5 survivors (5120K)
 Metaspace       used 5445K, committed 5696K, reserved 491520K
  class space    used 725K, committed 832K, reserved 425984K
}
Event: 3.193 GC heap after
{Heap after GC invocations=3 (full 0):
 garbage-first heap   total 122880K, used 17142K [0x0000000080000000, 0x0000000100000000)
  region size 1024K, 5 young (5120K), 5 survivors (5120K)
 Metaspace       used 5445K, committed 5696K, reserved 491520K
  class space    used 725K, committed 832K, reserved 425984K
}
Event: 5.973 GC heap before
{Heap before GC invocations=3 (full 0):
 garbage-first heap   total 122880K, used 85750K [0x0000000080000000, 0x0000000100000000)
  region size 1024K, 72 young (73728K), 5 survivors (5120K)
 Metaspace       used 18201K, committed 18752K, reserved 491520K
  class space    used 2637K, committed 2880K, reserved 425984K
}
Event: 5.985 GC heap after
{Heap after GC invocations=4 (full 0):
 garbage-first heap   total 122880K, used 23416K [0x0000000080000000, 0x0000000100000000)
  region size 1024K, 7 young (7168K), 7 survivors (7168K)
 Metaspace       used 18201K, committed 18752K, reserved 491520K
  class space    used 2637K, committed 2880K, reserved 425984K
}
Event: 6.640 GC heap before
{Heap before GC invocations=4 (full 0):
 garbage-first heap   total 122880K, used 44920K [0x0000000080000000, 0x0000000100000000)
  region size 1024K, 29 young (29696K), 7 survivors (7168K)
 Metaspace       used 20833K, committed 21504K, reserved 491520K
  class space    used 3084K, committed 3392K, reserved 425984K
}
Event: 6.649 GC heap after
{Heap after GC invocations=5 (full 0):
 garbage-first heap   total 122880K, used 25407K [0x0000000080000000, 0x0000000100000000)
  region size 1024K, 3 young (3072K), 3 survivors (3072K)
 Metaspace       used 20833K, committed 21504K, reserved 491520K
  class space    used 3084K, committed 3392K, reserved 425984K
}
Event: 8.546 GC heap before
{Heap before GC invocations=6 (full 0):
 garbage-first heap   total 89088K, used 87871K [0x0000000080000000, 0x0000000100000000)
  region size 1024K, 64 young (65536K), 3 survivors (3072K)
 Metaspace       used 28732K, committed 29952K, reserved 491520K
  class space    used 4383K, committed 4992K, reserved 425984K
}
Event: 8.553 GC heap after
{Heap after GC invocations=7 (full 0):
 garbage-first heap   total 94208K, used 28338K [0x0000000080000000, 0x0000000100000000)
  region size 1024K, 5 young (5120K), 5 survivors (5120K)
 Metaspace       used 28732K, committed 29952K, reserved 491520K
  class space    used 4383K, committed 4992K, reserved 425984K
}
Event: 10.115 GC heap before
{Heap before GC invocations=7 (full 0):
 garbage-first heap   total 94208K, used 72370K [0x0000000080000000, 0x0000000100000000)
  region size 1024K, 50 young (51200K), 5 survivors (5120K)
 Metaspace       used 34835K, committed 36096K, reserved 491520K
  class space    used 5060K, committed 5696K, reserved 425984K
}
Event: 10.125 GC heap after
{Heap after GC invocations=8 (full 0):
 garbage-first heap   total 94208K, used 32768K [0x0000000080000000, 0x0000000100000000)
  region size 1024K, 7 young (7168K), 7 survivors (7168K)
 Metaspace       used 34835K, committed 36096K, reserved 491520K
  class space    used 5060K, committed 5696K, reserved 425984K
}
Event: 10.284 GC heap before
{Heap before GC invocations=8 (full 0):
 garbage-first heap   total 94208K, used 35840K [0x0000000080000000, 0x0000000100000000)
  region size 1024K, 11 young (11264K), 7 survivors (7168K)
 Metaspace       used 35137K, committed 36416K, reserved 491520K
  class space    used 5104K, committed 5760K, reserved 425984K
}
Event: 10.292 GC heap after
{Heap after GC invocations=9 (full 0):
 garbage-first heap   total 94208K, used 34244K [0x0000000080000000, 0x0000000100000000)
  region size 1024K, 2 young (2048K), 2 survivors (2048K)
 Metaspace       used 35137K, committed 36416K, reserved 491520K
  class space    used 5104K, committed 5760K, reserved 425984K
}
Event: 11.570 GC heap before
{Heap before GC invocations=10 (full 0):
 garbage-first heap   total 94208K, used 76228K [0x0000000080000000, 0x0000000100000000)
  region size 1024K, 43 young (44032K), 2 survivors (2048K)
 Metaspace       used 37441K, committed 38912K, reserved 491520K
  class space    used 5506K, committed 6208K, reserved 425984K
}
Event: 11.574 GC heap after
{Heap after GC invocations=11 (full 0):
 garbage-first heap   total 113664K, used 36076K [0x0000000080000000, 0x0000000100000000)
  region size 1024K, 3 young (3072K), 3 survivors (3072K)
 Metaspace       used 37441K, committed 38912K, reserved 491520K
  class space    used 5506K, committed 6208K, reserved 425984K
}
Event: 14.386 GC heap before
{Heap before GC invocations=11 (full 0):
 garbage-first heap   total 113664K, used 96492K [0x0000000080000000, 0x0000000100000000)
  region size 1024K, 60 young (61440K), 3 survivors (3072K)
 Metaspace       used 45370K, committed 46976K, reserved 491520K
  class space    used 6595K, committed 7360K, reserved 425984K
}
Event: 14.392 GC heap after
{Heap after GC invocations=12 (full 0):
 garbage-first heap   total 113664K, used 38081K [0x0000000080000000, 0x0000000100000000)
  region size 1024K, 6 young (6144K), 6 survivors (6144K)
 Metaspace       used 45370K, committed 46976K, reserved 491520K
  class space    used 6595K, committed 7360K, reserved 425984K
}

Dll operation events (14 events):
Event: 0.061 Loaded shared library C:\Users\harsh\.vscode\extensions\redhat.java-1.53.0-win32-x64\jre\21.0.10-win32-x86_64\bin\java.dll
Event: 0.174 Loaded shared library C:\Users\harsh\.vscode\extensions\redhat.java-1.53.0-win32-x64\jre\21.0.10-win32-x86_64\bin\zip.dll
Event: 0.206 Loaded shared library C:\Users\harsh\.vscode\extensions\redhat.java-1.53.0-win32-x64\jre\21.0.10-win32-x86_64\bin\instrument.dll
Event: 0.214 Loaded shared library C:\Users\harsh\.vscode\extensions\redhat.java-1.53.0-win32-x64\jre\21.0.10-win32-x86_64\bin\net.dll
Event: 0.219 Loaded shared library C:\Users\harsh\.vscode\extensions\redhat.java-1.53.0-win32-x64\jre\21.0.10-win32-x86_64\bin\nio.dll
Event: 0.225 Loaded shared library C:\Users\harsh\.vscode\extensions\redhat.java-1.53.0-win32-x64\jre\21.0.10-win32-x86_64\bin\zip.dll
Event: 0.780 Loaded shared library C:\Users\harsh\.vscode\extensions\redhat.java-1.53.0-win32-x64\jre\21.0.10-win32-x86_64\bin\jimage.dll
Event: 1.171 Loaded shared library C:\Users\harsh\.vscode\extensions\redhat.java-1.53.0-win32-x64\jre\21.0.10-win32-x86_64\bin\verify.dll
Event: 1.415 Loaded shared library C:\Users\harsh\.gradle\native\c067742578af261105cb4f569cf0c3c89f3d7b1fecec35dd04571415982c5e48\windows-amd64\native-platform.dll
Event: 1.432 Loaded shared library C:\Users\harsh\.gradle\native\100fb08df4bc3b14c8652ba06237920a3bd2aa13389f12d3474272988ae205f9\windows-amd64\native-platform-file-events.dll
Event: 3.414 Loaded shared library C:\Users\harsh\.vscode\extensions\redhat.java-1.53.0-win32-x64\jre\21.0.10-win32-x86_64\bin\management.dll
Event: 3.423 Loaded shared library C:\Users\harsh\.vscode\extensions\redhat.java-1.53.0-win32-x64\jre\21.0.10-win32-x86_64\bin\management_ext.dll
Event: 3.964 Loaded shared library C:\Users\harsh\.vscode\extensions\redhat.java-1.53.0-win32-x64\jre\21.0.10-win32-x86_64\bin\extnet.dll
Event: 4.235 Loaded shared library C:\Users\harsh\.vscode\extensions\redhat.java-1.53.0-win32-x64\jre\21.0.10-win32-x86_64\bin\sunmscapi.dll

Deoptimization events (20 events):
Event: 17.055 Thread 0x0000021ffd956710 DEOPT PACKING pc=0x0000021fcf57f8a4 sp=0x000000d98bef8f90
Event: 17.055 Thread 0x0000021ffd956710 DEOPT UNPACKING pc=0x0000021fcf004422 sp=0x000000d98bef8f20 mode 2
Event: 17.138 Thread 0x0000021ffd956710 DEOPT PACKING pc=0x0000021fc7f25739 sp=0x000000d98bef96f0
Event: 17.138 Thread 0x0000021ffd956710 DEOPT UNPACKING pc=0x0000021fcf004bc2 sp=0x000000d98bef8bf0 mode 0
Event: 17.891 Thread 0x0000021ffd956710 Uncommon trap: trap_request=0xffffffc6 fr.pc=0x0000021fcf7128dc relative=0x00000000000002fc
Event: 17.891 Thread 0x0000021ffd956710 Uncommon trap: reason=bimorphic_or_optimized_type_check action=maybe_recompile pc=0x0000021fcf7128dc method=com.google.common.base.CharMatcher.indexIn(Ljava/lang/CharSequence;I)I @ 31 c2
Event: 17.891 Thread 0x0000021ffd956710 DEOPT PACKING pc=0x0000021fcf7128dc sp=0x000000d98bef9320
Event: 17.891 Thread 0x0000021ffd956710 DEOPT UNPACKING pc=0x0000021fcf004422 sp=0x000000d98bef92c8 mode 2
Event: 17.903 Thread 0x0000021ffd956710 Uncommon trap: trap_request=0xffffffc6 fr.pc=0x0000021fcf7128dc relative=0x00000000000002fc
Event: 17.903 Thread 0x0000021ffd956710 Uncommon trap: reason=bimorphic_or_optimized_type_check action=maybe_recompile pc=0x0000021fcf7128dc method=com.google.common.base.CharMatcher.indexIn(Ljava/lang/CharSequence;I)I @ 31 c2
Event: 17.903 Thread 0x0000021ffd956710 DEOPT PACKING pc=0x0000021fcf7128dc sp=0x000000d98bef9320
Event: 17.903 Thread 0x0000021ffd956710 DEOPT UNPACKING pc=0x0000021fcf004422 sp=0x000000d98bef92c8 mode 2
Event: 17.910 Thread 0x0000021ffd956710 Uncommon trap: trap_request=0xffffffc6 fr.pc=0x0000021fcf7128dc relative=0x00000000000002fc
Event: 17.910 Thread 0x0000021ffd956710 Uncommon trap: reason=bimorphic_or_optimized_type_check action=maybe_recompile pc=0x0000021fcf7128dc method=com.google.common.base.CharMatcher.indexIn(Ljava/lang/CharSequence;I)I @ 31 c2
Event: 17.910 Thread 0x0000021ffd956710 DEOPT PACKING pc=0x0000021fcf7128dc sp=0x000000d98bef9320
Event: 17.910 Thread 0x0000021ffd956710 DEOPT UNPACKING pc=0x0000021fcf004422 sp=0x000000d98bef92c8 mode 2
Event: 17.918 Thread 0x0000021ffd956710 Uncommon trap: trap_request=0xffffffc6 fr.pc=0x0000021fcf7128dc relative=0x00000000000002fc
Event: 17.918 Thread 0x0000021ffd956710 Uncommon trap: reason=bimorphic_or_optimized_type_check action=maybe_recompile pc=0x0000021fcf7128dc method=com.google.common.base.CharMatcher.indexIn(Ljava/lang/CharSequence;I)I @ 31 c2
Event: 17.918 Thread 0x0000021ffd956710 DEOPT PACKING pc=0x0000021fcf7128dc sp=0x000000d98bef9320
Event: 17.918 Thread 0x0000021ffd956710 DEOPT UNPACKING pc=0x0000021fcf004422 sp=0x000000d98bef92c8 mode 2

Classes loaded (20 events):
Event: 17.850 Loading class sun/util/logging/internal/LoggingProviderImpl$JULWrapper
Event: 17.852 Loading class sun/util/logging/PlatformLogger$ConfigurableBridge$LoggerConfiguration
Event: 17.853 Loading class sun/util/logging/PlatformLogger$ConfigurableBridge$LoggerConfiguration done
Event: 17.853 Loading class sun/util/logging/internal/LoggingProviderImpl$JULWrapper done
Event: 17.854 Loading class java/io/ObjectInputFilter$Config$BuiltinFilterFactory
Event: 17.854 Loading class java/io/ObjectInputFilter$Config$BuiltinFilterFactory done
Event: 17.854 Loading class jdk/internal/access/JavaObjectInputFilterAccess
Event: 17.854 Loading class jdk/internal/access/JavaObjectInputFilterAccess done
Event: 17.854 Loading class java/lang/System$Logger$Level
Event: 17.856 Loading class java/lang/System$Logger$Level done
Event: 17.856 Loading class jdk/internal/event/DeserializationEvent
Event: 17.860 Loading class jdk/internal/event/DeserializationEvent done
Event: 17.860 Loading class java/io/ObjectInputStream$FieldValues
Event: 17.860 Loading class java/io/ObjectInputStream$GetField
Event: 17.860 Loading class java/io/ObjectInputStream$GetField done
Event: 17.860 Loading class java/io/ObjectInputStream$FieldValues done
Event: 17.871 Loading class sun/reflect/ReflectionFactory
Event: 17.871 Loading class sun/reflect/ReflectionFactory done
Event: 17.872 Loading class sun/reflect/ReflectionFactory$1
Event: 17.872 Loading class sun/reflect/ReflectionFactory$1 done

Classes unloaded (0 events):
No events

Classes redefined (0 events):
No events

Internal exceptions (20 events):
Event: 14.805 Thread 0x0000021ffd956710 Exception <a 'sun/nio/fs/WindowsException'{0x00000000868a35a8}> (0x00000000868a35a8) 
thrown [s\src\hotspot\share\prims\jni.cpp, line 520]
Event: 14.977 Thread 0x0000021ffd956710 Exception <a 'sun/nio/fs/WindowsException'{0x00000000866f47e0}> (0x00000000866f47e0) 
thrown [s\src\hotspot\share\prims\jni.cpp, line 520]
Event: 15.136 Thread 0x0000021ffd956710 Exception <a 'java/lang/NoSuchMethodError'{0x0000000086341028}: 'int java.lang.invoke.DirectMethodHandle$Holder.invokeInterface(java.lang.Object, java.lang.Object, java.lang.Object, java.lang.Object, java.lang.Object)'> (0x0000000086341028) 
thrown [s\src\hotspot\share\interpreter\linkResolver.cpp, line 773]
Event: 15.647 Thread 0x0000021ffd956710 Exception <a 'java/lang/NoSuchMethodError'{0x0000000085b32868}: 'void java.lang.invoke.DirectMethodHandle$Holder.invokeStatic(java.lang.Object, java.lang.Object, java.lang.Object, java.lang.Object, java.lang.Object, java.lang.Object, java.lang.Object)'> (0x0000000085b32868) 
thrown [s\src\hotspot\share\interpreter\linkResolver.cpp, line 773]
Event: 15.785 Thread 0x0000021ffd956710 Implicit null exception at 0x0000021fcf646d24 to 0x0000021fcf647754
Event: 16.982 Thread 0x0000021ffd956710 Exception <a 'java/lang/NoSuchMethodError'{0x0000000084514680}: 'long java.lang.invoke.DirectMethodHandle$Holder.invokeStatic(java.lang.Object, long)'> (0x0000000084514680) 
thrown [s\src\hotspot\share\interpreter\linkResolver.cpp, line 773]
Event: 17.108 Thread 0x0000021ffd956710 Exception <a 'java/lang/NoSuchMethodError'{0x00000000843c6c40}: 'java.lang.Object java.lang.invoke.DirectMethodHandle$Holder.invokeInterface(java.lang.Object, java.lang.Object, int)'> (0x00000000843c6c40) 
thrown [s\src\hotspot\share\interpreter\linkResolver.cpp, line 773]
Event: 17.255 Thread 0x0000021ffd956710 Exception <a 'java/lang/NoSuchMethodError'{0x000000008415bb20}: 'java.lang.Object java.lang.invoke.DirectMethodHandle$Holder.invokeVirtual(java.lang.Object, java.lang.Object, java.lang.Object, java.lang.Object, java.lang.Object, java.lang.Object, java.lang.Object, java.lang.Object, java.lang.Object, java.lang.Object, java.lang.Object, java.lang.Object, java.lang.Object, java.lang.Object, java.lang.Object, java.lang.Object, java.lang.Object)'> (0x000000008415bb20) 
thrown [s\src\hotspot\share\interpreter\li
Event: 17.256 Thread 0x0000021ffd956710 Exception <a 'java/lang/NoSuchMethodError'{0x0000000084161b28}: 'java.lang.Object java.lang.invoke.DirectMethodHandle$Holder.invokeSpecial(java.lang.Object, java.lang.Object, java.lang.Object, java.lang.Object, java.lang.Object, java.lang.Object, java.lang.Object, java.lang.Object, java.lang.Object, java.lang.Object, java.lang.Object, java.lang.Object, java.lang.Object, java.lang.Object, java.lang.Object, java.lang.Object, java.lang.Object, java.lang.Object)'> (0x0000000084161b28) 
thrown [s\src\hotspot\sh
Event: 17.256 Thread 0x0000021ffd956710 Exception <a 'java/lang/NoSuchMethodError'{0x0000000084167080}: 'java.lang.Object java.lang.invoke.DelegatingMethodHandle$Holder.reinvoke_L(java.lang.Object, java.lang.Object, java.lang.Object, java.lang.Object, java.lang.Object, java.lang.Object, java.lang.Object, java.lang.Object, java.lang.Object, java.lang.Object, java.lang.Object, java.lang.Object, java.lang.Object, java.lang.Object, java.lang.Object, java.lang.Object, java.lang.Object)'> (0x0000000084167080) 
thrown [s\src\hotspot\share\interpreter\l
Event: 17.783 Thread 0x0000021ffd956710 Exception <a 'java/lang/NoSuchMethodError'{0x0000000083b8ef98}: static Lorg/gradle/api/internal/catalog/DefaultVersionCatalog;.<clinit>()V> (0x0000000083b8ef98) 
thrown [s\src\hotspot\share\prims\jni.cpp, line 1111]
Event: 17.797 Thread 0x0000021ffd956710 Exception <a 'java/lang/NoSuchMethodError'{0x0000000083bc0d90}: 'long java.lang.invoke.DirectMethodHandle$Holder.invokeSpecial(java.lang.Object, java.lang.Object)'> (0x0000000083bc0d90) 
thrown [s\src\hotspot\share\interpreter\linkResolver.cpp, line 773]
Event: 17.797 Thread 0x0000021ffd956710 Exception <a 'java/lang/NoSuchMethodError'{0x0000000083bc4f68}: 'long java.lang.invoke.Invokers$Holder.invokeExact_MT(java.lang.Object, java.lang.Object)'> (0x0000000083bc4f68) 
thrown [s\src\hotspot\share\interpreter\linkResolver.cpp, line 773]
Event: 17.805 Thread 0x0000021ffd956710 Exception <a 'java/lang/NoSuchMethodError'{0x0000000083beb328}: static [Ljava/lang/Object;.<clinit>()V> (0x0000000083beb328) 
thrown [s\src\hotspot\share\prims\jni.cpp, line 1111]
Event: 17.811 Thread 0x0000021ffd956710 Exception <a 'java/lang/NoSuchMethodError'{0x0000000083a233f0}: static Lorg/gradle/api/internal/catalog/DependencyModel;.<clinit>()V> (0x0000000083a233f0) 
thrown [s\src\hotspot\share\prims\jni.cpp, line 1111]
Event: 17.812 Thread 0x0000021ffd956710 Exception <a 'java/lang/NoSuchMethodError'{0x0000000083a27870}: static Lorg/gradle/api/internal/catalog/AbstractContextAwareModel;.<clinit>()V> (0x0000000083a27870) 
thrown [s\src\hotspot\share\prims\jni.cpp, line 1111]
Event: 17.814 Thread 0x0000021ffd956710 Exception <a 'java/lang/NoSuchMethodError'{0x0000000083a40950}: static Lorg/gradle/api/internal/artifacts/dependencies/AbstractVersionConstraint;.<clinit>()V> (0x0000000083a40950) 
thrown [s\src\hotspot\share\prims\jni.cpp, line 1111]
Event: 17.826 Thread 0x0000021ffd956710 Exception <a 'java/lang/NoSuchMethodError'{0x0000000083aa0378}: static Lorg/gradle/api/internal/catalog/PluginModel;.<clinit>()V> (0x0000000083aa0378) 
thrown [s\src\hotspot\share\prims\jni.cpp, line 1111]
Event: 17.828 Thread 0x0000021ffd956710 Exception <a 'java/lang/NoSuchMethodError'{0x0000000083ab8a90}: static Lorg/gradle/api/internal/catalog/VersionModel;.<clinit>()V> (0x0000000083ab8a90) 
thrown [s\src\hotspot\share\prims\jni.cpp, line 1111]
Event: 17.837 Thread 0x0000021ffd956710 Exception <a 'java/lang/NoSuchMethodError'{0x0000000083adaf38}: 'void java.lang.invoke.DirectMethodHandle$Holder.invokeSpecial(java.lang.Object, java.lang.Object, java.lang.Object, int)'> (0x0000000083adaf38) 
thrown [s\src\hotspot\share\interpreter\linkResolver.cpp, line 773]

ZGC Phase Switch (0 events):
No events

VM Operations (20 events):
Event: 12.687 Executing safepoint VM operation: Cleanup done
Event: 12.811 Executing non-safepoint VM operation: HandshakeAllThreads (Deoptimize)
Event: 12.811 Executing non-safepoint VM operation: HandshakeAllThreads (Deoptimize) done
Event: 13.818 Executing safepoint VM operation: Cleanup
Event: 13.818 Executing safepoint VM operation: Cleanup done
Event: 14.386 Executing safepoint VM operation: G1CollectForAllocation (G1 Evacuation Pause)
Event: 14.393 Executing safepoint VM operation: G1CollectForAllocation (G1 Evacuation Pause) done
Event: 15.405 Executing safepoint VM operation: Cleanup
Event: 15.406 Executing safepoint VM operation: Cleanup done
Event: 15.945 Executing safepoint VM operation: ICBufferFull
Event: 15.945 Executing safepoint VM operation: ICBufferFull done
Event: 16.186 Executing non-safepoint VM operation: HandshakeAllThreads (Deoptimize)
Event: 16.187 Executing non-safepoint VM operation: HandshakeAllThreads (Deoptimize) done
Event: 17.191 Executing safepoint VM operation: Cleanup
Event: 17.209 Executing safepoint VM operation: Cleanup done
Event: 17.792 Executing non-safepoint VM operation: HandshakeAllThreads (Deoptimize)
Event: 17.793 Executing non-safepoint VM operation: HandshakeAllThreads (Deoptimize) done
Event: 17.877 Executing non-safepoint VM operation: HandshakeAllThreads (Deoptimize)
Event: 17.877 Executing non-safepoint VM operation: HandshakeAllThreads (Deoptimize) done
Event: 18.885 Executing safepoint VM operation: Cleanup

Memory protections (0 events):
No events

Nmethod flushes (20 events):
Event: 10.322 Thread 0x0000021fdc4026d0 flushing  nmethod 0x0000021fc7bd5210
Event: 10.322 Thread 0x0000021fdc4026d0 flushing  nmethod 0x0000021fc7bd6190
Event: 10.322 Thread 0x0000021fdc4026d0 flushing  nmethod 0x0000021fc7bd6810
Event: 10.322 Thread 0x0000021fdc4026d0 flushing  nmethod 0x0000021fc7bd8810
Event: 10.322 Thread 0x0000021fdc4026d0 flushing  nmethod 0x0000021fc7bd9e10
Event: 10.322 Thread 0x0000021fdc4026d0 flushing  nmethod 0x0000021fc7be2d10
Event: 10.322 Thread 0x0000021fdc4026d0 flushing  nmethod 0x0000021fc7be3c10
Event: 10.322 Thread 0x0000021fdc4026d0 flushing  nmethod 0x0000021fc7be4010
Event: 10.322 Thread 0x0000021fdc4026d0 flushing  nmethod 0x0000021fc7c06e10
Event: 10.322 Thread 0x0000021fdc4026d0 flushing  nmethod 0x0000021fc7c07a10
Event: 10.322 Thread 0x0000021fdc4026d0 flushing  nmethod 0x0000021fc7c08a10
Event: 10.322 Thread 0x0000021fdc4026d0 flushing  nmethod 0x0000021fc7c09790
Event: 10.322 Thread 0x0000021fdc4026d0 flushing  nmethod 0x0000021fc7c09c10
Event: 10.322 Thread 0x0000021fdc4026d0 flushing  nmethod 0x0000021fc7cb4d10
Event: 10.322 Thread 0x0000021fdc4026d0 flushing  nmethod 0x0000021fc7cdee90
Event: 10.322 Thread 0x0000021fdc4026d0 flushing  nmethod 0x0000021fc7cdf610
Event: 10.322 Thread 0x0000021fdc4026d0 flushing  nmethod 0x0000021fc7ce1f10
Event: 10.322 Thread 0x0000021fdc4026d0 flushing  nmethod 0x0000021fc7d55290
Event: 10.322 Thread 0x0000021fdc4026d0 flushing  nmethod 0x0000021fc7d58f90
Event: 10.322 Thread 0x0000021fdc4026d0 flushing  nmethod 0x0000021fc7ee4210

Events (20 events):
Event: 4.347 Thread 0x0000021ffd97ffc0 Thread added: 0x0000021ffd9639d0
Event: 4.357 Thread 0x0000021ffd97ffc0 Thread added: 0x0000021ffd956710
Event: 4.374 Thread 0x0000021ffd956710 Thread added: 0x0000021ffd9559f0
Event: 4.380 Thread 0x0000021ffd956710 Thread added: 0x0000021ffd955360
Event: 4.383 Thread 0x0000021ffd956710 Thread added: 0x0000021ffd957430
Event: 5.034 Thread 0x0000021ffd956710 Thread added: 0x0000021ffd953fb0
Event: 5.050 Thread 0x0000021ffd956710 Thread added: 0x0000021ffd954cd0
Event: 5.222 Thread 0x0000021ffd956710 Thread added: 0x0000021ffd956080
Event: 5.528 Thread 0x0000021fdc43a290 Thread added: 0x0000021ffe07e910
Event: 5.564 Thread 0x0000021fdc43a290 Thread added: 0x0000021ffda3e4a0
Event: 6.219 Thread 0x0000021ffd956710 Thread added: 0x0000021ffd954640
Event: 6.711 Thread 0x0000021ffd956710 Thread added: 0x0000021ffe349750
Event: 6.743 Thread 0x0000021ffd956710 Thread added: 0x0000021ffe349de0
Event: 7.156 Thread 0x0000021ffd956710 Thread added: 0x0000021ffe346960
Event: 7.167 Thread 0x0000021ffd956710 Thread added: 0x0000021ffe3483a0
Event: 7.853 Thread 0x0000021ffd956710 Thread added: 0x0000021ffe348a30
Event: 8.233 Thread 0x0000021ffd956710 Thread added: 0x0000021ffe3490c0
Event: 8.417 Thread 0x0000021ffd956710 Thread added: 0x0000021ffe346ff0
Event: 8.802 Thread 0x0000021ffda3e4a0 Thread exited: 0x0000021ffda3e4a0
Event: 9.113 Thread 0x0000021ffe07e910 Thread exited: 0x0000021ffe07e910


Dynamic libraries:
0x00007ff6f7030000 - 0x00007ff6f703e000 	C:\Users\harsh\.vscode\extensions\redhat.java-1.53.0-win32-x64\jre\21.0.10-win32-x86_64\bin\java.exe
0x00007ffe44ea0000 - 0x00007ffe45107000 	C:\WINDOWS\SYSTEM32\ntdll.dll
0x00007ffe43900000 - 0x00007ffe439c9000 	C:\WINDOWS\System32\KERNEL32.DLL
0x00007ffe419f0000 - 0x00007ffe41de4000 	C:\WINDOWS\System32\KERNELBASE.dll
0x00007ffe418a0000 - 0x00007ffe419eb000 	C:\WINDOWS\System32\ucrtbase.dll
0x00007ffe0fe90000 - 0x00007ffe0feae000 	C:\Users\harsh\.vscode\extensions\redhat.java-1.53.0-win32-x64\jre\21.0.10-win32-x86_64\bin\VCRUNTIME140.dll
0x00007ffe11a80000 - 0x00007ffe11a98000 	C:\Users\harsh\.vscode\extensions\redhat.java-1.53.0-win32-x64\jre\21.0.10-win32-x86_64\bin\jli.dll
0x00007ffe44c90000 - 0x00007ffe44e55000 	C:\WINDOWS\System32\USER32.dll
0x00007ffe42ac0000 - 0x00007ffe42ae7000 	C:\WINDOWS\System32\win32u.dll
0x00007ffe2e4b0000 - 0x00007ffe2e743000 	C:\WINDOWS\WinSxS\amd64_microsoft.windows.common-controls_6595b64144ccf1df_6.0.26100.8115_none_3e075c82e3354f9c\COMCTL32.dll
0x00007ffe449a0000 - 0x00007ffe449cb000 	C:\WINDOWS\System32\GDI32.dll
0x00007ffe42dd0000 - 0x00007ffe42e79000 	C:\WINDOWS\System32\msvcrt.dll
0x00007ffe41770000 - 0x00007ffe4189a000 	C:\WINDOWS\System32\gdi32full.dll
0x00007ffe41eb0000 - 0x00007ffe41f53000 	C:\WINDOWS\System32\msvcp_win.dll
0x00007ffe43bd0000 - 0x00007ffe43c02000 	C:\WINDOWS\System32\IMM32.DLL
0x00007ffe28710000 - 0x00007ffe2871c000 	C:\Users\harsh\.vscode\extensions\redhat.java-1.53.0-win32-x64\jre\21.0.10-win32-x86_64\bin\vcruntime140_1.dll
0x00007ffdbc080000 - 0x00007ffdbc10d000 	C:\Users\harsh\.vscode\extensions\redhat.java-1.53.0-win32-x64\jre\21.0.10-win32-x86_64\bin\msvcp140.dll
0x00007ffd8f480000 - 0x00007ffd90221000 	C:\Users\harsh\.vscode\extensions\redhat.java-1.53.0-win32-x64\jre\21.0.10-win32-x86_64\bin\server\jvm.dll
0x00007ffe42c80000 - 0x00007ffe42d36000 	C:\WINDOWS\System32\ADVAPI32.dll
0x00007ffe43ab0000 - 0x00007ffe43b57000 	C:\WINDOWS\System32\sechost.dll
0x00007ffe449d0000 - 0x00007ffe44ae8000 	C:\WINDOWS\System32\RPCRT4.dll
0x00007ffe42d40000 - 0x00007ffe42dc0000 	C:\WINDOWS\System32\WS2_32.dll
0x00007ffe415d0000 - 0x00007ffe4162e000 	C:\WINDOWS\SYSTEM32\POWRPROF.dll
0x00007ffe3baa0000 - 0x00007ffe3baab000 	C:\WINDOWS\SYSTEM32\VERSION.dll
0x00007ffe3ba60000 - 0x00007ffe3ba96000 	C:\WINDOWS\SYSTEM32\WINMM.dll
0x00007ffe415b0000 - 0x00007ffe415c4000 	C:\WINDOWS\SYSTEM32\UMPDC.dll
0x00007ffe40500000 - 0x00007ffe4051b000 	C:\WINDOWS\SYSTEM32\kernel.appcore.dll
0x00007ffe1d4e0000 - 0x00007ffe1d4ea000 	C:\Users\harsh\.vscode\extensions\redhat.java-1.53.0-win32-x64\jre\21.0.10-win32-x86_64\bin\jimage.dll
0x00007ffe3f2f0000 - 0x00007ffe3f532000 	C:\WINDOWS\SYSTEM32\DBGHELP.DLL
0x00007ffe44610000 - 0x00007ffe44992000 	C:\WINDOWS\System32\combase.dll
0x00007ffe439d0000 - 0x00007ffe43aa7000 	C:\WINDOWS\System32\OLEAUT32.dll
0x00007ffe2b600000 - 0x00007ffe2b63b000 	C:\WINDOWS\SYSTEM32\dbgcore.DLL
0x00007ffe42b80000 - 0x00007ffe42c25000 	C:\WINDOWS\System32\bcryptPrimitives.dll
0x00007ffdff070000 - 0x00007ffdff07f000 	C:\Users\harsh\.vscode\extensions\redhat.java-1.53.0-win32-x64\jre\21.0.10-win32-x86_64\bin\instrument.dll
0x00007ffdff7a0000 - 0x00007ffdff7c0000 	C:\Users\harsh\.vscode\extensions\redhat.java-1.53.0-win32-x64\jre\21.0.10-win32-x86_64\bin\java.dll
0x00007ffe42eb0000 - 0x00007ffe43616000 	C:\WINDOWS\System32\SHELL32.dll
0x00007ffe420e0000 - 0x00007ffe4224a000 	C:\WINDOWS\System32\wintypes.dll
0x00007ffe42250000 - 0x00007ffe42ab5000 	C:\WINDOWS\System32\windows.storage.dll
0x00007ffe43d30000 - 0x00007ffe43e27000 	C:\WINDOWS\System32\SHCORE.dll
0x00007ffe43b60000 - 0x00007ffe43bc6000 	C:\WINDOWS\System32\shlwapi.dll
0x00007ffe41690000 - 0x00007ffe416b9000 	C:\WINDOWS\SYSTEM32\profapi.dll
0x00007ffdf9560000 - 0x00007ffdf9578000 	C:\Users\harsh\.vscode\extensions\redhat.java-1.53.0-win32-x64\jre\21.0.10-win32-x86_64\bin\zip.dll
0x00007ffe13960000 - 0x00007ffe13970000 	C:\Users\harsh\.vscode\extensions\redhat.java-1.53.0-win32-x64\jre\21.0.10-win32-x86_64\bin\net.dll
0x00007ffe395a0000 - 0x00007ffe396cd000 	C:\WINDOWS\SYSTEM32\WINHTTP.dll
0x00007ffe40a70000 - 0x00007ffe40adc000 	C:\WINDOWS\system32\mswsock.dll
0x00007ffdf4880000 - 0x00007ffdf4896000 	C:\Users\harsh\.vscode\extensions\redhat.java-1.53.0-win32-x64\jre\21.0.10-win32-x86_64\bin\nio.dll
0x00007ffe14550000 - 0x00007ffe14560000 	C:\Users\harsh\.vscode\extensions\redhat.java-1.53.0-win32-x64\jre\21.0.10-win32-x86_64\bin\verify.dll
0x00007ffe14520000 - 0x00007ffe14547000 	C:\Users\harsh\.gradle\native\c067742578af261105cb4f569cf0c3c89f3d7b1fecec35dd04571415982c5e48\windows-amd64\native-platform.dll
0x00007ffd982f0000 - 0x00007ffd98434000 	C:\Users\harsh\.gradle\native\100fb08df4bc3b14c8652ba06237920a3bd2aa13389f12d3474272988ae205f9\windows-amd64\native-platform-file-events.dll
0x00007ffdeee00000 - 0x00007ffdeee0a000 	C:\Users\harsh\.vscode\extensions\redhat.java-1.53.0-win32-x64\jre\21.0.10-win32-x86_64\bin\management.dll
0x00007ffddf770000 - 0x00007ffddf77c000 	C:\Users\harsh\.vscode\extensions\redhat.java-1.53.0-win32-x64\jre\21.0.10-win32-x86_64\bin\management_ext.dll
0x00007ffe43780000 - 0x00007ffe43788000 	C:\WINDOWS\System32\PSAPI.DLL
0x00007ffe40d50000 - 0x00007ffe40d6b000 	C:\WINDOWS\SYSTEM32\CRYPTSP.dll
0x00007ffe40460000 - 0x00007ffe40499000 	C:\WINDOWS\system32\rsaenh.dll
0x00007ffe40b20000 - 0x00007ffe40b53000 	C:\WINDOWS\SYSTEM32\USERENV.dll
0x00007ffe41660000 - 0x00007ffe4168a000 	C:\WINDOWS\SYSTEM32\bcrypt.dll
0x00007ffe40d70000 - 0x00007ffe40d7c000 	C:\WINDOWS\SYSTEM32\CRYPTBASE.dll
0x00007ffe3ff70000 - 0x00007ffe3ffa2000 	C:\WINDOWS\SYSTEM32\IPHLPAPI.DLL
0x00007ffe43c10000 - 0x00007ffe43c1a000 	C:\WINDOWS\System32\NSI.dll
0x00007ffddf2d0000 - 0x00007ffddf2d9000 	C:\Users\harsh\.vscode\extensions\redhat.java-1.53.0-win32-x64\jre\21.0.10-win32-x86_64\bin\extnet.dll
0x00007ffddf520000 - 0x00007ffddf52e000 	C:\Users\harsh\.vscode\extensions\redhat.java-1.53.0-win32-x64\jre\21.0.10-win32-x86_64\bin\sunmscapi.dll
0x00007ffe41f60000 - 0x00007ffe420d7000 	C:\WINDOWS\System32\CRYPT32.dll
0x00007ffe40f70000 - 0x00007ffe40fa0000 	C:\WINDOWS\SYSTEM32\ncrypt.dll
0x00007ffe40f20000 - 0x00007ffe40f5f000 	C:\WINDOWS\SYSTEM32\NTASN1.dll
0x00007ffe1c970000 - 0x00007ffe1c978000 	C:\WINDOWS\system32\wshunix.dll

JVMTI agents:
C:\Users\harsh\.gradle\wrapper\dists\gradle-8.11.1-bin\bpt9gzteqjrbo1mjrsomdt32c\gradle-8.11.1\lib\agents\gradle-instrumentation-agent-8.11.1.jar path:C:\Users\harsh\.vscode\extensions\redhat.java-1.53.0-win32-x64\jre\21.0.10-win32-x86_64\bin\instrument.dll, loaded, initialized, instrumentlib options:none

dbghelp: loaded successfully - version: 4.0.5 - missing functions: none
symbol engine: initialized successfully - sym options: 0x614 - pdb path: .;C:\Users\harsh\.vscode\extensions\redhat.java-1.53.0-win32-x64\jre\21.0.10-win32-x86_64\bin;C:\WINDOWS\SYSTEM32;C:\WINDOWS\WinSxS\amd64_microsoft.windows.common-controls_6595b64144ccf1df_6.0.26100.8115_none_3e075c82e3354f9c;C:\Users\harsh\.vscode\extensions\redhat.java-1.53.0-win32-x64\jre\21.0.10-win32-x86_64\bin\server;C:\Users\harsh\.gradle\native\c067742578af261105cb4f569cf0c3c89f3d7b1fecec35dd04571415982c5e48\windows-amd64;C:\Users\harsh\.gradle\native\100fb08df4bc3b14c8652ba06237920a3bd2aa13389f12d3474272988ae205f9\windows-amd64

VM Arguments:
jvm_args: --add-opens=java.base/java.lang=ALL-UNNAMED --add-opens=java.base/java.lang.invoke=ALL-UNNAMED --add-opens=java.base/java.util=ALL-UNNAMED --add-opens=java.prefs/java.util.prefs=ALL-UNNAMED --add-exports=jdk.compiler/com.sun.tools.javac.api=ALL-UNNAMED --add-exports=jdk.compiler/com.sun.tools.javac.util=ALL-UNNAMED --add-opens=java.base/java.util=ALL-UNNAMED --add-opens=java.prefs/java.util.prefs=ALL-UNNAMED --add-opens=java.base/java.nio.charset=ALL-UNNAMED --add-opens=java.base/java.net=ALL-UNNAMED --add-opens=java.base/java.util.concurrent.atomic=ALL-UNNAMED --add-opens=java.xml/javax.xml.namespace=ALL-UNNAMED -XX:MaxMetaspaceSize=512m -XX:+UseG1GC -Xmx2048m -Dfile.encoding=UTF-8 -Duser.country=IN -Duser.language=en -Duser.variant -javaagent:C:\Users\harsh\.gradle\wrapper\dists\gradle-8.11.1-bin\bpt9gzteqjrbo1mjrsomdt32c\gradle-8.11.1\lib\agents\gradle-instrumentation-agent-8.11.1.jar 
java_command: org.gradle.launcher.daemon.bootstrap.GradleDaemon 8.11.1
java_class_path (initial): C:\Users\harsh\.gradle\wrapper\dists\gradle-8.11.1-bin\bpt9gzteqjrbo1mjrsomdt32c\gradle-8.11.1\lib\gradle-daemon-main-8.11.1.jar
Launcher Type: SUN_STANDARD

[Global flags]
     intx CICompilerCount                          = 4                                         {product} {ergonomic}
   size_t CompressedClassSpaceSize                 = 436207616                                 {product} {ergonomic}
     uint ConcGCThreads                            = 3                                         {product} {ergonomic}
     uint G1ConcRefinementThreads                  = 10                                        {product} {ergonomic}
   size_t G1HeapRegionSize                         = 1048576                                   {product} {ergonomic}
    uintx GCDrainStackTargetSize                   = 64                                        {product} {ergonomic}
   size_t InitialHeapSize                          = 125829120                                 {product} {ergonomic}
   size_t MarkStackSize                            = 4194304                                   {product} {ergonomic}
   size_t MaxHeapSize                              = 2147483648                                {product} {command line}
   size_t MaxMetaspaceSize                         = 536870912                                 {product} {command line}
   size_t MaxNewSize                               = 1287651328                                {product} {ergonomic}
   size_t MinHeapDeltaBytes                        = 1048576                                   {product} {ergonomic}
   size_t MinHeapSize                              = 8388608                                   {product} {ergonomic}
    uintx NonNMethodCodeHeapSize                   = 5839372                                {pd product} {ergonomic}
    uintx NonProfiledCodeHeapSize                  = 122909434                              {pd product} {ergonomic}
    uintx ProfiledCodeHeapSize                     = 122909434                              {pd product} {ergonomic}
    uintx ReservedCodeCacheSize                    = 251658240                              {pd product} {ergonomic}
     bool SegmentedCodeCache                       = true                                      {product} {ergonomic}
   size_t SoftMaxHeapSize                          = 2147483648                             {manageable} {ergonomic}
     bool UseCompressedOops                        = true                           {product lp64_product} {ergonomic}
     bool UseG1GC                                  = true                                      {product} {command line}
     bool UseLargePagesIndividualAllocation        = false                                  {pd product} {ergonomic}

Logging:
Log output configuration:
 #0: stdout all=warning uptime,level,tags foldmultilines=false
 #1: stderr all=off uptime,level,tags foldmultilines=false

Release file:
JAVA_VERSION="21.0.10" 
MODULES="java.base java.compiler java.datatransfer java.xml java.prefs java.desktop java.instrument java.logging java.management java.security.sasl java.naming java.rmi java.management.rmi java.net.http java.scripting java.security.jgss java.transaction.xa java.sql java.sql.rowset java.xml.crypto java.se java.smartcardio jdk.accessibility jdk.internal.jvmstat jdk.attach jdk.charsets jdk.internal.opt jdk.zipfs jdk.compiler jdk.crypto.ec jdk.crypto.cryptoki jdk.crypto.mscapi jdk.dynalink jdk.internal.ed jdk.editpad jdk.hotspot.agent jdk.httpserver jdk.internal.le jdk.internal.vm.ci jdk.internal.vm.compiler jdk.internal.vm.compiler.management jdk.jartool jdk.javadoc jdk.jcmd jdk.management jdk.management.agent jdk.jconsole jdk.jdeps jdk.jdwp.agent jdk.jdi jdk.jfr jdk.jshell jdk.jsobject jdk.jstatd jdk.localedata jdk.management.jfr jdk.naming.dns jdk.naming.rmi jdk.net jdk.nio.mapmode jdk.random jdk.sctp jdk.security.auth jdk.security.jgss jdk.unsupported jdk.unsupported.desktop jdk.xml.dom" 

Environment Variables:
JAVA_HOME=C:\Program Files\Java\jdk-21
PATH=C:\Users\harsh\AppData\Local\Programs\Microsoft VS Code;C:\Program Files\Eclipse Adoptium\jdk-11.0.29.7-hotspot\bin;C:\Program Files\Python313\Scripts\;C:\Program Files\Python313\;C:\Program Files\Common Files\Oracle\Java\javapath;C:\WINDOWS\system32;C:\WINDOWS;C:\WINDOWS\System32\Wbem;C:\WINDOWS\System32\WindowsPowerShell\v1.0\;C:\WINDOWS\System32\OpenSSH\;C:\Program Files\Java\jdk-21\bin;C:\Program Files\nodejs\;C:\Program Files\Git\cmd;C:\Program Files\Docker\Docker\resources\bin;C:\Program Files\Go\bin;C:\flutter_windows_3.32.8-stable\flutter\bin\;C:\platform-tools;C:\Program Files\MySQL\MySQL Shell 8.0\bin\;C:\Users\harsh\AppData\Local\Microsoft\WindowsApps;C:\MinGW\bin;C:\Users\harsh\AppData\Roaming\npm;C:\Program Files\MongoDB\Server\7.0\bin;C:\Users\harsh\AppData\Local\GitHubDesktop\bin;C:\Users\harsh\AppData\Local\Programs\Microsoft VS Code\bin;C:\Users\harsh\AppData\Local\Microsoft\WindowsApps\python.exe;C:\users\harsh\appdata\roaming\python\python313\site-packages\git_filter_repo.py;C:\Users\harsh\AppData\Local\Programs\cursor\resources\app\bin;C:\Users\harsh\flutter_windows_3.32.6-stable\flutter\bin;C:\Program Files\MongoDB\Server\7.0\bin;C:\Users\harsh\go\bin;C:\Users\harsh\AppData\Local\Programs\Antigravity\bin
USERNAME=harsh
OS=Windows_NT
PROCESSOR_IDENTIFIER=AMD64 Family 25 Model 80 Stepping 0, AuthenticAMD
TMP=C:\Users\harsh\AppData\Local\Temp
TEMP=C:\Users\harsh\AppData\Local\Temp




Periodic native trim disabled

---------------  S Y S T E M  ---------------

OS:
 Windows 11 , 64 bit Build 26100 (10.0.26100.8115)
OS uptime: 1 days 16:49 hours
Hyper-V role detected

CPU: total 12 (initial active 12) (12 cores per cpu, 2 threads per core) family 25 model 80 stepping 0 microcode 0xa50000d, cx8, cmov, fxsr, ht, mmx, 3dnowpref, sse, sse2, sse3, ssse3, sse4a, sse4.1, sse4.2, popcnt, lzcnt, tsc, tscinvbit, avx, avx2, aes, erms, clmul, bmi1, bmi2, adx, sha, fma, vzeroupper, clflush, clflushopt, hv, rdtscp, rdpid, fsrm, f16c, cet_ss
Processor Information for processor 0
  Max Mhz: 3301, Current Mhz: 1908, Mhz Limit: 3301
Processor Information for processor 1
  Max Mhz: 3301, Current Mhz: 1908, Mhz Limit: 3301
Processor Information for processor 2
  Max Mhz: 3301, Current Mhz: 1908, Mhz Limit: 3301
Processor Information for processor 3
  Max Mhz: 3301, Current Mhz: 1908, Mhz Limit: 3301
Processor Information for processor 4
  Max Mhz: 3301, Current Mhz: 1908, Mhz Limit: 3301
Processor Information for processor 5
  Max Mhz: 3301, Current Mhz: 1908, Mhz Limit: 3301
Processor Information for processor 6
  Max Mhz: 3301, Current Mhz: 1908, Mhz Limit: 3301
Processor Information for processor 7
  Max Mhz: 3301, Current Mhz: 1908, Mhz Limit: 3301
Processor Information for processor 8
  Max Mhz: 3301, Current Mhz: 1805, Mhz Limit: 3301
Processor Information for processor 9
  Max Mhz: 3301, Current Mhz: 1805, Mhz Limit: 3301
Processor Information for processor 10
  Max Mhz: 3301, Current Mhz: 1805, Mhz Limit: 3301
Processor Information for processor 11
  Max Mhz: 3301, Current Mhz: 1805, Mhz Limit: 3301

Memory: 4k page, system-wide physical 7581M (747M free)
TotalPageFile size 31133M (AvailPageFile size 1M)
current process WorkingSet (physical memory assigned to process): 229M, peak: 285M
current process commit charge ("private bytes"): 337M, peak: 342M

vm_info: OpenJDK 64-Bit Server VM (21.0.10+7-LTS) for windows-amd64 JRE (21.0.10+7-LTS), built on 2026-01-20T00:00:00Z by "admin" with MS VC++ 17.12 (VS2022)

END.
