#
# There is insufficient memory for the Java Runtime Environment to continue.
# Native memory allocation (malloc) failed to allocate 1068016 bytes. Error detail: Chunk::new
# Possible reasons:
#   The system is out of physical RAM or swap space
#   This process is running with CompressedOops enabled, and the Java Heap may be blocking the growth of the native heap
# Possible solutions:
#   Reduce memory load on the system
#   Increase physical memory or swap space
#   Check if swap backing store is full
#   Decrease Java heap size (-Xmx/-Xms)
#   Decrease number of Java threads
#   Decrease Java thread stack sizes (-Xss)
#   Set larger code cache with -XX:ReservedCodeCacheSize=
#   JVM is running with Unscaled Compressed Oops mode in which the Java heap is
#     placed in the first 4GB address space. The Java Heap base address is the
#     maximum limit for the native heap growth. Please use -XX:HeapBaseMinAddress
#     to set the Java Heap base and to place the Java Heap above 4GB virtual address.
# This output file may be truncated or incomplete.
#
#  Out of Memory Error (arena.cpp:168), pid=17124, tid=20144
#
# JRE version: OpenJDK Runtime Environment Temurin-21.0.10+7 (21.0.10+7) (build 21.0.10+7-LTS)
# Java VM: OpenJDK 64-Bit Server VM Temurin-21.0.10+7 (21.0.10+7-LTS, mixed mode, sharing, tiered, compressed oops, compressed class ptrs, g1 gc, windows-amd64)
# No core dump will be written. Minidumps are not enabled by default on client versions of Windows
#

---------------  S U M M A R Y ------------

Command Line: --add-opens=java.base/java.lang=ALL-UNNAMED --add-opens=java.base/java.lang.invoke=ALL-UNNAMED --add-opens=java.base/java.util=ALL-UNNAMED --add-opens=java.prefs/java.util.prefs=ALL-UNNAMED --add-exports=jdk.compiler/com.sun.tools.javac.api=ALL-UNNAMED --add-exports=jdk.compiler/com.sun.tools.javac.util=ALL-UNNAMED --add-opens=java.base/java.util=ALL-UNNAMED --add-opens=java.prefs/java.util.prefs=ALL-UNNAMED --add-opens=java.base/java.nio.charset=ALL-UNNAMED --add-opens=java.base/java.net=ALL-UNNAMED --add-opens=java.base/java.util.concurrent.atomic=ALL-UNNAMED --add-opens=java.xml/javax.xml.namespace=ALL-UNNAMED -Xmx2048m -Dfile.encoding=UTF-8 -Duser.country=IN -Duser.language=en -Duser.variant -javaagent:C:\Users\harsh\.gradle\wrapper\dists\gradle-8.11.1-bin\bpt9gzteqjrbo1mjrsomdt32c\gradle-8.11.1\lib\agents\gradle-instrumentation-agent-8.11.1.jar org.gradle.launcher.daemon.bootstrap.GradleDaemon 8.11.1

Host: AMD Ryzen 5 5600H with Radeon Graphics         , 12 cores, 7G,  Windows 11 , 64 bit Build 26100 (10.0.26100.7920)
Time: Fri Mar  6 01:16:34 2026 India Standard Time elapsed time: 6.373229 seconds (0d 0h 0m 6s)

---------------  T H R E A D  ---------------

Current thread (0x000001affc3e7510):  JavaThread "C2 CompilerThread1" daemon [_thread_in_native, id=20144, stack(0x0000001aca200000,0x0000001aca300000) (1024K)]


Current CompileTask:
C2:6373 2821   !   4       java.net.URLClassLoader::findClass (47 bytes)

Stack: [0x0000001aca200000,0x0000001aca300000]
Native frames: (J=compiled Java code, j=interpreted, Vv=VM code, C=native code)
V  [jvm.dll+0x6d7a39]
V  [jvm.dll+0x8b4b26]
V  [jvm.dll+0x8b70de]
V  [jvm.dll+0x8b77c3]
V  [jvm.dll+0x284346]
V  [jvm.dll+0xc66ed]
V  [jvm.dll+0xc6c31]
V  [jvm.dll+0x2fb29e]
V  [jvm.dll+0x5fe884]
V  [jvm.dll+0x255b17]
V  [jvm.dll+0x255edd]
V  [jvm.dll+0x24e500]
V  [jvm.dll+0x24ba42]
V  [jvm.dll+0x1cb34e]
V  [jvm.dll+0x25b85d]
V  [jvm.dll+0x259dea]
V  [jvm.dll+0x3f857e]
V  [jvm.dll+0x85f59d]
V  [jvm.dll+0x6d626d]
C  [ucrtbase.dll+0x37b0]
C  [KERNEL32.DLL+0x2e8d7]
C  [ntdll.dll+0x8c48c]


---------------  P R O C E S S  ---------------

Threads class SMR info:
_java_thread_list=0x000001affbf53b20, length=25, elements={
0x000001af9d751010, 0x000001afb53224f0, 0x000001afb5325160, 0x000001afb532cda0,
0x000001afb532d800, 0x000001afb532e870, 0x000001afb53312e0, 0x000001afb53449f0,
0x000001afb53474a0, 0x000001afb54edd10, 0x000001afb5611c30, 0x000001affb54f800,
0x000001affbe65a60, 0x000001affbde21d0, 0x000001affc01c240, 0x000001affc01d260,
0x000001affc05c570, 0x000001affc0828e0, 0x000001affc085040, 0x000001affc0856d0,
0x000001affc082f70, 0x000001affc0849b0, 0x000001affc083600, 0x000001affc082250,
0x000001affc3e7510
}

Java Threads: ( => current thread )
  0x000001af9d751010 JavaThread "main"                              [_thread_blocked, id=30092, stack(0x0000001ac7e00000,0x0000001ac7f00000) (1024K)]
  0x000001afb53224f0 JavaThread "Reference Handler"          daemon [_thread_blocked, id=28856, stack(0x0000001ac8600000,0x0000001ac8700000) (1024K)]
  0x000001afb5325160 JavaThread "Finalizer"                  daemon [_thread_blocked, id=15836, stack(0x0000001ac8700000,0x0000001ac8800000) (1024K)]
  0x000001afb532cda0 JavaThread "Signal Dispatcher"          daemon [_thread_blocked, id=29976, stack(0x0000001ac8800000,0x0000001ac8900000) (1024K)]
  0x000001afb532d800 JavaThread "Attach Listener"            daemon [_thread_blocked, id=14300, stack(0x0000001ac8900000,0x0000001ac8a00000) (1024K)]
  0x000001afb532e870 JavaThread "Service Thread"             daemon [_thread_blocked, id=22508, stack(0x0000001ac8a00000,0x0000001ac8b00000) (1024K)]
  0x000001afb53312e0 JavaThread "Monitor Deflation Thread"   daemon [_thread_blocked, id=12756, stack(0x0000001ac8b00000,0x0000001ac8c00000) (1024K)]
  0x000001afb53449f0 JavaThread "C2 CompilerThread0"         daemon [_thread_in_native, id=23260, stack(0x0000001ac8c00000,0x0000001ac8d00000) (1024K)]
  0x000001afb53474a0 JavaThread "C1 CompilerThread0"         daemon [_thread_in_native, id=3776, stack(0x0000001ac8d00000,0x0000001ac8e00000) (1024K)]
  0x000001afb54edd10 JavaThread "Common-Cleaner"             daemon [_thread_blocked, id=17128, stack(0x0000001ac8e00000,0x0000001ac8f00000) (1024K)]
  0x000001afb5611c30 JavaThread "Notification Thread"        daemon [_thread_blocked, id=29700, stack(0x0000001ac8f00000,0x0000001ac9000000) (1024K)]
  0x000001affb54f800 JavaThread "Daemon health stats"               [_thread_blocked, id=4332, stack(0x0000001ac9600000,0x0000001ac9700000) (1024K)]
  0x000001affbe65a60 JavaThread "Incoming local TCP Connector on port 64333"        [_thread_in_native, id=10304, stack(0x0000001ac9700000,0x0000001ac9800000) (1024K)]
  0x000001affbde21d0 JavaThread "Daemon periodic checks"            [_thread_blocked, id=30896, stack(0x0000001ac9800000,0x0000001ac9900000) (1024K)]
  0x000001affc01c240 JavaThread "Daemon"                            [_thread_blocked, id=7660, stack(0x0000001ac9500000,0x0000001ac9600000) (1024K)]
  0x000001affc01d260 JavaThread "Handler for socket connection from /127.0.0.1:64333 to /127.0.0.1:64334"        [_thread_in_native, id=31684, stack(0x0000001ac9900000,0x0000001ac9a00000) (1024K)]
  0x000001affc05c570 JavaThread "Cancel handler"                    [_thread_blocked, id=27316, stack(0x0000001ac9a00000,0x0000001ac9b00000) (1024K)]
  0x000001affc0828e0 JavaThread "Daemon worker"                     [_thread_in_vm, id=31312, stack(0x0000001ac9b00000,0x0000001ac9c00000) (1024K)]
  0x000001affc085040 JavaThread "Asynchronous log dispatcher for DefaultDaemonConnection: socket connection from /127.0.0.1:64333 to /127.0.0.1:64334"        [_thread_blocked, id=15644, stack(0x0000001ac9c00000,0x0000001ac9d00000) (1024K)]
  0x000001affc0856d0 JavaThread "Stdin handler"                     [_thread_blocked, id=27780, stack(0x0000001ac9d00000,0x0000001ac9e00000) (1024K)]
  0x000001affc082f70 JavaThread "Daemon client event forwarder"        [_thread_blocked, id=29076, stack(0x0000001ac9e00000,0x0000001ac9f00000) (1024K)]
  0x000001affc0849b0 JavaThread "Cache worker for journal cache (C:\Users\harsh\.gradle\caches\journal-1)"        [_thread_blocked, id=29944, stack(0x0000001ac9f00000,0x0000001aca000000) (1024K)]
  0x000001affc083600 JavaThread "File lock request listener"        [_thread_in_native, id=29296, stack(0x0000001aca000000,0x0000001aca100000) (1024K)]
  0x000001affc082250 JavaThread "Cache worker for file hash cache (C:\Users\harsh\.gradle\caches\8.11.1\fileHashes)"        [_thread_blocked, id=13240, stack(0x0000001aca100000,0x0000001aca200000) (1024K)]
=>0x000001affc3e7510 JavaThread "C2 CompilerThread1"         daemon [_thread_in_native, id=20144, stack(0x0000001aca200000,0x0000001aca300000) (1024K)]
Total: 25

Other Threads:
  0x000001afb5304f70 VMThread "VM Thread"                           [id=2168, stack(0x0000001ac8500000,0x0000001ac8600000) (1024K)]
  0x000001afb52eed70 WatcherThread "VM Periodic Task Thread"        [id=14984, stack(0x0000001ac8400000,0x0000001ac8500000) (1024K)]
  0x000001af9d7a7f20 WorkerThread "GC Thread#0"                     [id=4604, stack(0x0000001ac7f00000,0x0000001ac8000000) (1024K)]
  0x000001afb5b3fb00 WorkerThread "GC Thread#1"                     [id=15664, stack(0x0000001ac9200000,0x0000001ac9300000) (1024K)]
  0x000001afb59d45b0 WorkerThread "GC Thread#2"                     [id=28212, stack(0x0000001ac9300000,0x0000001ac9400000) (1024K)]
  0x000001affb3e0df0 WorkerThread "GC Thread#3"                     [id=15660, stack(0x0000001ac9100000,0x0000001ac9200000) (1024K)]
  0x000001affb08eb30 WorkerThread "GC Thread#4"                     [id=29952, stack(0x0000001ac9400000,0x0000001ac9500000) (1024K)]
  0x000001affbd5e210 WorkerThread "GC Thread#5"                     [id=16408, stack(0x0000001ac9000000,0x0000001ac9100000) (1024K)]
  0x000001af9d7b9790 ConcurrentGCThread "G1 Main Marker"            [id=5688, stack(0x0000001ac8000000,0x0000001ac8100000) (1024K)]
  0x000001af9d7bc680 WorkerThread "G1 Conc#0"                       [id=28744, stack(0x0000001ac8100000,0x0000001ac8200000) (1024K)]
  0x000001afb51bccc0 ConcurrentGCThread "G1 Refine#0"               [id=10032, stack(0x0000001ac8200000,0x0000001ac8300000) (1024K)]
  0x000001afb51bd650 ConcurrentGCThread "G1 Service"                [id=27688, stack(0x0000001ac8300000,0x0000001ac8400000) (1024K)]
Total: 12

Threads with active compile tasks:
C2 CompilerThread0  7420 2680   !   4       java.lang.ClassLoader::loadClass (121 bytes)
C1 CompilerThread0  7420 2899   !   3       java.lang.invoke.LambdaFormEditor::putInCache (523 bytes)
C2 CompilerThread1  7420 2821   !   4       java.net.URLClassLoader::findClass (47 bytes)
Total: 3

VM state: not at safepoint (normal execution)

VM Mutex/Monitor currently owned by a thread:  ([mutex/lock_event])
[0x00007ffb0c09d060] MethodCompileQueue_lock - owner thread: 0x000001afb53474a0
[0x00007ffb0c09e460] CodeCache_lock - owner thread: 0x000001afb53474a0
[0x00007ffb0c09e5e0] Compile_lock - owner thread: 0x000001afb53474a0

Heap address: 0x0000000080000000, size: 2048 MB, Compressed Oops mode: 32-bit

CDS archive(s) mapped at: [0x000001afb6000000-0x000001afb6ba0000-0x000001afb6ba0000), size 12189696, SharedBaseAddress: 0x000001afb6000000, ArchiveRelocationMode: 1.
Compressed class space mapped at: 0x000001afb7000000-0x000001aff7000000, reserved size: 1073741824
Narrow klass base: 0x000001afb6000000, Narrow klass shift: 0, Narrow klass range: 0x100000000

GC Precious Log:
 CardTable entry size: 512
 Card Set container configuration: InlinePtr #cards 5 size 8 Array Of Cards #cards 12 size 40 Howl #buckets 4 coarsen threshold 1843 Howl Bitmap #cards 512 size 80 coarsen threshold 460 Card regions per heap region 1 cards per card region 2048
 CPUs: 12 total, 12 available
 Memory: 7581M
 Large Page Support: Disabled
 NUMA Support: Disabled
 Compressed Oops: Enabled (32-bit)
 Heap Region Size: 1M
 Heap Min Capacity: 8M
 Heap Initial Capacity: 120M
 Heap Max Capacity: 2G
 Pre-touch: Disabled
 Parallel Workers: 10
 Concurrent Workers: 3
 Concurrent Refinement Workers: 10
 Periodic GC: Disabled

Heap:
 garbage-first heap   total 122880K, used 83295K [0x0000000080000000, 0x0000000100000000)
  region size 1024K, 72 young (73728K), 5 survivors (5120K)
 Metaspace       used 18109K, committed 18688K, reserved 1114112K
  class space    used 2621K, committed 2880K, reserved 1048576K

Heap Regions: E=young(eden), S=young(survivor), O=old, HS=humongous(starts), HC=humongous(continues), CS=collection set, F=free, TAMS=top-at-mark-start, PB=parsable bottom
|   0|0x0000000080000000, 0x0000000080100000, 0x0000000080100000|100%| O|  |TAMS 0x0000000080000000| PB 0x0000000080000000| Untracked 
|   1|0x0000000080100000, 0x0000000080200000, 0x0000000080200000|100%|HS|  |TAMS 0x0000000080100000| PB 0x0000000080100000| Complete 
|   2|0x0000000080200000, 0x0000000080300000, 0x0000000080300000|100%|HC|  |TAMS 0x0000000080200000| PB 0x0000000080200000| Complete 
|   3|0x0000000080300000, 0x0000000080400000, 0x0000000080400000|100%|HC|  |TAMS 0x0000000080300000| PB 0x0000000080300000| Complete 
|   4|0x0000000080400000, 0x0000000080500000, 0x0000000080500000|100%| O|  |TAMS 0x0000000080400000| PB 0x0000000080400000| Untracked 
|   5|0x0000000080500000, 0x0000000080600000, 0x0000000080600000|100%| O|  |TAMS 0x0000000080500000| PB 0x0000000080500000| Untracked 
|   6|0x0000000080600000, 0x0000000080700000, 0x0000000080700000|100%|HS|  |TAMS 0x0000000080600000| PB 0x0000000080600000| Complete 
|   7|0x0000000080700000, 0x0000000080700000, 0x0000000080800000|  0%| F|  |TAMS 0x0000000080700000| PB 0x0000000080700000| Untracked 
|   8|0x0000000080800000, 0x0000000080900000, 0x0000000080900000|100%| O|  |TAMS 0x0000000080800000| PB 0x0000000080800000| Untracked 
|   9|0x0000000080900000, 0x0000000080a00000, 0x0000000080a00000|100%| O|  |TAMS 0x0000000080900000| PB 0x0000000080900000| Untracked 
|  10|0x0000000080a00000, 0x0000000080b00000, 0x0000000080b00000|100%| O|  |TAMS 0x0000000080a00000| PB 0x0000000080a00000| Untracked 
|  11|0x0000000080b00000, 0x0000000080c00000, 0x0000000080c00000|100%| O|  |TAMS 0x0000000080b00000| PB 0x0000000080b00000| Untracked 
|  12|0x0000000080c00000, 0x0000000080c57c60, 0x0000000080d00000| 34%| O|  |TAMS 0x0000000080c00000| PB 0x0000000080c00000| Untracked 
|  13|0x0000000080d00000, 0x0000000080d00000, 0x0000000080e00000|  0%| F|  |TAMS 0x0000000080d00000| PB 0x0000000080d00000| Untracked 
|  14|0x0000000080e00000, 0x0000000080e00000, 0x0000000080f00000|  0%| F|  |TAMS 0x0000000080e00000| PB 0x0000000080e00000| Untracked 
|  15|0x0000000080f00000, 0x0000000080f00000, 0x0000000081000000|  0%| F|  |TAMS 0x0000000080f00000| PB 0x0000000080f00000| Untracked 
|  16|0x0000000081000000, 0x0000000081000000, 0x0000000081100000|  0%| F|  |TAMS 0x0000000081000000| PB 0x0000000081000000| Untracked 
|  17|0x0000000081100000, 0x0000000081100000, 0x0000000081200000|  0%| F|  |TAMS 0x0000000081100000| PB 0x0000000081100000| Untracked 
|  18|0x0000000081200000, 0x0000000081200000, 0x0000000081300000|  0%| F|  |TAMS 0x0000000081200000| PB 0x0000000081200000| Untracked 
|  19|0x0000000081300000, 0x0000000081300000, 0x0000000081400000|  0%| F|  |TAMS 0x0000000081300000| PB 0x0000000081300000| Untracked 
|  20|0x0000000081400000, 0x0000000081400000, 0x0000000081500000|  0%| F|  |TAMS 0x0000000081400000| PB 0x0000000081400000| Untracked 
|  21|0x0000000081500000, 0x0000000081500000, 0x0000000081600000|  0%| F|  |TAMS 0x0000000081500000| PB 0x0000000081500000| Untracked 
|  22|0x0000000081600000, 0x0000000081600000, 0x0000000081700000|  0%| F|  |TAMS 0x0000000081600000| PB 0x0000000081600000| Untracked 
|  23|0x0000000081700000, 0x0000000081700000, 0x0000000081800000|  0%| F|  |TAMS 0x0000000081700000| PB 0x0000000081700000| Untracked 
|  24|0x0000000081800000, 0x0000000081800000, 0x0000000081900000|  0%| F|  |TAMS 0x0000000081800000| PB 0x0000000081800000| Untracked 
|  25|0x0000000081900000, 0x0000000081900000, 0x0000000081a00000|  0%| F|  |TAMS 0x0000000081900000| PB 0x0000000081900000| Untracked 
|  26|0x0000000081a00000, 0x0000000081a00000, 0x0000000081b00000|  0%| F|  |TAMS 0x0000000081a00000| PB 0x0000000081a00000| Untracked 
|  27|0x0000000081b00000, 0x0000000081b00000, 0x0000000081c00000|  0%| F|  |TAMS 0x0000000081b00000| PB 0x0000000081b00000| Untracked 
|  28|0x0000000081c00000, 0x0000000081c00000, 0x0000000081d00000|  0%| F|  |TAMS 0x0000000081c00000| PB 0x0000000081c00000| Untracked 
|  29|0x0000000081d00000, 0x0000000081d00000, 0x0000000081e00000|  0%| F|  |TAMS 0x0000000081d00000| PB 0x0000000081d00000| Untracked 
|  30|0x0000000081e00000, 0x0000000081e00000, 0x0000000081f00000|  0%| F|  |TAMS 0x0000000081e00000| PB 0x0000000081e00000| Untracked 
|  31|0x0000000081f00000, 0x0000000081f00000, 0x0000000082000000|  0%| F|  |TAMS 0x0000000081f00000| PB 0x0000000081f00000| Untracked 
|  32|0x0000000082000000, 0x0000000082000000, 0x0000000082100000|  0%| F|  |TAMS 0x0000000082000000| PB 0x0000000082000000| Untracked 
|  33|0x0000000082100000, 0x0000000082100000, 0x0000000082200000|  0%| F|  |TAMS 0x0000000082100000| PB 0x0000000082100000| Untracked 
|  34|0x0000000082200000, 0x0000000082200000, 0x0000000082300000|  0%| F|  |TAMS 0x0000000082200000| PB 0x0000000082200000| Untracked 
|  35|0x0000000082300000, 0x0000000082300000, 0x0000000082400000|  0%| F|  |TAMS 0x0000000082300000| PB 0x0000000082300000| Untracked 
|  36|0x0000000082400000, 0x0000000082400000, 0x0000000082500000|  0%| F|  |TAMS 0x0000000082400000| PB 0x0000000082400000| Untracked 
|  37|0x0000000082500000, 0x0000000082500000, 0x0000000082600000|  0%| F|  |TAMS 0x0000000082500000| PB 0x0000000082500000| Untracked 
|  38|0x0000000082600000, 0x0000000082600000, 0x0000000082700000|  0%| F|  |TAMS 0x0000000082600000| PB 0x0000000082600000| Untracked 
|  39|0x0000000082700000, 0x0000000082700000, 0x0000000082800000|  0%| F|  |TAMS 0x0000000082700000| PB 0x0000000082700000| Untracked 
|  40|0x0000000082800000, 0x0000000082800000, 0x0000000082900000|  0%| F|  |TAMS 0x0000000082800000| PB 0x0000000082800000| Untracked 
|  41|0x0000000082900000, 0x0000000082900000, 0x0000000082a00000|  0%| F|  |TAMS 0x0000000082900000| PB 0x0000000082900000| Untracked 
|  42|0x0000000082a00000, 0x0000000082a00000, 0x0000000082b00000|  0%| F|  |TAMS 0x0000000082a00000| PB 0x0000000082a00000| Untracked 
|  43|0x0000000082b00000, 0x0000000082b00000, 0x0000000082c00000|  0%| F|  |TAMS 0x0000000082b00000| PB 0x0000000082b00000| Untracked 
|  44|0x0000000082c00000, 0x0000000082c00000, 0x0000000082d00000|  0%| F|  |TAMS 0x0000000082c00000| PB 0x0000000082c00000| Untracked 
|  45|0x0000000082d00000, 0x0000000082d00000, 0x0000000082e00000|  0%| F|  |TAMS 0x0000000082d00000| PB 0x0000000082d00000| Untracked 
|  46|0x0000000082e00000, 0x0000000082e00000, 0x0000000082f00000|  0%| F|  |TAMS 0x0000000082e00000| PB 0x0000000082e00000| Untracked 
|  47|0x0000000082f00000, 0x0000000082f00000, 0x0000000083000000|  0%| F|  |TAMS 0x0000000082f00000| PB 0x0000000082f00000| Untracked 
|  48|0x0000000083000000, 0x00000000830725c0, 0x0000000083100000| 44%| E|  |TAMS 0x0000000083000000| PB 0x0000000083000000| Complete 
|  49|0x0000000083100000, 0x0000000083200000, 0x0000000083200000|100%| E|CS|TAMS 0x0000000083100000| PB 0x0000000083100000| Complete 
|  50|0x0000000083200000, 0x0000000083300000, 0x0000000083300000|100%| E|CS|TAMS 0x0000000083200000| PB 0x0000000083200000| Complete 
|  51|0x0000000083300000, 0x0000000083400000, 0x0000000083400000|100%| E|CS|TAMS 0x0000000083300000| PB 0x0000000083300000| Complete 
|  52|0x0000000083400000, 0x0000000083500000, 0x0000000083500000|100%| E|CS|TAMS 0x0000000083400000| PB 0x0000000083400000| Complete 
|  53|0x0000000083500000, 0x0000000083600000, 0x0000000083600000|100%| E|CS|TAMS 0x0000000083500000| PB 0x0000000083500000| Complete 
|  54|0x0000000083600000, 0x0000000083700000, 0x0000000083700000|100%| E|CS|TAMS 0x0000000083600000| PB 0x0000000083600000| Complete 
|  55|0x0000000083700000, 0x0000000083800000, 0x0000000083800000|100%| E|CS|TAMS 0x0000000083700000| PB 0x0000000083700000| Complete 
|  56|0x0000000083800000, 0x0000000083900000, 0x0000000083900000|100%| E|CS|TAMS 0x0000000083800000| PB 0x0000000083800000| Complete 
|  57|0x0000000083900000, 0x0000000083a00000, 0x0000000083a00000|100%| E|CS|TAMS 0x0000000083900000| PB 0x0000000083900000| Complete 
|  58|0x0000000083a00000, 0x0000000083b00000, 0x0000000083b00000|100%| E|CS|TAMS 0x0000000083a00000| PB 0x0000000083a00000| Complete 
|  59|0x0000000083b00000, 0x0000000083c00000, 0x0000000083c00000|100%| E|CS|TAMS 0x0000000083b00000| PB 0x0000000083b00000| Complete 
|  60|0x0000000083c00000, 0x0000000083d00000, 0x0000000083d00000|100%| E|CS|TAMS 0x0000000083c00000| PB 0x0000000083c00000| Complete 
|  61|0x0000000083d00000, 0x0000000083e00000, 0x0000000083e00000|100%| E|CS|TAMS 0x0000000083d00000| PB 0x0000000083d00000| Complete 
|  62|0x0000000083e00000, 0x0000000083f00000, 0x0000000083f00000|100%| E|CS|TAMS 0x0000000083e00000| PB 0x0000000083e00000| Complete 
|  63|0x0000000083f00000, 0x0000000084000000, 0x0000000084000000|100%| E|CS|TAMS 0x0000000083f00000| PB 0x0000000083f00000| Complete 
|  64|0x0000000084000000, 0x0000000084100000, 0x0000000084100000|100%| S|CS|TAMS 0x0000000084000000| PB 0x0000000084000000| Complete 
|  65|0x0000000084100000, 0x0000000084200000, 0x0000000084200000|100%| S|CS|TAMS 0x0000000084100000| PB 0x0000000084100000| Complete 
|  66|0x0000000084200000, 0x0000000084300000, 0x0000000084300000|100%| S|CS|TAMS 0x0000000084200000| PB 0x0000000084200000| Complete 
|  67|0x0000000084300000, 0x0000000084400000, 0x0000000084400000|100%| S|CS|TAMS 0x0000000084300000| PB 0x0000000084300000| Complete 
|  68|0x0000000084400000, 0x0000000084500000, 0x0000000084500000|100%| S|CS|TAMS 0x0000000084400000| PB 0x0000000084400000| Complete 
|  69|0x0000000084500000, 0x0000000084600000, 0x0000000084600000|100%| E|CS|TAMS 0x0000000084500000| PB 0x0000000084500000| Complete 
|  70|0x0000000084600000, 0x0000000084700000, 0x0000000084700000|100%| E|CS|TAMS 0x0000000084600000| PB 0x0000000084600000| Complete 
|  71|0x0000000084700000, 0x0000000084800000, 0x0000000084800000|100%| E|CS|TAMS 0x0000000084700000| PB 0x0000000084700000| Complete 
|  72|0x0000000084800000, 0x0000000084900000, 0x0000000084900000|100%| E|CS|TAMS 0x0000000084800000| PB 0x0000000084800000| Complete 
|  73|0x0000000084900000, 0x0000000084a00000, 0x0000000084a00000|100%| E|CS|TAMS 0x0000000084900000| PB 0x0000000084900000| Complete 
|  74|0x0000000084a00000, 0x0000000084b00000, 0x0000000084b00000|100%| E|CS|TAMS 0x0000000084a00000| PB 0x0000000084a00000| Complete 
|  75|0x0000000084b00000, 0x0000000084c00000, 0x0000000084c00000|100%| E|CS|TAMS 0x0000000084b00000| PB 0x0000000084b00000| Complete 
|  76|0x0000000084c00000, 0x0000000084d00000, 0x0000000084d00000|100%| E|CS|TAMS 0x0000000084c00000| PB 0x0000000084c00000| Complete 
|  77|0x0000000084d00000, 0x0000000084e00000, 0x0000000084e00000|100%| E|CS|TAMS 0x0000000084d00000| PB 0x0000000084d00000| Complete 
|  78|0x0000000084e00000, 0x0000000084f00000, 0x0000000084f00000|100%| E|CS|TAMS 0x0000000084e00000| PB 0x0000000084e00000| Complete 
|  79|0x0000000084f00000, 0x0000000085000000, 0x0000000085000000|100%| E|CS|TAMS 0x0000000084f00000| PB 0x0000000084f00000| Complete 
|  80|0x0000000085000000, 0x0000000085100000, 0x0000000085100000|100%| E|CS|TAMS 0x0000000085000000| PB 0x0000000085000000| Complete 
|  81|0x0000000085100000, 0x0000000085200000, 0x0000000085200000|100%| E|CS|TAMS 0x0000000085100000| PB 0x0000000085100000| Complete 
|  82|0x0000000085200000, 0x0000000085300000, 0x0000000085300000|100%| E|CS|TAMS 0x0000000085200000| PB 0x0000000085200000| Complete 
|  83|0x0000000085300000, 0x0000000085400000, 0x0000000085400000|100%| E|CS|TAMS 0x0000000085300000| PB 0x0000000085300000| Complete 
|  84|0x0000000085400000, 0x0000000085500000, 0x0000000085500000|100%| E|CS|TAMS 0x0000000085400000| PB 0x0000000085400000| Complete 
|  85|0x0000000085500000, 0x0000000085600000, 0x0000000085600000|100%| E|CS|TAMS 0x0000000085500000| PB 0x0000000085500000| Complete 
|  86|0x0000000085600000, 0x0000000085700000, 0x0000000085700000|100%| E|CS|TAMS 0x0000000085600000| PB 0x0000000085600000| Complete 
|  87|0x0000000085700000, 0x0000000085800000, 0x0000000085800000|100%| E|CS|TAMS 0x0000000085700000| PB 0x0000000085700000| Complete 
|  88|0x0000000085800000, 0x0000000085900000, 0x0000000085900000|100%| E|CS|TAMS 0x0000000085800000| PB 0x0000000085800000| Complete 
|  89|0x0000000085900000, 0x0000000085a00000, 0x0000000085a00000|100%| E|CS|TAMS 0x0000000085900000| PB 0x0000000085900000| Complete 
|  90|0x0000000085a00000, 0x0000000085b00000, 0x0000000085b00000|100%| E|  |TAMS 0x0000000085a00000| PB 0x0000000085a00000| Complete 
|  91|0x0000000085b00000, 0x0000000085c00000, 0x0000000085c00000|100%| E|CS|TAMS 0x0000000085b00000| PB 0x0000000085b00000| Complete 
|  92|0x0000000085c00000, 0x0000000085d00000, 0x0000000085d00000|100%| E|CS|TAMS 0x0000000085c00000| PB 0x0000000085c00000| Complete 
|  93|0x0000000085d00000, 0x0000000085e00000, 0x0000000085e00000|100%| E|CS|TAMS 0x0000000085d00000| PB 0x0000000085d00000| Complete 
|  94|0x0000000085e00000, 0x0000000085f00000, 0x0000000085f00000|100%| E|CS|TAMS 0x0000000085e00000| PB 0x0000000085e00000| Complete 
|  95|0x0000000085f00000, 0x0000000086000000, 0x0000000086000000|100%| E|CS|TAMS 0x0000000085f00000| PB 0x0000000085f00000| Complete 
|  96|0x0000000086000000, 0x0000000086100000, 0x0000000086100000|100%| E|CS|TAMS 0x0000000086000000| PB 0x0000000086000000| Complete 
|  97|0x0000000086100000, 0x0000000086200000, 0x0000000086200000|100%| E|CS|TAMS 0x0000000086100000| PB 0x0000000086100000| Complete 
|  98|0x0000000086200000, 0x0000000086300000, 0x0000000086300000|100%| E|CS|TAMS 0x0000000086200000| PB 0x0000000086200000| Complete 
|  99|0x0000000086300000, 0x0000000086400000, 0x0000000086400000|100%| E|CS|TAMS 0x0000000086300000| PB 0x0000000086300000| Complete 
| 100|0x0000000086400000, 0x0000000086500000, 0x0000000086500000|100%| E|CS|TAMS 0x0000000086400000| PB 0x0000000086400000| Complete 
| 101|0x0000000086500000, 0x0000000086600000, 0x0000000086600000|100%| E|CS|TAMS 0x0000000086500000| PB 0x0000000086500000| Complete 
| 102|0x0000000086600000, 0x0000000086700000, 0x0000000086700000|100%| E|CS|TAMS 0x0000000086600000| PB 0x0000000086600000| Complete 
| 103|0x0000000086700000, 0x0000000086800000, 0x0000000086800000|100%| E|CS|TAMS 0x0000000086700000| PB 0x0000000086700000| Complete 
| 104|0x0000000086800000, 0x0000000086900000, 0x0000000086900000|100%| E|CS|TAMS 0x0000000086800000| PB 0x0000000086800000| Complete 
| 105|0x0000000086900000, 0x0000000086a00000, 0x0000000086a00000|100%| E|CS|TAMS 0x0000000086900000| PB 0x0000000086900000| Complete 
| 106|0x0000000086a00000, 0x0000000086b00000, 0x0000000086b00000|100%| E|CS|TAMS 0x0000000086a00000| PB 0x0000000086a00000| Complete 
| 107|0x0000000086b00000, 0x0000000086c00000, 0x0000000086c00000|100%| E|CS|TAMS 0x0000000086b00000| PB 0x0000000086b00000| Complete 
| 108|0x0000000086c00000, 0x0000000086d00000, 0x0000000086d00000|100%| E|CS|TAMS 0x0000000086c00000| PB 0x0000000086c00000| Complete 
| 109|0x0000000086d00000, 0x0000000086e00000, 0x0000000086e00000|100%| E|CS|TAMS 0x0000000086d00000| PB 0x0000000086d00000| Complete 
| 110|0x0000000086e00000, 0x0000000086f00000, 0x0000000086f00000|100%| E|CS|TAMS 0x0000000086e00000| PB 0x0000000086e00000| Complete 
| 111|0x0000000086f00000, 0x0000000087000000, 0x0000000087000000|100%| E|CS|TAMS 0x0000000086f00000| PB 0x0000000086f00000| Complete 
| 112|0x0000000087000000, 0x0000000087100000, 0x0000000087100000|100%| E|CS|TAMS 0x0000000087000000| PB 0x0000000087000000| Complete 
| 113|0x0000000087100000, 0x0000000087200000, 0x0000000087200000|100%| E|CS|TAMS 0x0000000087100000| PB 0x0000000087100000| Complete 
| 114|0x0000000087200000, 0x0000000087300000, 0x0000000087300000|100%| E|CS|TAMS 0x0000000087200000| PB 0x0000000087200000| Complete 
| 115|0x0000000087300000, 0x0000000087400000, 0x0000000087400000|100%| E|CS|TAMS 0x0000000087300000| PB 0x0000000087300000| Complete 
| 116|0x0000000087400000, 0x0000000087500000, 0x0000000087500000|100%| E|CS|TAMS 0x0000000087400000| PB 0x0000000087400000| Complete 
| 117|0x0000000087500000, 0x0000000087600000, 0x0000000087600000|100%| E|CS|TAMS 0x0000000087500000| PB 0x0000000087500000| Complete 
| 118|0x0000000087600000, 0x0000000087700000, 0x0000000087700000|100%| E|CS|TAMS 0x0000000087600000| PB 0x0000000087600000| Complete 
| 119|0x0000000087700000, 0x0000000087800000, 0x0000000087800000|100%| E|CS|TAMS 0x0000000087700000| PB 0x0000000087700000| Complete 

Card table byte_map: [0x000001afb02b0000,0x000001afb06b0000] _byte_map_base: 0x000001afafeb0000

Marking Bits: (CMBitMap*) 0x000001af9d7a8540
 Bits: [0x000001afb06b0000, 0x000001afb26b0000)

Polling page: 0x000001af9cf10000

Metaspace:

Usage:
  Non-class:     15.16 MB used.
      Class:      2.56 MB used.
       Both:     17.72 MB used.

Virtual space:
  Non-class space:       64.00 MB reserved,      15.44 MB ( 24%) committed,  1 nodes.
      Class space:        1.00 GB reserved,       2.81 MB ( <1%) committed,  1 nodes.
             Both:        1.06 GB reserved,      18.25 MB (  2%) committed. 

Chunk freelists:
   Non-Class:  15.69 MB
       Class:  13.21 MB
        Both:  28.90 MB

MaxMetaspaceSize: unlimited
CompressedClassSpaceSize: 1.00 GB
Initial GC threshold: 21.00 MB
Current GC threshold: 21.00 MB
CDS: on
 - commit_granule_bytes: 65536.
 - commit_granule_words: 8192.
 - virtual_space_node_default_size: 8388608.
 - enlarge_chunks_in_place: 1.
 - use_allocation_guard: 0.


Internal statistics:

num_allocs_failed_limit: 0.
num_arena_births: 812.
num_arena_deaths: 0.
num_vsnodes_births: 2.
num_vsnodes_deaths: 0.
num_space_committed: 292.
num_space_uncommitted: 0.
num_chunks_returned_to_freelist: 0.
num_chunks_taken_from_freelist: 1502.
num_chunk_merges: 0.
num_chunk_splits: 977.
num_chunks_enlarged: 650.
num_inconsistent_stats: 0.

CodeHeap 'non-profiled nmethods': size=120000Kb used=1314Kb max_used=1314Kb free=118685Kb
 bounds [0x000001afa8420000, 0x000001afa8690000, 0x000001afaf950000]
CodeHeap 'profiled nmethods': size=120000Kb used=5817Kb max_used=5817Kb free=114182Kb
 bounds [0x000001afa0950000, 0x000001afa0f00000, 0x000001afa7e80000]
CodeHeap 'non-nmethods': size=5760Kb used=1418Kb max_used=1431Kb free=4341Kb
 bounds [0x000001afa7e80000, 0x000001afa80f0000, 0x000001afa8420000]
CodeCache: size=245760Kb, used=8549Kb, max_used=8562Kb, free=237208Kb
 total_blobs=3465, nmethods=2892, adapters=477, full_count=0
Compilation: enabled, stopped_count=0, restarted_count=0

Compilation events (20 events):
Event: 5.330 Thread 0x000001afb53474a0 2859       3       java.lang.invoke.LambdaFormBuffer::setNames (22 bytes)
Event: 5.330 Thread 0x000001afb53474a0 nmethod 2859 0x000001afa0ee9410 code [0x000001afa0ee95c0, 0x000001afa0ee9798]
Event: 5.330 Thread 0x000001afb53474a0 2860       3       java.lang.invoke.LambdaFormBuffer::nameArray (15 bytes)
Event: 5.330 Thread 0x000001afb53474a0 nmethod 2860 0x000001afa0ee9890 code [0x000001afa0ee9a60, 0x000001afa0ee9d30]
Event: 5.330 Thread 0x000001afb53474a0 2861       3       java.lang.invoke.LambdaFormEditor$TransformKey::withResult (17 bytes)
Event: 5.330 Thread 0x000001afb53474a0 nmethod 2861 0x000001afa0ee9e10 code [0x000001afa0ee9fe0, 0x000001afa0eea368]
Event: 5.331 Thread 0x000001afb53474a0 2862       3       java.lang.invoke.MethodType::methodType (44 bytes)
Event: 5.331 Thread 0x000001afb53474a0 nmethod 2862 0x000001afa0eea510 code [0x000001afa0eea700, 0x000001afa0eeaba8]
Event: 5.406 Thread 0x000001afb53474a0 2864       3       java.lang.Thread::isVirtual (5 bytes)
Event: 5.406 Thread 0x000001afb53474a0 nmethod 2864 0x000001afa0eead10 code [0x000001afa0eeaec0, 0x000001afa0eeb0c8]
Event: 5.422 Thread 0x000001afb53474a0 2865       3       java.util.concurrent.locks.AbstractQueuedSynchronizer$ConditionObject::canReacquire (38 bytes)
Event: 5.422 Thread 0x000001afb53474a0 nmethod 2865 0x000001afa0eeb190 code [0x000001afa0eeb360, 0x000001afa0eeb6a8]
Event: 5.438 Thread 0x000001afb53474a0 2866       3       jdk.internal.misc.Unsafe::putReferenceOpaque (9 bytes)
Event: 5.438 Thread 0x000001afb53474a0 nmethod 2866 0x000001afa0eeb810 code [0x000001afa0eeb9a0, 0x000001afa0eebb00]
Event: 5.501 Thread 0x000001afb53474a0 2869       3       java.util.concurrent.locks.LockSupport::setBlocker (12 bytes)
Event: 5.501 Thread 0x000001afb53474a0 nmethod 2869 0x000001afa0eebb90 code [0x000001afa0eebd40, 0x000001afa0eebf48]
Event: 5.657 Thread 0x000001afb53474a0 2870       1       jdk.internal.event.ThreadSleepEvent::isEnabled (2 bytes)
Event: 5.657 Thread 0x000001afb53474a0 nmethod 2870 0x000001afa8568210 code [0x000001afa85683a0, 0x000001afa8568468]
Event: 5.688 Thread 0x000001afb53474a0 2872       1       org.gradle.launcher.daemon.server.exec.DaemonConnectionBackedEventConsumer::access$000 (5 bytes)
Event: 5.688 Thread 0x000001afb53474a0 nmethod 2872 0x000001afa8568510 code [0x000001afa85686a0, 0x000001afa8568750]

GC Heap History (6 events):
Event: 0.712 GC heap before
{Heap before GC invocations=0 (full 0):
 garbage-first heap   total 122880K, used 22528K [0x0000000080000000, 0x0000000100000000)
  region size 1024K, 23 young (23552K), 0 survivors (0K)
 Metaspace       used 1079K, committed 1216K, reserved 1114112K
  class space    used 81K, committed 128K, reserved 1048576K
}
Event: 0.718 GC heap after
{Heap after GC invocations=1 (full 0):
 garbage-first heap   total 122880K, used 3112K [0x0000000080000000, 0x0000000100000000)
  region size 1024K, 3 young (3072K), 3 survivors (3072K)
 Metaspace       used 1079K, committed 1216K, reserved 1114112K
  class space    used 81K, committed 128K, reserved 1048576K
}
Event: 1.654 GC heap before
{Heap before GC invocations=1 (full 0):
 garbage-first heap   total 122880K, used 39976K [0x0000000080000000, 0x0000000100000000)
  region size 1024K, 37 young (37888K), 3 survivors (3072K)
 Metaspace       used 4382K, committed 4544K, reserved 1114112K
  class space    used 551K, committed 640K, reserved 1048576K
}
Event: 1.665 GC heap after
{Heap after GC invocations=2 (full 0):
 garbage-first heap   total 122880K, used 10661K [0x0000000080000000, 0x0000000100000000)
  region size 1024K, 5 young (5120K), 5 survivors (5120K)
 Metaspace       used 4382K, committed 4544K, reserved 1114112K
  class space    used 551K, committed 640K, reserved 1048576K
}
Event: 2.523 GC heap before
{Heap before GC invocations=2 (full 0):
 garbage-first heap   total 122880K, used 58789K [0x0000000080000000, 0x0000000100000000)
  region size 1024K, 51 young (52224K), 5 survivors (5120K)
 Metaspace       used 5467K, committed 5696K, reserved 1114112K
  class space    used 728K, committed 832K, reserved 1048576K
}
Event: 2.535 GC heap after
{Heap after GC invocations=3 (full 0):
 garbage-first heap   total 122880K, used 16735K [0x0000000080000000, 0x0000000100000000)
  region size 1024K, 5 young (5120K), 5 survivors (5120K)
 Metaspace       used 5467K, committed 5696K, reserved 1114112K
  class space    used 728K, committed 832K, reserved 1048576K
}

Dll operation events (14 events):
Event: 0.025 Loaded shared library C:\Users\harsh\.vscode\extensions\redhat.java-1.53.0-win32-x64\jre\21.0.10-win32-x86_64\bin\java.dll
Event: 0.151 Loaded shared library C:\Users\harsh\.vscode\extensions\redhat.java-1.53.0-win32-x64\jre\21.0.10-win32-x86_64\bin\zip.dll
Event: 0.183 Loaded shared library C:\Users\harsh\.vscode\extensions\redhat.java-1.53.0-win32-x64\jre\21.0.10-win32-x86_64\bin\instrument.dll
Event: 0.190 Loaded shared library C:\Users\harsh\.vscode\extensions\redhat.java-1.53.0-win32-x64\jre\21.0.10-win32-x86_64\bin\net.dll
Event: 0.196 Loaded shared library C:\Users\harsh\.vscode\extensions\redhat.java-1.53.0-win32-x64\jre\21.0.10-win32-x86_64\bin\nio.dll
Event: 0.201 Loaded shared library C:\Users\harsh\.vscode\extensions\redhat.java-1.53.0-win32-x64\jre\21.0.10-win32-x86_64\bin\zip.dll
Event: 0.603 Loaded shared library C:\Users\harsh\.vscode\extensions\redhat.java-1.53.0-win32-x64\jre\21.0.10-win32-x86_64\bin\jimage.dll
Event: 0.827 Loaded shared library C:\Users\harsh\.vscode\extensions\redhat.java-1.53.0-win32-x64\jre\21.0.10-win32-x86_64\bin\verify.dll
Event: 1.034 Loaded shared library C:\Users\harsh\.gradle\native\c067742578af261105cb4f569cf0c3c89f3d7b1fecec35dd04571415982c5e48\windows-amd64\native-platform.dll
Event: 1.046 Loaded shared library C:\Users\harsh\.gradle\native\100fb08df4bc3b14c8652ba06237920a3bd2aa13389f12d3474272988ae205f9\windows-amd64\native-platform-file-events.dll
Event: 2.733 Loaded shared library C:\Users\harsh\.vscode\extensions\redhat.java-1.53.0-win32-x64\jre\21.0.10-win32-x86_64\bin\management.dll
Event: 2.740 Loaded shared library C:\Users\harsh\.vscode\extensions\redhat.java-1.53.0-win32-x64\jre\21.0.10-win32-x86_64\bin\management_ext.dll
Event: 3.306 Loaded shared library C:\Users\harsh\.vscode\extensions\redhat.java-1.53.0-win32-x64\jre\21.0.10-win32-x86_64\bin\extnet.dll
Event: 3.537 Loaded shared library C:\Users\harsh\.vscode\extensions\redhat.java-1.53.0-win32-x64\jre\21.0.10-win32-x86_64\bin\sunmscapi.dll

Deoptimization events (20 events):
Event: 4.967 Thread 0x000001affc0828e0 DEOPT PACKING pc=0x000001afa0dbc982 sp=0x0000001ac9bfc0a0
Event: 4.967 Thread 0x000001affc0828e0 DEOPT UNPACKING pc=0x000001afa7ed4bc2 sp=0x0000001ac9bfb5b0 mode 0
Event: 4.973 Thread 0x000001affc0828e0 DEOPT PACKING pc=0x000001afa0dbc982 sp=0x0000001ac9bfc680
Event: 4.973 Thread 0x000001affc0828e0 DEOPT UNPACKING pc=0x000001afa7ed4bc2 sp=0x0000001ac9bfbb90 mode 0
Event: 5.080 Thread 0x000001affc0828e0 Uncommon trap: trap_request=0xffffffcc fr.pc=0x000001afa8562afc relative=0x000000000000033c
Event: 5.080 Thread 0x000001affc0828e0 Uncommon trap: reason=intrinsic_or_type_checked_inlining action=make_not_entrant pc=0x000001afa8562afc method=java.util.Arrays.copyOf([Ljava/lang/Object;ILjava/lang/Class;)[Ljava/lang/Object; @ 35 c2
Event: 5.080 Thread 0x000001affc0828e0 DEOPT PACKING pc=0x000001afa8562afc sp=0x0000001ac9bfd150
Event: 5.080 Thread 0x000001affc0828e0 DEOPT UNPACKING pc=0x000001afa7ed4422 sp=0x0000001ac9bfd0e0 mode 2
Event: 5.082 Thread 0x000001affc0828e0 Uncommon trap: trap_request=0xfffffff4 fr.pc=0x000001afa84ae0c4 relative=0x00000000000004e4
Event: 5.082 Thread 0x000001affc0828e0 Uncommon trap: reason=null_check action=make_not_entrant pc=0x000001afa84ae0c4 method=java.io.File.equals(Ljava/lang/Object;)Z @ 1 c2
Event: 5.082 Thread 0x000001affc0828e0 DEOPT PACKING pc=0x000001afa84ae0c4 sp=0x0000001ac9bfd530
Event: 5.082 Thread 0x000001affc0828e0 DEOPT UNPACKING pc=0x000001afa7ed4422 sp=0x0000001ac9bfd4e8 mode 2
Event: 5.254 Thread 0x000001affc0828e0 DEOPT PACKING pc=0x000001afa0dbc982 sp=0x0000001ac9bfbb00
Event: 5.254 Thread 0x000001affc0828e0 DEOPT UNPACKING pc=0x000001afa7ed4bc2 sp=0x0000001ac9bfb010 mode 0
Event: 5.301 Thread 0x000001affc0828e0 DEOPT PACKING pc=0x000001afa0dbc982 sp=0x0000001ac9bfc040
Event: 5.301 Thread 0x000001affc0828e0 DEOPT UNPACKING pc=0x000001afa7ed4bc2 sp=0x0000001ac9bfb550 mode 0
Event: 5.324 Thread 0x000001affc0828e0 DEOPT PACKING pc=0x000001afa0a3df59 sp=0x0000001ac9bfb220
Event: 5.324 Thread 0x000001affc0828e0 DEOPT UNPACKING pc=0x000001afa7ed4bc2 sp=0x0000001ac9bfa6b8 mode 0
Event: 5.334 Thread 0x000001affc0828e0 DEOPT PACKING pc=0x000001afa0dbc961 sp=0x0000001ac9bfadf0
Event: 5.334 Thread 0x000001affc0828e0 DEOPT UNPACKING pc=0x000001afa7ed4bc2 sp=0x0000001ac9bfa300 mode 0

Classes loaded (20 events):
Event: 5.039 Loading class java/lang/invoke/BoundMethodHandle$Species_LLLLLLLLLLLLLLLLLLLLLL
Event: 5.039 Loading class java/lang/invoke/BoundMethodHandle$Species_LLLLLLLLLLLLLLLLLLLLLL done
Event: 5.042 Loading class java/lang/invoke/BoundMethodHandle$Species_LLLLLLLLLLLLLLLLLLLLLLL
Event: 5.042 Loading class java/lang/invoke/BoundMethodHandle$Species_LLLLLLLLLLLLLLLLLLLLLLL done
Event: 5.167 Loading class java/util/function/LongFunction
Event: 5.167 Loading class java/util/function/LongFunction done
Event: 5.261 Loading class java/security/InvalidKeyException
Event: 5.261 Loading class java/security/KeyException
Event: 5.261 Loading class java/security/KeyException done
Event: 5.261 Loading class java/security/InvalidKeyException done
Event: 5.348 Loading class java/io/ObjectInputStream
Event: 5.349 Loading class java/io/ObjectInput
Event: 5.349 Loading class java/io/ObjectInput done
Event: 5.349 Loading class java/io/ObjectStreamConstants
Event: 5.349 Loading class java/io/ObjectStreamConstants done
Event: 5.349 Loading class java/io/ObjectInputStream done
Event: 5.351 Loading class java/io/ObjectOutputStream
Event: 5.352 Loading class java/io/ObjectOutput
Event: 5.352 Loading class java/io/ObjectOutput done
Event: 5.352 Loading class java/io/ObjectOutputStream done

Classes unloaded (0 events):
No events

Classes redefined (0 events):
No events

Internal exceptions (20 events):
Event: 4.806 Thread 0x000001affc0828e0 Exception <a 'java/lang/NoSuchMethodError'{0x0000000084aae320}: 'java.lang.Object java.lang.invoke.DirectMethodHandle$Holder.invokeVirtual(java.lang.Object, java.lang.Object, java.lang.Object, java.lang.Object, java.lang.Object, java.lang.Object, java.lang.Object, java.lang.Object)'> (0x0000000084aae320) 
thrown [s\src\hotspot\share\interpreter\linkResolver.cpp, line 773]
Event: 4.880 Thread 0x000001affc0828e0 Exception <a 'java/lang/NoSuchMethodError'{0x0000000084715ca0}: 'int java.lang.invoke.DirectMethodHandle$Holder.invokeSpecialIFC(java.lang.Object, java.lang.Object, java.lang.Object, java.lang.Object)'> (0x0000000084715ca0) 
thrown [s\src\hotspot\share\interpreter\linkResolver.cpp, line 773]
Event: 4.883 Thread 0x000001affc0828e0 Exception <a 'java/lang/NoSuchMethodError'{0x00000000847233e8}: 'java.lang.Object java.lang.invoke.DirectMethodHandle$Holder.invokeInterface(java.lang.Object, java.lang.Object, java.lang.Object)'> (0x00000000847233e8) 
thrown [s\src\hotspot\share\interpreter\linkResolver.cpp, line 773]
Event: 4.883 Thread 0x000001affc0828e0 Exception <a 'java/lang/IncompatibleClassChangeError'{0x0000000084727000}: Found class java.lang.Object, but interface was expected> (0x0000000084727000) 
thrown [s\src\hotspot\share\interpreter\linkResolver.cpp, line 840]
Event: 4.916 Thread 0x000001affc0828e0 Implicit null exception at 0x000001afa844ce66 to 0x000001afa844cf0a
Event: 4.940 Thread 0x000001affc0828e0 Exception <a 'java/lang/NoSuchMethodError'{0x0000000084518790}: 'int java.lang.invoke.DirectMethodHandle$Holder.invokeStatic(java.lang.Object, java.lang.Object, java.lang.Object, java.lang.Object)'> (0x0000000084518790) 
thrown [s\src\hotspot\share\interpreter\linkResolver.cpp, line 773]
Event: 5.013 Thread 0x000001affc0828e0 Exception <a 'java/lang/NoSuchMethodError'{0x0000000083e07b48}: 'java.lang.Object java.lang.invoke.DelegatingMethodHandle$Holder.reinvoke_L(java.lang.Object, java.lang.Object, java.lang.Object, java.lang.Object, java.lang.Object, java.lang.Object, java.lang.Object, java.lang.Object, java.lang.Object, java.lang.Object, java.lang.Object, java.lang.Object, java.lang.Object, java.lang.Object, java.lang.Object, java.lang.Object, java.lang.Object, java.lang.Object, java.lang.Object, java.lang.Object, java.lang.O
Event: 5.020 Thread 0x000001affc0828e0 Exception <a 'java/lang/NoSuchMethodError'{0x0000000083e76408}: 'java.lang.Object java.lang.invoke.DirectMethodHandle$Holder.invokeStatic(java.lang.Object, java.lang.Object, java.lang.Object, java.lang.Object, java.lang.Object, java.lang.Object, java.lang.Object, java.lang.Object, java.lang.Object, java.lang.Object, java.lang.Object, java.lang.Object, java.lang.Object, java.lang.Object, java.lang.Object, java.lang.Object, java.lang.Object)'> (0x0000000083e76408) 
thrown [s\src\hotspot\share\interpreter\lin
Event: 5.023 Thread 0x000001affc0828e0 Exception <a 'java/lang/NoSuchMethodError'{0x0000000083e9f198}: 'java.lang.Object java.lang.invoke.DirectMethodHandle$Holder.invokeStatic(java.lang.Object, java.lang.Object, java.lang.Object, java.lang.Object, java.lang.Object, java.lang.Object, java.lang.Object, java.lang.Object, java.lang.Object, java.lang.Object, java.lang.Object, java.lang.Object, java.lang.Object, java.lang.Object, java.lang.Object, java.lang.Object, java.lang.Object, java.lang.Object)'> (0x0000000083e9f198) 
thrown [s\src\hotspot\sha
Event: 5.026 Thread 0x000001affc0828e0 Exception <a 'java/lang/NoSuchMethodError'{0x0000000083ec9260}: 'java.lang.Object java.lang.invoke.DirectMethodHandle$Holder.invokeStatic(java.lang.Object, java.lang.Object, java.lang.Object, java.lang.Object, java.lang.Object, java.lang.Object, java.lang.Object, java.lang.Object, java.lang.Object, java.lang.Object, java.lang.Object, java.lang.Object, java.lang.Object, java.lang.Object, java.lang.Object, java.lang.Object, java.lang.Object, java.lang.Object, java.lang.Object)'> (0x0000000083ec9260) 
thrown 
Event: 5.029 Thread 0x000001affc0828e0 Exception <a 'java/lang/NoSuchMethodError'{0x0000000083ef5270}: 'java.lang.Object java.lang.invoke.DirectMethodHandle$Holder.invokeStatic(java.lang.Object, java.lang.Object, java.lang.Object, java.lang.Object, java.lang.Object, java.lang.Object, java.lang.Object, java.lang.Object, java.lang.Object, java.lang.Object, java.lang.Object, java.lang.Object, java.lang.Object, java.lang.Object, java.lang.Object, java.lang.Object, java.lang.Object, java.lang.Object, java.lang.Object, java.lang.Object)'> (0x00000000
Event: 5.031 Thread 0x000001affc0828e0 Exception <a 'java/lang/NoSuchMethodError'{0x0000000083d21bb8}: 'java.lang.Object java.lang.invoke.DirectMethodHandle$Holder.invokeStatic(java.lang.Object, java.lang.Object, java.lang.Object, java.lang.Object, java.lang.Object, java.lang.Object, java.lang.Object, java.lang.Object, java.lang.Object, java.lang.Object, java.lang.Object, java.lang.Object, java.lang.Object, java.lang.Object, java.lang.Object, java.lang.Object, java.lang.Object, java.lang.Object, java.lang.Object, java.lang.Object, java.lang.Obj
Event: 5.033 Thread 0x000001affc0828e0 Exception <a 'java/lang/NoSuchMethodError'{0x0000000083d4f3d0}: 'java.lang.Object java.lang.invoke.DirectMethodHandle$Holder.invokeStatic(java.lang.Object, java.lang.Object, java.lang.Object, java.lang.Object, java.lang.Object, java.lang.Object, java.lang.Object, java.lang.Object, java.lang.Object, java.lang.Object, java.lang.Object, java.lang.Object, java.lang.Object, java.lang.Object, java.lang.Object, java.lang.Object, java.lang.Object, java.lang.Object, java.lang.Object, java.lang.Object, java.lang.Obj
Event: 5.035 Thread 0x000001affc0828e0 Exception <a 'java/lang/NoSuchMethodError'{0x0000000083d7dab0}: 'java.lang.Object java.lang.invoke.DirectMethodHandle$Holder.invokeStatic(java.lang.Object, java.lang.Object, java.lang.Object, java.lang.Object, java.lang.Object, java.lang.Object, java.lang.Object, java.lang.Object, java.lang.Object, java.lang.Object, java.lang.Object, java.lang.Object, java.lang.Object, java.lang.Object, java.lang.Object, java.lang.Object, java.lang.Object, java.lang.Object, java.lang.Object, java.lang.Object, java.lang.Obj
Event: 5.038 Thread 0x000001affc0828e0 Exception <a 'java/lang/NoSuchMethodError'{0x0000000083dacce0}: 'java.lang.Object java.lang.invoke.DirectMethodHandle$Holder.invokeStatic(java.lang.Object, java.lang.Object, java.lang.Object, java.lang.Object, java.lang.Object, java.lang.Object, java.lang.Object, java.lang.Object, java.lang.Object, java.lang.Object, java.lang.Object, java.lang.Object, java.lang.Object, java.lang.Object, java.lang.Object, java.lang.Object, java.lang.Object, java.lang.Object, java.lang.Object, java.lang.Object, java.lang.Obj
Event: 5.040 Thread 0x000001affc0828e0 Exception <a 'java/lang/NoSuchMethodError'{0x0000000083ddcac0}: 'java.lang.Object java.lang.invoke.DirectMethodHandle$Holder.invokeStatic(java.lang.Object, java.lang.Object, java.lang.Object, java.lang.Object, java.lang.Object, java.lang.Object, java.lang.Object, java.lang.Object, java.lang.Object, java.lang.Object, java.lang.Object, java.lang.Object, java.lang.Object, java.lang.Object, java.lang.Object, java.lang.Object, java.lang.Object, java.lang.Object, java.lang.Object, java.lang.Object, java.lang.Obj
Event: 5.043 Thread 0x000001affc0828e0 Exception <a 'java/lang/NoSuchMethodError'{0x0000000083c0e698}: 'java.lang.Object java.lang.invoke.DirectMethodHandle$Holder.invokeStatic(java.lang.Object, java.lang.Object, java.lang.Object, java.lang.Object, java.lang.Object, java.lang.Object, java.lang.Object, java.lang.Object, java.lang.Object, java.lang.Object, java.lang.Object, java.lang.Object, java.lang.Object, java.lang.Object, java.lang.Object, java.lang.Object, java.lang.Object, java.lang.Object, java.lang.Object, java.lang.Object, java.lang.Obj
Event: 5.082 Thread 0x000001affc0828e0 Implicit null exception at 0x000001afa84adc1d to 0x000001afa84ae0b6
Event: 5.319 Thread 0x000001affc0828e0 Exception <a 'java/lang/IncompatibleClassChangeError'{0x00000000834cfaf8}: Found class java.lang.Object, but interface was expected> (0x00000000834cfaf8) 
thrown [s\src\hotspot\share\interpreter\linkResolver.cpp, line 840]
Event: 5.327 Thread 0x000001affc0828e0 Exception <a 'java/lang/NoSuchMethodError'{0x00000000834fc6a8}: 'java.lang.Object java.lang.invoke.DirectMethodHandle$Holder.newInvokeSpecial(java.lang.Object, java.lang.Object, java.lang.Object, java.lang.Object, java.lang.Object, java.lang.Object, java.lang.Object, java.lang.Object, java.lang.Object, java.lang.Object)'> (0x00000000834fc6a8) 
thrown [s\src\hotspot\share\interpreter\linkResolver.cpp, line 773]

ZGC Phase Switch (0 events):
No events

VM Operations (20 events):
Event: 2.994 Executing non-safepoint VM operation: HandshakeAllThreads (Deoptimize)
Event: 2.994 Executing non-safepoint VM operation: HandshakeAllThreads (Deoptimize) done
Event: 3.104 Executing non-safepoint VM operation: HandshakeAllThreads (Deoptimize)
Event: 3.104 Executing non-safepoint VM operation: HandshakeAllThreads (Deoptimize) done
Event: 3.416 Executing non-safepoint VM operation: HandshakeAllThreads (Deoptimize)
Event: 3.416 Executing non-safepoint VM operation: HandshakeAllThreads (Deoptimize) done
Event: 3.546 Executing non-safepoint VM operation: HandshakeAllThreads (Deoptimize)
Event: 3.546 Executing non-safepoint VM operation: HandshakeAllThreads (Deoptimize) done
Event: 3.546 Executing safepoint VM operation: Cleanup
Event: 3.546 Executing safepoint VM operation: Cleanup done
Event: 4.369 Executing non-safepoint VM operation: HandshakeAllThreads (Deoptimize)
Event: 4.369 Executing non-safepoint VM operation: HandshakeAllThreads (Deoptimize) done
Event: 4.916 Executing safepoint VM operation: ICBufferFull
Event: 4.916 Executing safepoint VM operation: ICBufferFull done
Event: 5.053 Executing non-safepoint VM operation: HandshakeAllThreads (Deoptimize)
Event: 5.053 Executing non-safepoint VM operation: HandshakeAllThreads (Deoptimize) done
Event: 5.054 Executing non-safepoint VM operation: HandshakeAllThreads (Deoptimize)
Event: 5.054 Executing non-safepoint VM operation: HandshakeAllThreads (Deoptimize) done
Event: 6.059 Executing safepoint VM operation: Cleanup
Event: 6.059 Executing safepoint VM operation: Cleanup done

Memory protections (0 events):
No events

Nmethod flushes (0 events):
No events

Events (20 events):
Event: 0.595 Thread 0x000001afb53474a0 Thread added: 0x000001afb565f070
Event: 0.600 Thread 0x000001afb53474a0 Thread added: 0x000001afb5666170
Event: 0.789 Thread 0x000001afb5666170 Thread exited: 0x000001afb5666170
Event: 1.701 Thread 0x000001afb565f070 Thread exited: 0x000001afb565f070
Event: 2.646 Thread 0x000001afb53474a0 Thread added: 0x000001affb468fd0
Event: 2.812 Thread 0x000001af9d751010 Thread added: 0x000001affb54f800
Event: 3.369 Thread 0x000001af9d751010 Thread added: 0x000001affbe65a60
Event: 3.487 Thread 0x000001af9d751010 Thread added: 0x000001affbde21d0
Event: 3.526 Thread 0x000001affb468fd0 Thread exited: 0x000001affb468fd0
Event: 3.592 Thread 0x000001affbe65a60 Thread added: 0x000001affc01c240
Event: 3.597 Thread 0x000001affc01c240 Thread added: 0x000001affc01d260
Event: 3.650 Thread 0x000001affc01c240 Thread added: 0x000001affc05c570
Event: 3.664 Thread 0x000001affc01c240 Thread added: 0x000001affc0828e0
Event: 3.682 Thread 0x000001affc0828e0 Thread added: 0x000001affc085040
Event: 3.713 Thread 0x000001affc0828e0 Thread added: 0x000001affc0856d0
Event: 3.717 Thread 0x000001affc0828e0 Thread added: 0x000001affc082f70
Event: 4.369 Thread 0x000001affc0828e0 Thread added: 0x000001affc0849b0
Event: 4.386 Thread 0x000001affc0828e0 Thread added: 0x000001affc083600
Event: 4.736 Thread 0x000001affc0828e0 Thread added: 0x000001affc082250
Event: 5.003 Thread 0x000001afb53474a0 Thread added: 0x000001affc3e7510


Dynamic libraries:
0x00007ff63de00000 - 0x00007ff63de0e000 	C:\Users\harsh\.vscode\extensions\redhat.java-1.53.0-win32-x64\jre\21.0.10-win32-x86_64\bin\java.exe
0x00007ffbcfa20000 - 0x00007ffbcfc87000 	C:\WINDOWS\SYSTEM32\ntdll.dll
0x00007ffbce230000 - 0x00007ffbce2f9000 	C:\WINDOWS\System32\KERNEL32.DLL
0x00007ffbcd1b0000 - 0x00007ffbcd5a1000 	C:\WINDOWS\System32\KERNELBASE.dll
0x00007ffbcc3c0000 - 0x00007ffbcc50b000 	C:\WINDOWS\System32\ucrtbase.dll
0x00007ffbab250000 - 0x00007ffbab26e000 	C:\Users\harsh\.vscode\extensions\redhat.java-1.53.0-win32-x64\jre\21.0.10-win32-x86_64\bin\VCRUNTIME140.dll
0x00007ffbab220000 - 0x00007ffbab238000 	C:\Users\harsh\.vscode\extensions\redhat.java-1.53.0-win32-x64\jre\21.0.10-win32-x86_64\bin\jli.dll
0x00007ffbcec40000 - 0x00007ffbcee05000 	C:\WINDOWS\System32\USER32.dll
0x00007ffbcd5b0000 - 0x00007ffbcd5d7000 	C:\WINDOWS\System32\win32u.dll
0x00007ffbba160000 - 0x00007ffbba3f3000 	C:\WINDOWS\WinSxS\amd64_microsoft.windows.common-controls_6595b64144ccf1df_6.0.26100.7922_none_3e089e1ee3342171\COMCTL32.dll
0x00007ffbcdd40000 - 0x00007ffbcdd6b000 	C:\WINDOWS\System32\GDI32.dll
0x00007ffbcd820000 - 0x00007ffbcd8c9000 	C:\WINDOWS\System32\msvcrt.dll
0x00007ffbcd690000 - 0x00007ffbcd7ba000 	C:\WINDOWS\System32\gdi32full.dll
0x00007ffbcd5e0000 - 0x00007ffbcd683000 	C:\WINDOWS\System32\msvcp_win.dll
0x00007ffbce1f0000 - 0x00007ffbce221000 	C:\WINDOWS\System32\IMM32.DLL
0x00007ffbb3c40000 - 0x00007ffbb3c4c000 	C:\Users\harsh\.vscode\extensions\redhat.java-1.53.0-win32-x64\jre\21.0.10-win32-x86_64\bin\vcruntime140_1.dll
0x00007ffb54d10000 - 0x00007ffb54d9d000 	C:\Users\harsh\.vscode\extensions\redhat.java-1.53.0-win32-x64\jre\21.0.10-win32-x86_64\bin\msvcp140.dll
0x00007ffb0b3e0000 - 0x00007ffb0c181000 	C:\Users\harsh\.vscode\extensions\redhat.java-1.53.0-win32-x64\jre\21.0.10-win32-x86_64\bin\server\jvm.dll
0x00007ffbcee10000 - 0x00007ffbceecb000 	C:\WINDOWS\System32\ADVAPI32.dll
0x00007ffbce390000 - 0x00007ffbce437000 	C:\WINDOWS\System32\sechost.dll
0x00007ffbcdff0000 - 0x00007ffbce108000 	C:\WINDOWS\System32\RPCRT4.dll
0x00007ffbceed0000 - 0x00007ffbcef44000 	C:\WINDOWS\System32\WS2_32.dll
0x00007ffbc5810000 - 0x00007ffbc5845000 	C:\WINDOWS\SYSTEM32\WINMM.dll
0x00007ffbc5850000 - 0x00007ffbc585b000 	C:\WINDOWS\SYSTEM32\VERSION.dll
0x00007ffbcc160000 - 0x00007ffbcc1be000 	C:\WINDOWS\SYSTEM32\POWRPROF.dll
0x00007ffbcc140000 - 0x00007ffbcc154000 	C:\WINDOWS\SYSTEM32\UMPDC.dll
0x00007ffbcb090000 - 0x00007ffbcb0ab000 	C:\WINDOWS\SYSTEM32\kernel.appcore.dll
0x00007ffbaa4c0000 - 0x00007ffbaa4ca000 	C:\Users\harsh\.vscode\extensions\redhat.java-1.53.0-win32-x64\jre\21.0.10-win32-x86_64\bin\jimage.dll
0x00007ffbca040000 - 0x00007ffbca282000 	C:\WINDOWS\SYSTEM32\DBGHELP.DLL
0x00007ffbcd920000 - 0x00007ffbcdca2000 	C:\WINDOWS\System32\combase.dll
0x00007ffbce110000 - 0x00007ffbce1e7000 	C:\WINDOWS\System32\OLEAUT32.dll
0x00007ffbb7fd0000 - 0x00007ffbb800b000 	C:\WINDOWS\SYSTEM32\dbgcore.DLL
0x00007ffbcd070000 - 0x00007ffbcd115000 	C:\WINDOWS\System32\bcryptPrimitives.dll
0x00007ffba62e0000 - 0x00007ffba62ef000 	C:\Users\harsh\.vscode\extensions\redhat.java-1.53.0-win32-x64\jre\21.0.10-win32-x86_64\bin\instrument.dll
0x00007ffb767b0000 - 0x00007ffb767d0000 	C:\Users\harsh\.vscode\extensions\redhat.java-1.53.0-win32-x64\jre\21.0.10-win32-x86_64\bin\java.dll
0x00007ffbcf0d0000 - 0x00007ffbcf82f000 	C:\WINDOWS\System32\SHELL32.dll
0x00007ffbcc510000 - 0x00007ffbcc67a000 	C:\WINDOWS\System32\wintypes.dll
0x00007ffbcc800000 - 0x00007ffbcd064000 	C:\WINDOWS\System32\windows.storage.dll
0x00007ffbcdd70000 - 0x00007ffbcde67000 	C:\WINDOWS\System32\SHCORE.dll
0x00007ffbcebd0000 - 0x00007ffbcec37000 	C:\WINDOWS\System32\shlwapi.dll
0x00007ffbcc220000 - 0x00007ffbcc249000 	C:\WINDOWS\SYSTEM32\profapi.dll
0x00007ffba6300000 - 0x00007ffba6318000 	C:\Users\harsh\.vscode\extensions\redhat.java-1.53.0-win32-x64\jre\21.0.10-win32-x86_64\bin\zip.dll
0x00007ffba62f0000 - 0x00007ffba6300000 	C:\Users\harsh\.vscode\extensions\redhat.java-1.53.0-win32-x64\jre\21.0.10-win32-x86_64\bin\net.dll
0x00007ffbc36b0000 - 0x00007ffbc37d7000 	C:\WINDOWS\SYSTEM32\WINHTTP.dll
0x00007ffbcb600000 - 0x00007ffbcb66b000 	C:\WINDOWS\system32\mswsock.dll
0x00007ffb9da50000 - 0x00007ffb9da66000 	C:\Users\harsh\.vscode\extensions\redhat.java-1.53.0-win32-x64\jre\21.0.10-win32-x86_64\bin\nio.dll
0x00007ffb95690000 - 0x00007ffb956a0000 	C:\Users\harsh\.vscode\extensions\redhat.java-1.53.0-win32-x64\jre\21.0.10-win32-x86_64\bin\verify.dll
0x00007ffba8160000 - 0x00007ffba8187000 	C:\Users\harsh\.gradle\native\c067742578af261105cb4f569cf0c3c89f3d7b1fecec35dd04571415982c5e48\windows-amd64\native-platform.dll
0x00007ffb48960000 - 0x00007ffb48aa4000 	C:\Users\harsh\.gradle\native\100fb08df4bc3b14c8652ba06237920a3bd2aa13389f12d3474272988ae205f9\windows-amd64\native-platform-file-events.dll
0x00007ffbc9e60000 - 0x00007ffbc9e6a000 	C:\Users\harsh\.vscode\extensions\redhat.java-1.53.0-win32-x64\jre\21.0.10-win32-x86_64\bin\management.dll
0x00007ffbbe6c0000 - 0x00007ffbbe6cc000 	C:\Users\harsh\.vscode\extensions\redhat.java-1.53.0-win32-x64\jre\21.0.10-win32-x86_64\bin\management_ext.dll
0x00007ffbcf0b0000 - 0x00007ffbcf0b8000 	C:\WINDOWS\System32\PSAPI.DLL
0x00007ffbcb8e0000 - 0x00007ffbcb8fb000 	C:\WINDOWS\SYSTEM32\CRYPTSP.dll
0x00007ffbcaff0000 - 0x00007ffbcb029000 	C:\WINDOWS\system32\rsaenh.dll
0x00007ffbcb6b0000 - 0x00007ffbcb6e2000 	C:\WINDOWS\SYSTEM32\USERENV.dll
0x00007ffbcc1f0000 - 0x00007ffbcc21a000 	C:\WINDOWS\SYSTEM32\bcrypt.dll
0x00007ffbcb900000 - 0x00007ffbcb90c000 	C:\WINDOWS\SYSTEM32\CRYPTBASE.dll
0x00007ffbcaaa0000 - 0x00007ffbcaad3000 	C:\WINDOWS\SYSTEM32\IPHLPAPI.DLL
0x00007ffbceab0000 - 0x00007ffbceaba000 	C:\WINDOWS\System32\NSI.dll
0x00007ffbaa520000 - 0x00007ffbaa529000 	C:\Users\harsh\.vscode\extensions\redhat.java-1.53.0-win32-x64\jre\21.0.10-win32-x86_64\bin\extnet.dll
0x00007ffbb7690000 - 0x00007ffbb769e000 	C:\Users\harsh\.vscode\extensions\redhat.java-1.53.0-win32-x64\jre\21.0.10-win32-x86_64\bin\sunmscapi.dll
0x00007ffbcc680000 - 0x00007ffbcc7f7000 	C:\WINDOWS\System32\CRYPT32.dll
0x00007ffbcbb00000 - 0x00007ffbcbb30000 	C:\WINDOWS\SYSTEM32\ncrypt.dll
0x00007ffbcbab0000 - 0x00007ffbcbaef000 	C:\WINDOWS\SYSTEM32\NTASN1.dll
0x00007ffb95080000 - 0x00007ffb95088000 	C:\WINDOWS\system32\wshunix.dll

JVMTI agents:
C:\Users\harsh\.gradle\wrapper\dists\gradle-8.11.1-bin\bpt9gzteqjrbo1mjrsomdt32c\gradle-8.11.1\lib\agents\gradle-instrumentation-agent-8.11.1.jar path:C:\Users\harsh\.vscode\extensions\redhat.java-1.53.0-win32-x64\jre\21.0.10-win32-x86_64\bin\instrument.dll, loaded, initialized, instrumentlib options:none

dbghelp: loaded successfully - version: 4.0.5 - missing functions: none
symbol engine: initialized successfully - sym options: 0x614 - pdb path: .;C:\Users\harsh\.vscode\extensions\redhat.java-1.53.0-win32-x64\jre\21.0.10-win32-x86_64\bin;C:\WINDOWS\SYSTEM32;C:\WINDOWS\WinSxS\amd64_microsoft.windows.common-controls_6595b64144ccf1df_6.0.26100.7922_none_3e089e1ee3342171;C:\Users\harsh\.vscode\extensions\redhat.java-1.53.0-win32-x64\jre\21.0.10-win32-x86_64\bin\server;C:\Users\harsh\.gradle\native\c067742578af261105cb4f569cf0c3c89f3d7b1fecec35dd04571415982c5e48\windows-amd64;C:\Users\harsh\.gradle\native\100fb08df4bc3b14c8652ba06237920a3bd2aa13389f12d3474272988ae205f9\windows-amd64

VM Arguments:
jvm_args: --add-opens=java.base/java.lang=ALL-UNNAMED --add-opens=java.base/java.lang.invoke=ALL-UNNAMED --add-opens=java.base/java.util=ALL-UNNAMED --add-opens=java.prefs/java.util.prefs=ALL-UNNAMED --add-exports=jdk.compiler/com.sun.tools.javac.api=ALL-UNNAMED --add-exports=jdk.compiler/com.sun.tools.javac.util=ALL-UNNAMED --add-opens=java.base/java.util=ALL-UNNAMED --add-opens=java.prefs/java.util.prefs=ALL-UNNAMED --add-opens=java.base/java.nio.charset=ALL-UNNAMED --add-opens=java.base/java.net=ALL-UNNAMED --add-opens=java.base/java.util.concurrent.atomic=ALL-UNNAMED --add-opens=java.xml/javax.xml.namespace=ALL-UNNAMED -Xmx2048m -Dfile.encoding=UTF-8 -Duser.country=IN -Duser.language=en -Duser.variant -javaagent:C:\Users\harsh\.gradle\wrapper\dists\gradle-8.11.1-bin\bpt9gzteqjrbo1mjrsomdt32c\gradle-8.11.1\lib\agents\gradle-instrumentation-agent-8.11.1.jar 
java_command: org.gradle.launcher.daemon.bootstrap.GradleDaemon 8.11.1
java_class_path (initial): C:\Users\harsh\.gradle\wrapper\dists\gradle-8.11.1-bin\bpt9gzteqjrbo1mjrsomdt32c\gradle-8.11.1\lib\gradle-daemon-main-8.11.1.jar
Launcher Type: SUN_STANDARD

[Global flags]
     intx CICompilerCount                          = 4                                         {product} {ergonomic}
     uint ConcGCThreads                            = 3                                         {product} {ergonomic}
     uint G1ConcRefinementThreads                  = 10                                        {product} {ergonomic}
   size_t G1HeapRegionSize                         = 1048576                                   {product} {ergonomic}
    uintx GCDrainStackTargetSize                   = 64                                        {product} {ergonomic}
   size_t InitialHeapSize                          = 125829120                                 {product} {ergonomic}
   size_t MarkStackSize                            = 4194304                                   {product} {ergonomic}
   size_t MaxHeapSize                              = 2147483648                                {product} {command line}
   size_t MaxNewSize                               = 1287651328                                {product} {ergonomic}
   size_t MinHeapDeltaBytes                        = 1048576                                   {product} {ergonomic}
   size_t MinHeapSize                              = 8388608                                   {product} {ergonomic}
    uintx NonNMethodCodeHeapSize                   = 5839372                                {pd product} {ergonomic}
    uintx NonProfiledCodeHeapSize                  = 122909434                              {pd product} {ergonomic}
    uintx ProfiledCodeHeapSize                     = 122909434                              {pd product} {ergonomic}
    uintx ReservedCodeCacheSize                    = 251658240                              {pd product} {ergonomic}
     bool SegmentedCodeCache                       = true                                      {product} {ergonomic}
   size_t SoftMaxHeapSize                          = 2147483648                             {manageable} {ergonomic}
     bool UseCompressedOops                        = true                           {product lp64_product} {ergonomic}
     bool UseG1GC                                  = true                                      {product} {ergonomic}
     bool UseLargePagesIndividualAllocation        = false                                  {pd product} {ergonomic}

Logging:
Log output configuration:
 #0: stdout all=warning uptime,level,tags foldmultilines=false
 #1: stderr all=off uptime,level,tags foldmultilines=false

Release file:
JAVA_VERSION="21.0.10" 
MODULES="java.base java.compiler java.datatransfer java.xml java.prefs java.desktop java.instrument java.logging java.management java.security.sasl java.naming java.rmi java.management.rmi java.net.http java.scripting java.security.jgss java.transaction.xa java.sql java.sql.rowset java.xml.crypto java.se java.smartcardio jdk.accessibility jdk.internal.jvmstat jdk.attach jdk.charsets jdk.internal.opt jdk.zipfs jdk.compiler jdk.crypto.ec jdk.crypto.cryptoki jdk.crypto.mscapi jdk.dynalink jdk.internal.ed jdk.editpad jdk.hotspot.agent jdk.httpserver jdk.internal.le jdk.internal.vm.ci jdk.internal.vm.compiler jdk.internal.vm.compiler.management jdk.jartool jdk.javadoc jdk.jcmd jdk.management jdk.management.agent jdk.jconsole jdk.jdeps jdk.jdwp.agent jdk.jdi jdk.jfr jdk.jshell jdk.jsobject jdk.jstatd jdk.localedata jdk.management.jfr jdk.naming.dns jdk.naming.rmi jdk.net jdk.nio.mapmode jdk.random jdk.sctp jdk.security.auth jdk.security.jgss jdk.unsupported jdk.unsupported.desktop jdk.xml.dom" 

Environment Variables:
JAVA_HOME=C:\Program Files\Java\jdk-21
PATH=C:\Program Files\Eclipse Adoptium\jdk-11.0.29.7-hotspot\bin;C:\Program Files\Python313\Scripts\;C:\Program Files\Python313\;C:\Program Files\Common Files\Oracle\Java\javapath;C:\WINDOWS\system32;C:\WINDOWS;C:\WINDOWS\System32\Wbem;C:\WINDOWS\System32\WindowsPowerShell\v1.0\;C:\WINDOWS\System32\OpenSSH\;C:\Program Files\Java\jdk-21\bin;C:\Program Files\nodejs\;C:\Program Files\Git\cmd;C:\Program Files\Docker\Docker\resources\bin;C:\Program Files\Go\bin;C:\flutter_windows_3.32.8-stable\flutter\bin\;C:\platform-tools;C:\Program Files\MySQL\MySQL Shell 8.0\bin\;C:\Users\harsh\AppData\Local\Microsoft\WindowsApps;C:\MinGW\bin;C:\Users\harsh\AppData\Roaming\npm;C:\Program Files\MongoDB\Server\7.0\bin;C:\Users\harsh\AppData\Local\GitHubDesktop\bin;C:\Users\harsh\AppData\Local\Programs\Microsoft VS Code\bin;C:\Users\harsh\AppData\Local\Microsoft\WindowsApps\python.exe;C:\users\harsh\appdata\roaming\python\python313\site-packages\git_filter_repo.py;C:\Users\harsh\AppData\Local\Programs\cursor\resources\app\bin;C:\Users\harsh\flutter_windows_3.32.6-stable\flutter\bin;C:\Program Files\MongoDB\Server\7.0\bin;C:\Users\harsh\go\bin;C:\Users\harsh\AppData\Local\Programs\Antigravity\bin
USERNAME=harsh
OS=Windows_NT
PROCESSOR_IDENTIFIER=AMD64 Family 25 Model 80 Stepping 0, AuthenticAMD
TMP=C:\Users\harsh\AppData\Local\Temp
TEMP=C:\Users\harsh\AppData\Local\Temp




Periodic native trim disabled

---------------  S Y S T E M  ---------------

OS:
 Windows 11 , 64 bit Build 26100 (10.0.26100.7920)
OS uptime: 3 days 18:54 hours
Hyper-V role detected

CPU: total 12 (initial active 12) (12 cores per cpu, 2 threads per core) family 25 model 80 stepping 0 microcode 0xa50000d, cx8, cmov, fxsr, ht, mmx, 3dnowpref, sse, sse2, sse3, ssse3, sse4a, sse4.1, sse4.2, popcnt, lzcnt, tsc, tscinvbit, avx, avx2, aes, erms, clmul, bmi1, bmi2, adx, sha, fma, vzeroupper, clflush, clflushopt, hv, rdtscp, rdpid, fsrm, f16c, cet_ss
Processor Information for the first 12 processors :
  Max Mhz: 3301, Current Mhz: 2011, Mhz Limit: 3301

Memory: 4k page, system-wide physical 7581M (568M free)
TotalPageFile size 31133M (AvailPageFile size 22M)
current process WorkingSet (physical memory assigned to process): 212M, peak: 212M
current process commit charge ("private bytes"): 291M, peak: 294M

vm_info: OpenJDK 64-Bit Server VM (21.0.10+7-LTS) for windows-amd64 JRE (21.0.10+7-LTS), built on 2026-01-20T00:00:00Z by "admin" with MS VC++ 17.12 (VS2022)

END.
