#
# There is insufficient memory for the Java Runtime Environment to continue.
# Native memory allocation (malloc) failed to allocate 196256 bytes. Error detail: Chunk::new
# Possible reasons:
#   The system is out of physical RAM or swap space
#   This process is running with CompressedOops enabled, and the Java Heap may be blocking the growth of the native heap
# Possible solutions:
#   Reduce memory load on the system
#   Increase physical memory or swap space
#   Check if swap backing store is full
#   Decrease Java heap size (-Xmx/-Xms)
#   Decrease number of Java threads
#   Decrease Java thread stack sizes (-Xss)
#   Set larger code cache with -XX:ReservedCodeCacheSize=
#   JVM is running with Unscaled Compressed Oops mode in which the Java heap is
#     placed in the first 4GB address space. The Java Heap base address is the
#     maximum limit for the native heap growth. Please use -XX:HeapBaseMinAddress
#     to set the Java Heap base and to place the Java Heap above 4GB virtual address.
# This output file may be truncated or incomplete.
#
#  Out of Memory Error (arena.cpp:168), pid=16340, tid=8956
#
# JRE version: OpenJDK Runtime Environment Temurin-21.0.10+7 (21.0.10+7) (build 21.0.10+7-LTS)
# Java VM: OpenJDK 64-Bit Server VM Temurin-21.0.10+7 (21.0.10+7-LTS, mixed mode, sharing, tiered, compressed oops, compressed class ptrs, g1 gc, windows-amd64)
# No core dump will be written. Minidumps are not enabled by default on client versions of Windows
#

---------------  S U M M A R Y ------------

Command Line: --add-opens=java.base/java.lang=ALL-UNNAMED --add-opens=java.base/java.lang.invoke=ALL-UNNAMED --add-opens=java.base/java.util=ALL-UNNAMED --add-opens=java.prefs/java.util.prefs=ALL-UNNAMED --add-exports=jdk.compiler/com.sun.tools.javac.api=ALL-UNNAMED --add-exports=jdk.compiler/com.sun.tools.javac.util=ALL-UNNAMED --add-opens=java.base/java.util=ALL-UNNAMED --add-opens=java.prefs/java.util.prefs=ALL-UNNAMED --add-opens=java.base/java.nio.charset=ALL-UNNAMED --add-opens=java.base/java.net=ALL-UNNAMED --add-opens=java.base/java.util.concurrent.atomic=ALL-UNNAMED --add-opens=java.xml/javax.xml.namespace=ALL-UNNAMED -Xmx2048m -Dfile.encoding=UTF-8 -Duser.country=IN -Duser.language=en -Duser.variant -javaagent:C:\Users\harsh\.gradle\wrapper\dists\gradle-8.11.1-bin\bpt9gzteqjrbo1mjrsomdt32c\gradle-8.11.1\lib\agents\gradle-instrumentation-agent-8.11.1.jar org.gradle.launcher.daemon.bootstrap.GradleDaemon 8.11.1

Host: AMD Ryzen 5 5600H with Radeon Graphics         , 12 cores, 7G,  Windows 11 , 64 bit Build 26100 (10.0.26100.7920)
Time: Sat Mar  7 20:18:42 2026 India Standard Time elapsed time: 28.709620 seconds (0d 0h 0m 28s)

---------------  T H R E A D  ---------------

Current thread (0x0000027a43d4f890):  JavaThread "C2 CompilerThread0" daemon [_thread_in_native, id=8956, stack(0x000000b214900000,0x000000b214a00000) (1024K)]


Current CompileTask:
C2:28709 4602       4       sun.invoke.util.BytecodeDescriptor::unparseSig (49 bytes)

Stack: [0x000000b214900000,0x000000b214a00000]
Native frames: (J=compiled Java code, j=interpreted, Vv=VM code, C=native code)
V  [jvm.dll+0x6d7a39]
V  [jvm.dll+0x8b4b26]
V  [jvm.dll+0x8b70de]
V  [jvm.dll+0x8b77c3]
V  [jvm.dll+0x284346]
V  [jvm.dll+0xc66ed]
V  [jvm.dll+0xc6c31]
V  [jvm.dll+0x3bec3b]
V  [jvm.dll+0x1e3d62]
V  [jvm.dll+0x24c6b3]
V  [jvm.dll+0x24bb40]
V  [jvm.dll+0x1cb34e]
V  [jvm.dll+0x25b85d]
V  [jvm.dll+0x259dea]
V  [jvm.dll+0x3f857e]
V  [jvm.dll+0x85f59d]
V  [jvm.dll+0x6d626d]
C  [ucrtbase.dll+0x37b0]
C  [KERNEL32.DLL+0x2e8d7]
C  [ntdll.dll+0x8c48c]


---------------  P R O C E S S  ---------------

Threads class SMR info:
_java_thread_list=0x0000027a8b947cd0, length=33, elements={
0x0000027a2c15f0d0, 0x0000027a43d33900, 0x0000027a43d34560, 0x0000027a43d39700,
0x0000027a43d3c3f0, 0x0000027a43d46e70, 0x0000027a43d480e0, 0x0000027a43d4f890,
0x0000027a43d50460, 0x0000027a43d4aed0, 0x0000027a43d47a50, 0x0000027a43d48e00,
0x0000027a43d49490, 0x0000027a43d49b20, 0x0000027a43d4a840, 0x0000027a8ab5dbb0,
0x0000027a8ab5e240, 0x0000027a8ab5d520, 0x0000027a8ab5c800, 0x0000027a8ab5ce90,
0x0000027a8ab5bae0, 0x0000027a8ab5ef60, 0x0000027a8ab5e8d0, 0x0000027a8ab5f5f0,
0x0000027a8ab623e0, 0x0000027a8ab62a70, 0x0000027a8ab63100, 0x0000027a8ab616c0,
0x0000027a8ab609a0, 0x0000027a8ab5fc80, 0x0000027a8ab60310, 0x0000027a8ab61030,
0x0000027a896f8900
}

Java Threads: ( => current thread )
  0x0000027a2c15f0d0 JavaThread "main"                              [_thread_blocked, id=17072, stack(0x000000b213b00000,0x000000b213c00000) (1024K)]
  0x0000027a43d33900 JavaThread "Reference Handler"          daemon [_thread_blocked, id=1672, stack(0x000000b214300000,0x000000b214400000) (1024K)]
  0x0000027a43d34560 JavaThread "Finalizer"                  daemon [_thread_blocked, id=25288, stack(0x000000b214400000,0x000000b214500000) (1024K)]
  0x0000027a43d39700 JavaThread "Signal Dispatcher"          daemon [_thread_blocked, id=9784, stack(0x000000b214500000,0x000000b214600000) (1024K)]
  0x0000027a43d3c3f0 JavaThread "Attach Listener"            daemon [_thread_blocked, id=27628, stack(0x000000b214600000,0x000000b214700000) (1024K)]
  0x0000027a43d46e70 JavaThread "Service Thread"             daemon [_thread_blocked, id=19684, stack(0x000000b214700000,0x000000b214800000) (1024K)]
  0x0000027a43d480e0 JavaThread "Monitor Deflation Thread"   daemon [_thread_blocked, id=1052, stack(0x000000b214800000,0x000000b214900000) (1024K)]
=>0x0000027a43d4f890 JavaThread "C2 CompilerThread0"         daemon [_thread_in_native, id=8956, stack(0x000000b214900000,0x000000b214a00000) (1024K)]
  0x0000027a43d50460 JavaThread "C1 CompilerThread0"         daemon [_thread_blocked, id=29928, stack(0x000000b214a00000,0x000000b214b00000) (1024K)]
  0x0000027a43d4aed0 JavaThread "Common-Cleaner"             daemon [_thread_blocked, id=9788, stack(0x000000b214b00000,0x000000b214c00000) (1024K)]
  0x0000027a43d47a50 JavaThread "Notification Thread"        daemon [_thread_blocked, id=27228, stack(0x000000b214c00000,0x000000b214d00000) (1024K)]
  0x0000027a43d48e00 JavaThread "Daemon health stats"               [_thread_blocked, id=28164, stack(0x000000b215100000,0x000000b215200000) (1024K)]
  0x0000027a43d49490 JavaThread "Incoming local TCP Connector on port 50063"        [_thread_in_native, id=23256, stack(0x000000b215200000,0x000000b215300000) (1024K)]
  0x0000027a43d49b20 JavaThread "Daemon periodic checks"            [_thread_blocked, id=9020, stack(0x000000b215300000,0x000000b215400000) (1024K)]
  0x0000027a43d4a840 JavaThread "Daemon"                            [_thread_blocked, id=25408, stack(0x000000b215400000,0x000000b215500000) (1024K)]
  0x0000027a8ab5dbb0 JavaThread "Handler for socket connection from /127.0.0.1:50063 to /127.0.0.1:50065"        [_thread_in_native, id=22208, stack(0x000000b215500000,0x000000b215600000) (1024K)]
  0x0000027a8ab5e240 JavaThread "Cancel handler"                    [_thread_blocked, id=10808, stack(0x000000b215600000,0x000000b215700000) (1024K)]
  0x0000027a8ab5d520 JavaThread "Daemon worker"                     [_thread_in_Java, id=9280, stack(0x000000b215700000,0x000000b215800000) (1024K)]
  0x0000027a8ab5c800 JavaThread "Asynchronous log dispatcher for DefaultDaemonConnection: socket connection from /127.0.0.1:50063 to /127.0.0.1:50065"        [_thread_blocked, id=13864, stack(0x000000b215800000,0x000000b215900000) (1024K)]
  0x0000027a8ab5ce90 JavaThread "Stdin handler"                     [_thread_blocked, id=31216, stack(0x000000b215900000,0x000000b215a00000) (1024K)]
  0x0000027a8ab5bae0 JavaThread "Daemon client event forwarder"        [_thread_blocked, id=17900, stack(0x000000b215a00000,0x000000b215b00000) (1024K)]
  0x0000027a8ab5ef60 JavaThread "Cache worker for journal cache (C:\Users\harsh\.gradle\caches\journal-1)"        [_thread_blocked, id=8052, stack(0x000000b215b00000,0x000000b215c00000) (1024K)]
  0x0000027a8ab5e8d0 JavaThread "File lock request listener"        [_thread_in_native, id=25872, stack(0x000000b215c00000,0x000000b215d00000) (1024K)]
  0x0000027a8ab5f5f0 JavaThread "Cache worker for file hash cache (C:\Users\harsh\.gradle\caches\8.11.1\fileHashes)"        [_thread_blocked, id=26276, stack(0x000000b215d00000,0x000000b215e00000) (1024K)]
  0x0000027a8ab623e0 JavaThread "Cache worker for file content cache (C:\Users\harsh\.gradle\caches\8.11.1\fileContent)"        [_thread_blocked, id=23792, stack(0x000000b216300000,0x000000b216400000) (1024K)]
  0x0000027a8ab62a70 JavaThread "Cache worker for file hash cache (C:\Users\harsh\AndroidStudioProjects\VidPlay\.gradle\8.11.1\fileHashes)"        [_thread_blocked, id=11132, stack(0x000000b216600000,0x000000b216700000) (1024K)]
  0x0000027a8ab63100 JavaThread "Cache worker for Build Output Cleanup Cache (C:\Users\harsh\AndroidStudioProjects\VidPlay\.gradle\buildOutputCleanup)"        [_thread_blocked, id=22800, stack(0x000000b216700000,0x000000b216800000) (1024K)]
  0x0000027a8ab616c0 JavaThread "File watcher server"        daemon [_thread_in_native, id=19316, stack(0x000000b216800000,0x000000b216900000) (1024K)]
  0x0000027a8ab609a0 JavaThread "File watcher consumer"      daemon [_thread_blocked, id=27672, stack(0x000000b216900000,0x000000b216a00000) (1024K)]
  0x0000027a8ab5fc80 JavaThread "Cache worker for checksums cache (C:\Users\harsh\AndroidStudioProjects\VidPlay\.gradle\8.11.1\checksums)"        [_thread_blocked, id=30008, stack(0x000000b216a00000,0x000000b216b00000) (1024K)]
  0x0000027a8ab60310 JavaThread "Cache worker for cache directory md-rule (C:\Users\harsh\.gradle\caches\8.11.1\md-rule)"        [_thread_blocked, id=21888, stack(0x000000b216b00000,0x000000b216c00000) (1024K)]
  0x0000027a8ab61030 JavaThread "Cache worker for cache directory md-supplier (C:\Users\harsh\.gradle\caches\8.11.1\md-supplier)"        [_thread_blocked, id=28232, stack(0x000000b216c00000,0x000000b216d00000) (1024K)]
  0x0000027a896f8900 JavaThread "C2 CompilerThread1"         daemon [_thread_in_native, id=15412, stack(0x000000b216d00000,0x000000b216e00000) (1024K)]
Total: 33

Other Threads:
  0x0000027a43d0ba70 VMThread "VM Thread"                           [id=19028, stack(0x000000b214200000,0x000000b214300000) (1024K)]
  0x0000027a43cfc660 WatcherThread "VM Periodic Task Thread"        [id=15408, stack(0x000000b214100000,0x000000b214200000) (1024K)]
  0x0000027a2c1b7070 WorkerThread "GC Thread#0"                     [id=27596, stack(0x000000b213c00000,0x000000b213d00000) (1024K)]
  0x0000027a897bcc20 WorkerThread "GC Thread#1"                     [id=22352, stack(0x000000b214d00000,0x000000b214e00000) (1024K)]
  0x0000027a897891b0 WorkerThread "GC Thread#2"                     [id=10768, stack(0x000000b214e00000,0x000000b214f00000) (1024K)]
  0x0000027a89615550 WorkerThread "GC Thread#3"                     [id=20048, stack(0x000000b214f00000,0x000000b215000000) (1024K)]
  0x0000027a89e9b560 WorkerThread "GC Thread#4"                     [id=11756, stack(0x000000b215000000,0x000000b215100000) (1024K)]
  0x0000027a8c8c4560 WorkerThread "GC Thread#5"                     [id=15376, stack(0x000000b215e00000,0x000000b215f00000) (1024K)]
  0x0000027a8c8c32f0 WorkerThread "GC Thread#6"                     [id=21000, stack(0x000000b215f00000,0x000000b216000000) (1024K)]
  0x0000027a8c8c41b0 WorkerThread "GC Thread#7"                     [id=32020, stack(0x000000b216000000,0x000000b216100000) (1024K)]
  0x0000027a8c8c3e00 WorkerThread "GC Thread#8"                     [id=25044, stack(0x000000b216100000,0x000000b216200000) (1024K)]
  0x0000027a8c8c4910 WorkerThread "GC Thread#9"                     [id=28184, stack(0x000000b216200000,0x000000b216300000) (1024K)]
  0x0000027a2c1ca5a0 ConcurrentGCThread "G1 Main Marker"            [id=9148, stack(0x000000b213d00000,0x000000b213e00000) (1024K)]
  0x0000027a2c1cd660 WorkerThread "G1 Conc#0"                       [id=19068, stack(0x000000b213e00000,0x000000b213f00000) (1024K)]
  0x0000027a8b6fd4d0 WorkerThread "G1 Conc#1"                       [id=20920, stack(0x000000b216400000,0x000000b216500000) (1024K)]
  0x0000027a8b6fd880 WorkerThread "G1 Conc#2"                       [id=32592, stack(0x000000b216500000,0x000000b216600000) (1024K)]
  0x0000027a43bcd560 ConcurrentGCThread "G1 Refine#0"               [id=19844, stack(0x000000b213f00000,0x000000b214000000) (1024K)]
  0x0000027a43bcdff0 ConcurrentGCThread "G1 Service"                [id=13636, stack(0x000000b214000000,0x000000b214100000) (1024K)]
Total: 18

Threads with active compile tasks:
C2 CompilerThread0  28764 4602       4       sun.invoke.util.BytecodeDescriptor::unparseSig (49 bytes)
C2 CompilerThread1  28764 4613       4       java.util.stream.AbstractPipeline::copyInto (54 bytes)
Total: 2

VM state: not at safepoint (normal execution)

VM Mutex/Monitor currently owned by a thread: None

Heap address: 0x0000000080000000, size: 2048 MB, Compressed Oops mode: 32-bit

CDS archive(s) mapped at: [0x0000027a44000000-0x0000027a44ba0000-0x0000027a44ba0000), size 12189696, SharedBaseAddress: 0x0000027a44000000, ArchiveRelocationMode: 1.
Compressed class space mapped at: 0x0000027a45000000-0x0000027a85000000, reserved size: 1073741824
Narrow klass base: 0x0000027a44000000, Narrow klass shift: 0, Narrow klass range: 0x100000000

GC Precious Log:
 CardTable entry size: 512
 Card Set container configuration: InlinePtr #cards 5 size 8 Array Of Cards #cards 12 size 40 Howl #buckets 4 coarsen threshold 1843 Howl Bitmap #cards 512 size 80 coarsen threshold 460 Card regions per heap region 1 cards per card region 2048
 CPUs: 12 total, 12 available
 Memory: 7581M
 Large Page Support: Disabled
 NUMA Support: Disabled
 Compressed Oops: Enabled (32-bit)
 Heap Region Size: 1M
 Heap Min Capacity: 8M
 Heap Initial Capacity: 120M
 Heap Max Capacity: 2G
 Pre-touch: Disabled
 Parallel Workers: 10
 Concurrent Workers: 3
 Concurrent Refinement Workers: 10
 Periodic GC: Disabled

Heap:
 garbage-first heap   total 95232K, used 38635K [0x0000000080000000, 0x0000000100000000)
  region size 1024K, 9 young (9216K), 5 survivors (5120K)
 Metaspace       used 38273K, committed 39744K, reserved 1114112K
  class space    used 5643K, committed 6336K, reserved 1048576K

Heap Regions: E=young(eden), S=young(survivor), O=old, HS=humongous(starts), HC=humongous(continues), CS=collection set, F=free, TAMS=top-at-mark-start, PB=parsable bottom
|   0|0x0000000080000000, 0x0000000080100000, 0x0000000080100000|100%| O|  |TAMS 0x0000000080000000| PB 0x0000000080000000| Untracked 
|   1|0x0000000080100000, 0x0000000080200000, 0x0000000080200000|100%|HS|  |TAMS 0x0000000080100000| PB 0x0000000080100000| Complete 
|   2|0x0000000080200000, 0x0000000080300000, 0x0000000080300000|100%|HC|  |TAMS 0x0000000080200000| PB 0x0000000080200000| Complete 
|   3|0x0000000080300000, 0x0000000080400000, 0x0000000080400000|100%|HC|  |TAMS 0x0000000080300000| PB 0x0000000080300000| Complete 
|   4|0x0000000080400000, 0x0000000080500000, 0x0000000080500000|100%| O|  |TAMS 0x0000000080400000| PB 0x0000000080400000| Untracked 
|   5|0x0000000080500000, 0x0000000080600000, 0x0000000080600000|100%| O|  |TAMS 0x0000000080500000| PB 0x0000000080500000| Untracked 
|   6|0x0000000080600000, 0x0000000080700000, 0x0000000080700000|100%| O|  |TAMS 0x0000000080600000| PB 0x0000000080600000| Untracked 
|   7|0x0000000080700000, 0x0000000080800000, 0x0000000080800000|100%|HS|  |TAMS 0x0000000080700000| PB 0x0000000080700000| Complete 
|   8|0x0000000080800000, 0x0000000080900000, 0x0000000080900000|100%| O|  |TAMS 0x0000000080800000| PB 0x0000000080800000| Untracked 
|   9|0x0000000080900000, 0x0000000080a00000, 0x0000000080a00000|100%| O|  |TAMS 0x0000000080900000| PB 0x0000000080900000| Untracked 
|  10|0x0000000080a00000, 0x0000000080b00000, 0x0000000080b00000|100%| O|  |TAMS 0x0000000080a00000| PB 0x0000000080a00000| Untracked 
|  11|0x0000000080b00000, 0x0000000080c00000, 0x0000000080c00000|100%| O|  |TAMS 0x0000000080b00000| PB 0x0000000080b00000| Untracked 
|  12|0x0000000080c00000, 0x0000000080d00000, 0x0000000080d00000|100%| O|  |TAMS 0x0000000080c00000| PB 0x0000000080c00000| Untracked 
|  13|0x0000000080d00000, 0x0000000080e00000, 0x0000000080e00000|100%| O|  |TAMS 0x0000000080d00000| PB 0x0000000080d00000| Untracked 
|  14|0x0000000080e00000, 0x0000000080f00000, 0x0000000080f00000|100%| O|  |TAMS 0x0000000080e00000| PB 0x0000000080e00000| Untracked 
|  15|0x0000000080f00000, 0x0000000081000000, 0x0000000081000000|100%| O|  |TAMS 0x0000000080f00000| PB 0x0000000080f00000| Untracked 
|  16|0x0000000081000000, 0x0000000081100000, 0x0000000081100000|100%| O|  |TAMS 0x0000000081000000| PB 0x0000000081000000| Untracked 
|  17|0x0000000081100000, 0x0000000081200000, 0x0000000081200000|100%| O|  |TAMS 0x0000000081100000| PB 0x0000000081100000| Untracked 
|  18|0x0000000081200000, 0x0000000081300000, 0x0000000081300000|100%| O|  |TAMS 0x0000000081200000| PB 0x0000000081200000| Untracked 
|  19|0x0000000081300000, 0x0000000081400000, 0x0000000081400000|100%| O|  |TAMS 0x0000000081300000| PB 0x0000000081300000| Untracked 
|  20|0x0000000081400000, 0x0000000081500000, 0x0000000081500000|100%| O|  |TAMS 0x0000000081400000| PB 0x0000000081400000| Untracked 
|  21|0x0000000081500000, 0x0000000081600000, 0x0000000081600000|100%| O|Cm|TAMS 0x0000000081500000| PB 0x0000000081500000| Complete 
|  22|0x0000000081600000, 0x0000000081700000, 0x0000000081700000|100%| O|  |TAMS 0x0000000081600000| PB 0x0000000081600000| Untracked 
|  23|0x0000000081700000, 0x0000000081800000, 0x0000000081800000|100%| O|  |TAMS 0x0000000081700000| PB 0x0000000081700000| Untracked 
|  24|0x0000000081800000, 0x0000000081900000, 0x0000000081900000|100%| O|  |TAMS 0x0000000081800000| PB 0x0000000081800000| Untracked 
|  25|0x0000000081900000, 0x0000000081a00000, 0x0000000081a00000|100%| O|  |TAMS 0x0000000081900000| PB 0x0000000081900000| Untracked 
|  26|0x0000000081a00000, 0x0000000081b00000, 0x0000000081b00000|100%| O|  |TAMS 0x0000000081a00000| PB 0x0000000081a00000| Untracked 
|  27|0x0000000081b00000, 0x0000000081c00000, 0x0000000081c00000|100%| O|  |TAMS 0x0000000081b00000| PB 0x0000000081b00000| Untracked 
|  28|0x0000000081c00000, 0x0000000081d00000, 0x0000000081d00000|100%| O|  |TAMS 0x0000000081c00000| PB 0x0000000081c00000| Untracked 
|  29|0x0000000081d00000, 0x0000000081e00000, 0x0000000081e00000|100%| O|  |TAMS 0x0000000081d00000| PB 0x0000000081d00000| Untracked 
|  30|0x0000000081e00000, 0x0000000081e6ef40, 0x0000000081f00000| 43%| O|  |TAMS 0x0000000081e00000| PB 0x0000000081e00000| Untracked 
|  31|0x0000000081f00000, 0x0000000081f00000, 0x0000000082000000|  0%| F|  |TAMS 0x0000000081f00000| PB 0x0000000081f00000| Untracked 
|  32|0x0000000082000000, 0x0000000082000000, 0x0000000082100000|  0%| F|  |TAMS 0x0000000082000000| PB 0x0000000082000000| Untracked 
|  33|0x0000000082100000, 0x0000000082100000, 0x0000000082200000|  0%| F|  |TAMS 0x0000000082100000| PB 0x0000000082100000| Untracked 
|  34|0x0000000082200000, 0x0000000082200000, 0x0000000082300000|  0%| F|  |TAMS 0x0000000082200000| PB 0x0000000082200000| Untracked 
|  35|0x0000000082300000, 0x0000000082300000, 0x0000000082400000|  0%| F|  |TAMS 0x0000000082300000| PB 0x0000000082300000| Untracked 
|  36|0x0000000082400000, 0x0000000082400000, 0x0000000082500000|  0%| F|  |TAMS 0x0000000082400000| PB 0x0000000082400000| Untracked 
|  37|0x0000000082500000, 0x0000000082500000, 0x0000000082600000|  0%| F|  |TAMS 0x0000000082500000| PB 0x0000000082500000| Untracked 
|  38|0x0000000082600000, 0x0000000082600000, 0x0000000082700000|  0%| F|  |TAMS 0x0000000082600000| PB 0x0000000082600000| Untracked 
|  39|0x0000000082700000, 0x0000000082700000, 0x0000000082800000|  0%| F|  |TAMS 0x0000000082700000| PB 0x0000000082700000| Untracked 
|  40|0x0000000082800000, 0x000000008284bea0, 0x0000000082900000| 29%| S|CS|TAMS 0x0000000082800000| PB 0x0000000082800000| Complete 
|  41|0x0000000082900000, 0x0000000082a00000, 0x0000000082a00000|100%| S|CS|TAMS 0x0000000082900000| PB 0x0000000082900000| Complete 
|  42|0x0000000082a00000, 0x0000000082b00000, 0x0000000082b00000|100%| S|CS|TAMS 0x0000000082a00000| PB 0x0000000082a00000| Complete 
|  43|0x0000000082b00000, 0x0000000082c00000, 0x0000000082c00000|100%| S|CS|TAMS 0x0000000082b00000| PB 0x0000000082b00000| Complete 
|  44|0x0000000082c00000, 0x0000000082d00000, 0x0000000082d00000|100%| S|CS|TAMS 0x0000000082c00000| PB 0x0000000082c00000| Complete 
|  45|0x0000000082d00000, 0x0000000082d00000, 0x0000000082e00000|  0%| F|  |TAMS 0x0000000082d00000| PB 0x0000000082d00000| Untracked 
|  46|0x0000000082e00000, 0x0000000082e00000, 0x0000000082f00000|  0%| F|  |TAMS 0x0000000082e00000| PB 0x0000000082e00000| Untracked 
|  47|0x0000000082f00000, 0x0000000082f00000, 0x0000000083000000|  0%| F|  |TAMS 0x0000000082f00000| PB 0x0000000082f00000| Untracked 
|  48|0x0000000083000000, 0x0000000083000000, 0x0000000083100000|  0%| F|  |TAMS 0x0000000083000000| PB 0x0000000083000000| Untracked 
|  49|0x0000000083100000, 0x0000000083100000, 0x0000000083200000|  0%| F|  |TAMS 0x0000000083100000| PB 0x0000000083100000| Untracked 
|  50|0x0000000083200000, 0x0000000083200000, 0x0000000083300000|  0%| F|  |TAMS 0x0000000083200000| PB 0x0000000083200000| Untracked 
|  51|0x0000000083300000, 0x0000000083300000, 0x0000000083400000|  0%| F|  |TAMS 0x0000000083300000| PB 0x0000000083300000| Untracked 
|  52|0x0000000083400000, 0x0000000083400000, 0x0000000083500000|  0%| F|  |TAMS 0x0000000083400000| PB 0x0000000083400000| Untracked 
|  53|0x0000000083500000, 0x0000000083500000, 0x0000000083600000|  0%| F|  |TAMS 0x0000000083500000| PB 0x0000000083500000| Untracked 
|  54|0x0000000083600000, 0x0000000083600000, 0x0000000083700000|  0%| F|  |TAMS 0x0000000083600000| PB 0x0000000083600000| Untracked 
|  55|0x0000000083700000, 0x0000000083700000, 0x0000000083800000|  0%| F|  |TAMS 0x0000000083700000| PB 0x0000000083700000| Untracked 
|  56|0x0000000083800000, 0x0000000083800000, 0x0000000083900000|  0%| F|  |TAMS 0x0000000083800000| PB 0x0000000083800000| Untracked 
|  57|0x0000000083900000, 0x0000000083900000, 0x0000000083a00000|  0%| F|  |TAMS 0x0000000083900000| PB 0x0000000083900000| Untracked 
|  58|0x0000000083a00000, 0x0000000083a00000, 0x0000000083b00000|  0%| F|  |TAMS 0x0000000083a00000| PB 0x0000000083a00000| Untracked 
|  59|0x0000000083b00000, 0x0000000083b00000, 0x0000000083c00000|  0%| F|  |TAMS 0x0000000083b00000| PB 0x0000000083b00000| Untracked 
|  60|0x0000000083c00000, 0x0000000083c00000, 0x0000000083d00000|  0%| F|  |TAMS 0x0000000083c00000| PB 0x0000000083c00000| Untracked 
|  61|0x0000000083d00000, 0x0000000083d00000, 0x0000000083e00000|  0%| F|  |TAMS 0x0000000083d00000| PB 0x0000000083d00000| Untracked 
|  62|0x0000000083e00000, 0x0000000083e00000, 0x0000000083f00000|  0%| F|  |TAMS 0x0000000083e00000| PB 0x0000000083e00000| Untracked 
|  63|0x0000000083f00000, 0x0000000083f00000, 0x0000000084000000|  0%| F|  |TAMS 0x0000000083f00000| PB 0x0000000083f00000| Untracked 
|  64|0x0000000084000000, 0x0000000084000000, 0x0000000084100000|  0%| F|  |TAMS 0x0000000084000000| PB 0x0000000084000000| Untracked 
|  65|0x0000000084100000, 0x0000000084100000, 0x0000000084200000|  0%| F|  |TAMS 0x0000000084100000| PB 0x0000000084100000| Untracked 
|  66|0x0000000084200000, 0x0000000084200000, 0x0000000084300000|  0%| F|  |TAMS 0x0000000084200000| PB 0x0000000084200000| Untracked 
|  67|0x0000000084300000, 0x0000000084300000, 0x0000000084400000|  0%| F|  |TAMS 0x0000000084300000| PB 0x0000000084300000| Untracked 
|  68|0x0000000084400000, 0x0000000084400000, 0x0000000084500000|  0%| F|  |TAMS 0x0000000084400000| PB 0x0000000084400000| Untracked 
|  69|0x0000000084500000, 0x0000000084500000, 0x0000000084600000|  0%| F|  |TAMS 0x0000000084500000| PB 0x0000000084500000| Untracked 
|  70|0x0000000084600000, 0x0000000084600000, 0x0000000084700000|  0%| F|  |TAMS 0x0000000084600000| PB 0x0000000084600000| Untracked 
|  71|0x0000000084700000, 0x0000000084700000, 0x0000000084800000|  0%| F|  |TAMS 0x0000000084700000| PB 0x0000000084700000| Untracked 
|  72|0x0000000084800000, 0x0000000084800000, 0x0000000084900000|  0%| F|  |TAMS 0x0000000084800000| PB 0x0000000084800000| Untracked 
|  73|0x0000000084900000, 0x0000000084900000, 0x0000000084a00000|  0%| F|  |TAMS 0x0000000084900000| PB 0x0000000084900000| Untracked 
|  74|0x0000000084a00000, 0x0000000084a00000, 0x0000000084b00000|  0%| F|  |TAMS 0x0000000084a00000| PB 0x0000000084a00000| Untracked 
|  75|0x0000000084b00000, 0x0000000084b00000, 0x0000000084c00000|  0%| F|  |TAMS 0x0000000084b00000| PB 0x0000000084b00000| Untracked 
|  76|0x0000000084c00000, 0x0000000084c00000, 0x0000000084d00000|  0%| F|  |TAMS 0x0000000084c00000| PB 0x0000000084c00000| Untracked 
|  77|0x0000000084d00000, 0x0000000084d00000, 0x0000000084e00000|  0%| F|  |TAMS 0x0000000084d00000| PB 0x0000000084d00000| Untracked 
|  78|0x0000000084e00000, 0x0000000084e00000, 0x0000000084f00000|  0%| F|  |TAMS 0x0000000084e00000| PB 0x0000000084e00000| Untracked 
|  79|0x0000000084f00000, 0x0000000084f00000, 0x0000000085000000|  0%| F|  |TAMS 0x0000000084f00000| PB 0x0000000084f00000| Untracked 
|  80|0x0000000085000000, 0x0000000085000000, 0x0000000085100000|  0%| F|  |TAMS 0x0000000085000000| PB 0x0000000085000000| Untracked 
|  81|0x0000000085100000, 0x0000000085100000, 0x0000000085200000|  0%| F|  |TAMS 0x0000000085100000| PB 0x0000000085100000| Untracked 
|  82|0x0000000085200000, 0x0000000085200000, 0x0000000085300000|  0%| F|  |TAMS 0x0000000085200000| PB 0x0000000085200000| Untracked 
|  83|0x0000000085300000, 0x0000000085300000, 0x0000000085400000|  0%| F|  |TAMS 0x0000000085300000| PB 0x0000000085300000| Untracked 
|  84|0x0000000085400000, 0x0000000085400000, 0x0000000085500000|  0%| F|  |TAMS 0x0000000085400000| PB 0x0000000085400000| Untracked 
|  85|0x0000000085500000, 0x0000000085500000, 0x0000000085600000|  0%| F|  |TAMS 0x0000000085500000| PB 0x0000000085500000| Untracked 
|  86|0x0000000085600000, 0x0000000085600000, 0x0000000085700000|  0%| F|  |TAMS 0x0000000085600000| PB 0x0000000085600000| Untracked 
|  87|0x0000000085700000, 0x0000000085700000, 0x0000000085800000|  0%| F|  |TAMS 0x0000000085700000| PB 0x0000000085700000| Untracked 
|  88|0x0000000085800000, 0x0000000085800000, 0x0000000085900000|  0%| F|  |TAMS 0x0000000085800000| PB 0x0000000085800000| Untracked 
|  92|0x0000000085c00000, 0x0000000085c88518, 0x0000000085d00000| 53%| E|  |TAMS 0x0000000085c00000| PB 0x0000000085c00000| Complete 
|  93|0x0000000085d00000, 0x0000000085e00000, 0x0000000085e00000|100%| E|CS|TAMS 0x0000000085d00000| PB 0x0000000085d00000| Complete 
|  94|0x0000000085e00000, 0x0000000085f00000, 0x0000000085f00000|100%| E|CS|TAMS 0x0000000085e00000| PB 0x0000000085e00000| Complete 
| 119|0x0000000087700000, 0x0000000087800000, 0x0000000087800000|100%| E|CS|TAMS 0x0000000087700000| PB 0x0000000087700000| Complete 

Card table byte_map: [0x0000027a3ecb0000,0x0000027a3f0b0000] _byte_map_base: 0x0000027a3e8b0000

Marking Bits: (CMBitMap*) 0x0000027a2c1b7690
 Bits: [0x0000027a3f0b0000, 0x0000027a410b0000)

Polling page: 0x0000027a29da0000

Metaspace:

Usage:
  Non-class:     31.89 MB used.
      Class:      5.51 MB used.
       Both:     37.40 MB used.

Virtual space:
  Non-class space:       64.00 MB reserved,      32.62 MB ( 51%) committed,  1 nodes.
      Class space:        1.00 GB reserved,       6.19 MB ( <1%) committed,  1 nodes.
             Both:        1.06 GB reserved,      38.81 MB (  4%) committed. 

Chunk freelists:
   Non-Class:  15.02 MB
       Class:  9.76 MB
        Both:  24.78 MB

MaxMetaspaceSize: unlimited
CompressedClassSpaceSize: 1.00 GB
Initial GC threshold: 21.00 MB
Current GC threshold: 59.31 MB
CDS: on
 - commit_granule_bytes: 65536.
 - commit_granule_words: 8192.
 - virtual_space_node_default_size: 8388608.
 - enlarge_chunks_in_place: 1.
 - use_allocation_guard: 0.


Internal statistics:

num_allocs_failed_limit: 9.
num_arena_births: 2570.
num_arena_deaths: 0.
num_vsnodes_births: 2.
num_vsnodes_deaths: 0.
num_space_committed: 621.
num_space_uncommitted: 0.
num_chunks_returned_to_freelist: 9.
num_chunks_taken_from_freelist: 4346.
num_chunk_merges: 6.
num_chunk_splits: 2800.
num_chunks_enlarged: 1725.
num_inconsistent_stats: 0.

CodeHeap 'non-profiled nmethods': size=120000Kb used=2223Kb max_used=2232Kb free=117776Kb
 bounds [0x0000027a36e30000, 0x0000027a370a0000, 0x0000027a3e360000]
CodeHeap 'profiled nmethods': size=120000Kb used=7977Kb max_used=8663Kb free=112022Kb
 bounds [0x0000027a2f360000, 0x0000027a2fbe0000, 0x0000027a36890000]
CodeHeap 'non-nmethods': size=5760Kb used=1827Kb max_used=1846Kb free=3932Kb
 bounds [0x0000027a36890000, 0x0000027a36b00000, 0x0000027a36e30000]
CodeCache: size=245760Kb, used=12027Kb, max_used=12741Kb, free=233730Kb
 total_blobs=4839, nmethods=4140, adapters=602, full_count=0
Compilation: enabled, stopped_count=0, restarted_count=0

Compilation events (20 events):
Event: 26.509 Thread 0x0000027a43d50460 nmethod 4595 0x0000027a2f40dc10 code [0x0000027a2f40ddc0, 0x0000027a2f40df38]
Event: 26.509 Thread 0x0000027a43d50460 4596       3       java.lang.invoke.MethodHandles$Lookup$ClassFile::<init> (20 bytes)
Event: 26.509 Thread 0x0000027a43d50460 nmethod 4596 0x0000027a2f504710 code [0x0000027a2f5048c0, 0x0000027a2f504ae8]
Event: 26.538 Thread 0x0000027a43d4f890 4597       4       jdk.internal.org.objectweb.asm.MethodWriter::visitTypeInsn (116 bytes)
Event: 26.545 Thread 0x0000027a43d4f890 nmethod 4597 0x0000027a36f2cd90 code [0x0000027a36f2cf60, 0x0000027a36f2d308]
Event: 26.593 Thread 0x0000027a43d4f890 4598       4       jdk.internal.loader.URLClassPath$JarLoader$2::getCodeSourceURL (8 bytes)
Event: 26.594 Thread 0x0000027a43d4f890 nmethod 4598 0x0000027a36f2ca90 code [0x0000027a36f2cc20, 0x0000027a36f2ccc8]
Event: 26.608 Thread 0x0000027a43d4f890 4600       4       jdk.internal.org.objectweb.asm.Frame::merge (317 bytes)
Event: 26.612 Thread 0x0000027a43d4f890 nmethod 4600 0x0000027a36e80490 code [0x0000027a36e80640, 0x0000027a36e808e8]
Event: 26.612 Thread 0x0000027a43d4f890 4601       4       java.util.HashMap::<init> (98 bytes)
Event: 26.616 Thread 0x0000027a43d4f890 nmethod 4601 0x0000027a36f2c290 code [0x0000027a36f2c420, 0x0000027a36f2c5a8]
Event: 26.616 Thread 0x0000027a43d4f890 4602       4       sun.invoke.util.BytecodeDescriptor::unparseSig (49 bytes)
Event: 26.681 Thread 0x0000027a43d50460 4604       3       org.gradle.model.internal.asm.MethodVisitorScope::_RETURN (8 bytes)
Event: 26.681 Thread 0x0000027a43d50460 nmethod 4604 0x0000027a2f504210 code [0x0000027a2f5043c0, 0x0000027a2f504630]
Event: 26.682 Thread 0x0000027a43d50460 4605       3       java.lang.invoke.LambdaForm$DMH/0x0000027a451e0400::newInvokeSpecial (32 bytes)
Event: 26.682 Thread 0x0000027a43d50460 nmethod 4605 0x0000027a2f6b7510 code [0x0000027a2f6b7700, 0x0000027a2f6b7eb8]
Event: 27.572 Thread 0x0000027a43d50460 4606       3       java.io.BufferedInputStream::implRead (49 bytes)
Event: 27.573 Thread 0x0000027a43d50460 nmethod 4606 0x0000027a2f503b90 code [0x0000027a2f503d60, 0x0000027a2f504020]
Event: 27.724 Thread 0x0000027a43d50460 4607       3       java.util.stream.Collectors$$Lambda/0x0000027a45074bd8::accept (14 bytes)
Event: 27.725 Thread 0x0000027a43d50460 nmethod 4607 0x0000027a2f791710 code [0x0000027a2f791900, 0x0000027a2f791e98]

GC Heap History (18 events):
Event: 1.306 GC heap before
{Heap before GC invocations=0 (full 0):
 garbage-first heap   total 122880K, used 22528K [0x0000000080000000, 0x0000000100000000)
  region size 1024K, 23 young (23552K), 0 survivors (0K)
 Metaspace       used 1080K, committed 1216K, reserved 1114112K
  class space    used 81K, committed 128K, reserved 1048576K
}
Event: 1.318 GC heap after
{Heap after GC invocations=1 (full 0):
 garbage-first heap   total 122880K, used 3392K [0x0000000080000000, 0x0000000100000000)
  region size 1024K, 3 young (3072K), 3 survivors (3072K)
 Metaspace       used 1080K, committed 1216K, reserved 1114112K
  class space    used 81K, committed 128K, reserved 1048576K
}
Event: 3.527 GC heap before
{Heap before GC invocations=1 (full 0):
 garbage-first heap   total 122880K, used 39232K [0x0000000080000000, 0x0000000100000000)
  region size 1024K, 36 young (36864K), 3 survivors (3072K)
 Metaspace       used 4377K, committed 4544K, reserved 1114112K
  class space    used 553K, committed 640K, reserved 1048576K
}
Event: 3.543 GC heap after
{Heap after GC invocations=2 (full 0):
 garbage-first heap   total 122880K, used 11335K [0x0000000080000000, 0x0000000100000000)
  region size 1024K, 5 young (5120K), 5 survivors (5120K)
 Metaspace       used 4377K, committed 4544K, reserved 1114112K
  class space    used 553K, committed 640K, reserved 1048576K
}
Event: 5.847 GC heap before
{Heap before GC invocations=2 (full 0):
 garbage-first heap   total 122880K, used 57415K [0x0000000080000000, 0x0000000100000000)
  region size 1024K, 48 young (49152K), 5 survivors (5120K)
 Metaspace       used 4754K, committed 4928K, reserved 1114112K
  class space    used 610K, committed 704K, reserved 1048576K
}
Event: 5.862 GC heap after
{Heap after GC invocations=3 (full 0):
 garbage-first heap   total 122880K, used 16725K [0x0000000080000000, 0x0000000100000000)
  region size 1024K, 5 young (5120K), 5 survivors (5120K)
 Metaspace       used 4754K, committed 4928K, reserved 1114112K
  class space    used 610K, committed 704K, reserved 1048576K
}
Event: 14.756 GC heap before
{Heap before GC invocations=3 (full 0):
 garbage-first heap   total 122880K, used 84309K [0x0000000080000000, 0x0000000100000000)
  region size 1024K, 72 young (73728K), 5 survivors (5120K)
 Metaspace       used 17682K, committed 18176K, reserved 1114112K
  class space    used 2531K, committed 2752K, reserved 1048576K
}
Event: 14.803 GC heap after
{Heap after GC invocations=4 (full 0):
 garbage-first heap   total 122880K, used 22062K [0x0000000080000000, 0x0000000100000000)
  region size 1024K, 9 young (9216K), 9 survivors (9216K)
 Metaspace       used 17682K, committed 18176K, reserved 1114112K
  class space    used 2531K, committed 2752K, reserved 1048576K
}
Event: 16.301 GC heap before
{Heap before GC invocations=4 (full 0):
 garbage-first heap   total 122880K, used 46638K [0x0000000080000000, 0x0000000100000000)
  region size 1024K, 34 young (34816K), 9 survivors (9216K)
 Metaspace       used 20822K, committed 21504K, reserved 1114112K
  class space    used 3077K, committed 3392K, reserved 1048576K
}
Event: 16.345 GC heap after
{Heap after GC invocations=5 (full 0):
 garbage-first heap   total 122880K, used 25213K [0x0000000080000000, 0x0000000100000000)
  region size 1024K, 3 young (3072K), 3 survivors (3072K)
 Metaspace       used 20822K, committed 21504K, reserved 1114112K
  class space    used 3077K, committed 3392K, reserved 1048576K
}
Event: 20.105 GC heap before
{Heap before GC invocations=6 (full 0):
 garbage-first heap   total 89088K, used 87677K [0x0000000080000000, 0x0000000100000000)
  region size 1024K, 64 young (65536K), 3 survivors (3072K)
 Metaspace       used 28643K, committed 29888K, reserved 1114112K
  class space    used 4372K, committed 4992K, reserved 1048576K
}
Event: 20.116 GC heap after
{Heap after GC invocations=7 (full 0):
 garbage-first heap   total 95232K, used 28089K [0x0000000080000000, 0x0000000100000000)
  region size 1024K, 6 young (6144K), 6 survivors (6144K)
 Metaspace       used 28643K, committed 29888K, reserved 1114112K
  class space    used 4372K, committed 4992K, reserved 1048576K
}
Event: 21.855 GC heap before
{Heap before GC invocations=7 (full 0):
 garbage-first heap   total 95232K, used 54713K [0x0000000080000000, 0x0000000100000000)
  region size 1024K, 34 young (34816K), 6 survivors (6144K)
 Metaspace       used 34720K, committed 35968K, reserved 1114112K
  class space    used 5061K, committed 5696K, reserved 1048576K
}
Event: 21.866 GC heap after
{Heap after GC invocations=8 (full 0):
 garbage-first heap   total 95232K, used 31863K [0x0000000080000000, 0x0000000100000000)
  region size 1024K, 7 young (7168K), 7 survivors (7168K)
 Metaspace       used 34720K, committed 35968K, reserved 1114112K
  class space    used 5061K, committed 5696K, reserved 1048576K
}
Event: 22.274 GC heap before
{Heap before GC invocations=8 (full 0):
 garbage-first heap   total 95232K, used 51319K [0x0000000080000000, 0x0000000100000000)
  region size 1024K, 27 young (27648K), 7 survivors (7168K)
 Metaspace       used 35026K, committed 36288K, reserved 1114112K
  class space    used 5088K, committed 5696K, reserved 1048576K
}
Event: 22.291 GC heap after
{Heap after GC invocations=9 (full 0):
 garbage-first heap   total 95232K, used 33327K [0x0000000080000000, 0x0000000100000000)
  region size 1024K, 3 young (3072K), 3 survivors (3072K)
 Metaspace       used 35026K, committed 36288K, reserved 1114112K
  class space    used 5088K, committed 5696K, reserved 1048576K
}
Event: 26.621 GC heap before
{Heap before GC invocations=10 (full 0):
 garbage-first heap   total 95232K, used 79407K [0x0000000080000000, 0x0000000100000000)
  region size 1024K, 48 young (49152K), 3 survivors (3072K)
 Metaspace       used 37908K, committed 39360K, reserved 1114112K
  class space    used 5589K, committed 6272K, reserved 1048576K
}
Event: 26.632 GC heap after
{Heap after GC invocations=11 (full 0):
 garbage-first heap   total 95232K, used 35563K [0x0000000080000000, 0x0000000100000000)
  region size 1024K, 5 young (5120K), 5 survivors (5120K)
 Metaspace       used 37908K, committed 39360K, reserved 1114112K
  class space    used 5589K, committed 6272K, reserved 1048576K
}

Dll operation events (14 events):
Event: 0.026 Loaded shared library C:\Users\harsh\.vscode\extensions\redhat.java-1.53.0-win32-x64\jre\21.0.10-win32-x86_64\bin\java.dll
Event: 0.171 Loaded shared library C:\Users\harsh\.vscode\extensions\redhat.java-1.53.0-win32-x64\jre\21.0.10-win32-x86_64\bin\zip.dll
Event: 0.225 Loaded shared library C:\Users\harsh\.vscode\extensions\redhat.java-1.53.0-win32-x64\jre\21.0.10-win32-x86_64\bin\instrument.dll
Event: 0.237 Loaded shared library C:\Users\harsh\.vscode\extensions\redhat.java-1.53.0-win32-x64\jre\21.0.10-win32-x86_64\bin\net.dll
Event: 0.245 Loaded shared library C:\Users\harsh\.vscode\extensions\redhat.java-1.53.0-win32-x64\jre\21.0.10-win32-x86_64\bin\nio.dll
Event: 0.252 Loaded shared library C:\Users\harsh\.vscode\extensions\redhat.java-1.53.0-win32-x64\jre\21.0.10-win32-x86_64\bin\zip.dll
Event: 1.078 Loaded shared library C:\Users\harsh\.vscode\extensions\redhat.java-1.53.0-win32-x64\jre\21.0.10-win32-x86_64\bin\jimage.dll
Event: 1.533 Loaded shared library C:\Users\harsh\.vscode\extensions\redhat.java-1.53.0-win32-x64\jre\21.0.10-win32-x86_64\bin\verify.dll
Event: 1.929 Loaded shared library C:\Users\harsh\.gradle\native\c067742578af261105cb4f569cf0c3c89f3d7b1fecec35dd04571415982c5e48\windows-amd64\native-platform.dll
Event: 1.945 Loaded shared library C:\Users\harsh\.gradle\native\100fb08df4bc3b14c8652ba06237920a3bd2aa13389f12d3474272988ae205f9\windows-amd64\native-platform-file-events.dll
Event: 6.616 Loaded shared library C:\Users\harsh\.vscode\extensions\redhat.java-1.53.0-win32-x64\jre\21.0.10-win32-x86_64\bin\management.dll
Event: 6.630 Loaded shared library C:\Users\harsh\.vscode\extensions\redhat.java-1.53.0-win32-x64\jre\21.0.10-win32-x86_64\bin\management_ext.dll
Event: 7.124 Loaded shared library C:\Users\harsh\.vscode\extensions\redhat.java-1.53.0-win32-x64\jre\21.0.10-win32-x86_64\bin\extnet.dll
Event: 8.047 Loaded shared library C:\Users\harsh\.vscode\extensions\redhat.java-1.53.0-win32-x64\jre\21.0.10-win32-x86_64\bin\sunmscapi.dll

Deoptimization events (20 events):
Event: 26.143 Thread 0x0000027a8ab5d520 Uncommon trap: trap_request=0xffffff45 fr.pc=0x0000027a36ecb448 relative=0x0000000000001d08
Event: 26.143 Thread 0x0000027a8ab5d520 Uncommon trap: reason=unstable_if action=reinterpret pc=0x0000027a36ecb448 method=java.lang.ClassLoader.checkCerts(Ljava/lang/String;Ljava/security/CodeSource;)V @ 9 c2
Event: 26.143 Thread 0x0000027a8ab5d520 DEOPT PACKING pc=0x0000027a36ecb448 sp=0x000000b2157fa020
Event: 26.143 Thread 0x0000027a8ab5d520 DEOPT UNPACKING pc=0x0000027a368e4422 sp=0x000000b2157f9e80 mode 2
Event: 26.147 Thread 0x0000027a8ab5d520 Uncommon trap: trap_request=0xffffff45 fr.pc=0x0000027a36ff36dc relative=0x00000000000008bc
Event: 26.147 Thread 0x0000027a8ab5d520 Uncommon trap: reason=unstable_if action=reinterpret pc=0x0000027a36ff36dc method=java.lang.Class.getPackageName()Ljava/lang/String; @ 55 c2
Event: 26.147 Thread 0x0000027a8ab5d520 DEOPT PACKING pc=0x0000027a36ff36dc sp=0x000000b2157f9ea0
Event: 26.147 Thread 0x0000027a8ab5d520 DEOPT UNPACKING pc=0x0000027a368e4422 sp=0x000000b2157f9e70 mode 2
Event: 26.224 Thread 0x0000027a8ab5d520 Uncommon trap: trap_request=0xffffff45 fr.pc=0x0000027a37001d1c relative=0x0000000000000a3c
Event: 26.224 Thread 0x0000027a8ab5d520 Uncommon trap: reason=unstable_if action=reinterpret pc=0x0000027a37001d1c method=org.objectweb.asm.Frame.push(I)V @ 26 c2
Event: 26.224 Thread 0x0000027a8ab5d520 DEOPT PACKING pc=0x0000027a37001d1c sp=0x000000b2157f8e40
Event: 26.224 Thread 0x0000027a8ab5d520 DEOPT UNPACKING pc=0x0000027a368e4422 sp=0x000000b2157f8d48 mode 2
Event: 26.317 Thread 0x0000027a8ab5d520 Uncommon trap: trap_request=0xffffff45 fr.pc=0x0000027a36ff18b8 relative=0x0000000000000578
Event: 26.317 Thread 0x0000027a8ab5d520 Uncommon trap: reason=unstable_if action=reinterpret pc=0x0000027a36ff18b8 method=java.lang.invoke.InvokerBytecodeGenerator.storeInsnOpcode(Ljava/lang/invoke/LambdaForm$BasicType;)I @ 8 c2
Event: 26.317 Thread 0x0000027a8ab5d520 DEOPT PACKING pc=0x0000027a36ff18b8 sp=0x000000b2157f79c0
Event: 26.317 Thread 0x0000027a8ab5d520 DEOPT UNPACKING pc=0x0000027a368e4422 sp=0x000000b2157f7908 mode 2
Event: 26.318 Thread 0x0000027a8ab5d520 Uncommon trap: trap_request=0xffffff3d fr.pc=0x0000027a36fdfdf4 relative=0x0000000000000c74
Event: 26.318 Thread 0x0000027a8ab5d520 Uncommon trap: reason=unstable_fused_if action=reinterpret pc=0x0000027a36fdfdf4 method=org.objectweb.asm.ByteVector.putUTF8(Ljava/lang/String;)Lorg/objectweb/asm/ByteVector; @ 93 c2
Event: 26.318 Thread 0x0000027a8ab5d520 DEOPT PACKING pc=0x0000027a36fdfdf4 sp=0x000000b2157f8380
Event: 26.318 Thread 0x0000027a8ab5d520 DEOPT UNPACKING pc=0x0000027a368e4422 sp=0x000000b2157f82d8 mode 2

Classes loaded (20 events):
Event: 22.197 Loading class java/util/WeakHashMap$HashIterator done
Event: 22.197 Loading class java/util/WeakHashMap$KeyIterator done
Event: 22.582 Loading class sun/nio/fs/WindowsPath$1
Event: 22.582 Loading class sun/nio/fs/WindowsPath$1 done
Event: 22.584 Loading class sun/nio/fs/WindowsException
Event: 22.585 Loading class sun/nio/fs/WindowsException done
Event: 23.031 Loading class java/util/Collections$SynchronizedRandomAccessList
Event: 23.033 Loading class java/util/Collections$SynchronizedList
Event: 23.034 Loading class java/util/Collections$SynchronizedList done
Event: 23.034 Loading class java/util/Collections$SynchronizedRandomAccessList done
Event: 25.804 Loading class java/nio/charset/CharacterCodingException
Event: 25.805 Loading class java/nio/charset/CharacterCodingException done
Event: 25.971 Loading class java/security/CodeSigner
Event: 25.972 Loading class java/security/CodeSigner done
Event: 26.054 Loading class java/util/stream/Streams$RangeIntSpliterator
Event: 26.055 Loading class java/util/stream/Streams$RangeIntSpliterator done
Event: 26.129 Loading class jdk/internal/loader/URLClassPath$FileLoader
Event: 26.132 Loading class jdk/internal/loader/URLClassPath$FileLoader done
Event: 26.139 Loading class jdk/internal/loader/URLClassPath$FileLoader$1
Event: 26.139 Loading class jdk/internal/loader/URLClassPath$FileLoader$1 done

Classes unloaded (0 events):
No events

Classes redefined (0 events):
No events

Internal exceptions (20 events):
Event: 22.591 Thread 0x0000027a8ab5d520 Exception <a 'sun/nio/fs/WindowsException'{0x00000000877f66b8}> (0x00000000877f66b8) 
thrown [s\src\hotspot\share\prims\jni.cpp, line 520]
Event: 22.783 Thread 0x0000027a8ab5d520 Exception <a 'java/lang/NoSuchMethodError'{0x0000000085d1ed38}: 'java.lang.Object java.lang.invoke.Invokers$Holder.invoker(java.lang.Object, java.lang.Object, java.lang.Object, java.lang.Object, java.lang.Object, java.lang.Object)'> (0x0000000085d1ed38) 
thrown [s\src\hotspot\share\interpreter\linkResolver.cpp, line 773]
Event: 23.244 Thread 0x0000027a8ab5d520 Exception <a 'java/lang/NoSuchMethodError'{0x0000000085c25d78}: 'java.lang.Object java.lang.invoke.DirectMethodHandle$Holder.invokeSpecial(java.lang.Object, java.lang.Object, java.lang.Object, java.lang.Object, java.lang.Object, java.lang.Object, java.lang.Object, java.lang.Object, java.lang.Object, java.lang.Object, java.lang.Object, java.lang.Object, java.lang.Object, java.lang.Object, java.lang.Object, java.lang.Object, java.lang.Object, java.lang.Object, java.lang.Object, java.lang.Object, java.lang.Ob
Event: 23.245 Thread 0x0000027a8ab5d520 Exception <a 'java/lang/NoSuchMethodError'{0x0000000085c2be50}: 'java.lang.Object java.lang.invoke.DelegatingMethodHandle$Holder.reinvoke_L(java.lang.Object, java.lang.Object, java.lang.Object, java.lang.Object, java.lang.Object, java.lang.Object, java.lang.Object, java.lang.Object, java.lang.Object, java.lang.Object, java.lang.Object, java.lang.Object, java.lang.Object, java.lang.Object, java.lang.Object, java.lang.Object, java.lang.Object, java.lang.Object, java.lang.Object, java.lang.Object, java.lang.O
Event: 23.247 Thread 0x0000027a8ab5d520 Exception <a 'java/lang/NoSuchMethodError'{0x0000000085c37038}: 'java.lang.Object java.lang.invoke.Invokers$Holder.invoker(java.lang.Object, java.lang.Object, java.lang.Object, java.lang.Object, java.lang.Object, java.lang.Object, java.lang.Object, java.lang.Object, java.lang.Object, java.lang.Object, java.lang.Object, java.lang.Object, java.lang.Object, java.lang.Object, java.lang.Object, java.lang.Object, java.lang.Object, java.lang.Object, java.lang.Object, java.lang.Object, java.lang.Object, java.lang.
Event: 23.248 Thread 0x0000027a8ab5d520 Exception <a 'java/lang/NoSuchMethodError'{0x0000000085c3d9c0}: 'java.lang.Object java.lang.invoke.DelegatingMethodHandle$Holder.delegate(java.lang.Object, java.lang.Object, java.lang.Object, java.lang.Object, java.lang.Object, java.lang.Object, java.lang.Object, java.lang.Object, java.lang.Object, java.lang.Object, java.lang.Object, java.lang.Object, java.lang.Object, java.lang.Object, java.lang.Object, java.lang.Object, java.lang.Object, java.lang.Object, java.lang.Object, java.lang.Object, java.lang.Obj
Event: 24.679 Thread 0x0000027a8ab5d520 Exception <a 'java/lang/IncompatibleClassChangeError'{0x0000000083b0e200}: Found class java.lang.Object, but interface was expected> (0x0000000083b0e200) 
thrown [s\src\hotspot\share\interpreter\linkResolver.cpp, line 840]
Event: 24.713 Thread 0x0000027a8ab5d520 Exception <a 'java/lang/NoSuchMethodError'{0x0000000083bbf840}: 'java.lang.Object java.lang.invoke.DirectMethodHandle$Holder.newInvokeSpecial(java.lang.Object, java.lang.Object, long)'> (0x0000000083bbf840) 
thrown [s\src\hotspot\share\interpreter\linkResolver.cpp, line 773]
Event: 24.714 Thread 0x0000027a8ab5d520 Exception <a 'java/lang/NoSuchMethodError'{0x0000000083bc3e98}: 'java.lang.Object java.lang.invoke.Invokers$Holder.linkToTargetMethod(java.lang.Object, long, java.lang.Object)'> (0x0000000083bc3e98) 
thrown [s\src\hotspot\share\interpreter\linkResolver.cpp, line 773]
Event: 24.757 Thread 0x0000027a8ab5f5f0 Implicit null exception at 0x0000027a3702dab4 to 0x0000027a3702ec60
Event: 25.828 Thread 0x0000027a8ab5d520 Exception <a 'java/lang/NoSuchMethodError'{0x0000000083964098}: 'int java.lang.invoke.DirectMethodHandle$Holder.invokeInterface(java.lang.Object, java.lang.Object)'> (0x0000000083964098) 
thrown [s\src\hotspot\share\interpreter\linkResolver.cpp, line 773]
Event: 26.049 Thread 0x0000027a8ab5d520 Exception <a 'java/lang/NoSuchMethodError'{0x00000000836a2f00}: 'java.lang.Object java.lang.invoke.DirectMethodHandle$Holder.invokeVirtual(java.lang.Object, java.lang.Object, int)'> (0x00000000836a2f00) 
thrown [s\src\hotspot\share\interpreter\linkResolver.cpp, line 773]
Event: 26.117 Thread 0x0000027a8ab5d520 Exception <a 'java/lang/NoSuchMethodError'{0x00000000834306b8}: 'void java.lang.invoke.DirectMethodHandle$Holder.invokeInterface(java.lang.Object, java.lang.Object, java.lang.Object, java.lang.Object, java.lang.Object, java.lang.Object, java.lang.Object)'> (0x00000000834306b8) 
thrown [s\src\hotspot\share\interpreter\linkResolver.cpp, line 773]
Event: 26.119 Thread 0x0000027a8ab5d520 Exception <a 'java/lang/NoSuchMethodError'{0x0000000083435040}: 'void java.lang.invoke.DelegatingMethodHandle$Holder.reinvoke_L(java.lang.Object, java.lang.Object, java.lang.Object, java.lang.Object, java.lang.Object, java.lang.Object, java.lang.Object)'> (0x0000000083435040) 
thrown [s\src\hotspot\share\interpreter\linkResolver.cpp, line 773]
Event: 26.198 Thread 0x0000027a8ab5d520 Exception <a 'java/lang/NoSuchMethodError'{0x0000000083354648}: 'java.lang.Object java.lang.invoke.DirectMethodHandle$Holder.invokeVirtual(java.lang.Object, java.lang.Object, java.lang.Object, java.lang.Object, java.lang.Object, java.lang.Object, java.lang.Object, java.lang.Object, java.lang.Object, java.lang.Object, java.lang.Object, java.lang.Object, java.lang.Object, java.lang.Object, java.lang.Object)'> (0x0000000083354648) 
thrown [s\src\hotspot\share\interpreter\linkResolver.cpp, line 773]
Event: 26.227 Thread 0x0000027a8ab5d520 Exception <a 'java/lang/NoSuchMethodError'{0x0000000083227348}: 'java.lang.Object java.lang.invoke.DirectMethodHandle$Holder.newInvokeSpecial(java.lang.Object, java.lang.Object, java.lang.Object, java.lang.Object, java.lang.Object, java.lang.Object, java.lang.Object, java.lang.Object, java.lang.Object, java.lang.Object, java.lang.Object, java.lang.Object, java.lang.Object)'> (0x0000000083227348) 
thrown [s\src\hotspot\share\interpreter\linkResolver.cpp, line 773]
Event: 26.419 Thread 0x0000027a8ab5d520 Exception <a 'java/lang/NoSuchMethodError'{0x0000000082f63d50}: 'java.lang.Object java.lang.invoke.DirectMethodHandle$Holder.newInvokeSpecial(java.lang.Object, java.lang.Object, java.lang.Object, java.lang.Object, int)'> (0x0000000082f63d50) 
thrown [s\src\hotspot\share\interpreter\linkResolver.cpp, line 773]
Event: 26.419 Thread 0x0000027a8ab5d520 Exception <a 'java/lang/NoSuchMethodError'{0x0000000082f68c78}: 'java.lang.Object java.lang.invoke.DirectMethodHandle$Holder.invokeSpecial(java.lang.Object, java.lang.Object, java.lang.Object, java.lang.Object, java.lang.Object, int)'> (0x0000000082f68c78) 
thrown [s\src\hotspot\share\interpreter\linkResolver.cpp, line 773]
Event: 26.420 Thread 0x0000027a8ab5d520 Exception <a 'java/lang/NoSuchMethodError'{0x0000000082f6d468}: 'java.lang.Object java.lang.invoke.Invokers$Holder.linkToTargetMethod(java.lang.Object, java.lang.Object, java.lang.Object, int, java.lang.Object)'> (0x0000000082f6d468) 
thrown [s\src\hotspot\share\interpreter\linkResolver.cpp, line 773]
Event: 26.602 Thread 0x0000027a8ab5d520 Exception <a 'java/lang/NoSuchMethodError'{0x0000000082dad658}: 'int java.lang.invoke.DirectMethodHandle$Holder.invokeInterface(java.lang.Object, java.lang.Object, java.lang.Object, java.lang.Object)'> (0x0000000082dad658) 
thrown [s\src\hotspot\share\interpreter\linkResolver.cpp, line 773]

ZGC Phase Switch (0 events):
No events

VM Operations (20 events):
Event: 22.374 Executing safepoint VM operation: G1PauseCleanup
Event: 22.404 Executing safepoint VM operation: G1PauseCleanup done
Event: 23.410 Executing safepoint VM operation: Cleanup
Event: 23.425 Executing safepoint VM operation: Cleanup done
Event: 24.431 Executing safepoint VM operation: Cleanup
Event: 24.432 Executing safepoint VM operation: Cleanup done
Event: 24.688 Executing non-safepoint VM operation: HandshakeAllThreads (Deoptimize)
Event: 24.688 Executing non-safepoint VM operation: HandshakeAllThreads (Deoptimize) done
Event: 24.754 Executing non-safepoint VM operation: HandshakeAllThreads (Deoptimize)
Event: 24.754 Executing non-safepoint VM operation: HandshakeAllThreads (Deoptimize) done
Event: 25.754 Executing safepoint VM operation: Cleanup
Event: 25.801 Executing safepoint VM operation: Cleanup done
Event: 26.386 Executing non-safepoint VM operation: HandshakeAllThreads (Deoptimize)
Event: 26.387 Executing non-safepoint VM operation: HandshakeAllThreads (Deoptimize) done
Event: 26.600 Executing non-safepoint VM operation: HandshakeAllThreads (Deoptimize)
Event: 26.600 Executing non-safepoint VM operation: HandshakeAllThreads (Deoptimize) done
Event: 26.620 Executing safepoint VM operation: G1CollectForAllocation (G1 Evacuation Pause)
Event: 26.632 Executing safepoint VM operation: G1CollectForAllocation (G1 Evacuation Pause) done
Event: 27.646 Executing safepoint VM operation: Cleanup
Event: 27.646 Executing safepoint VM operation: Cleanup done

Memory protections (0 events):
No events

Nmethod flushes (20 events):
Event: 22.359 Thread 0x0000027a43d0ba70 flushing  nmethod 0x0000027a2f392f90
Event: 22.359 Thread 0x0000027a43d0ba70 flushing  nmethod 0x0000027a2f393310
Event: 22.359 Thread 0x0000027a43d0ba70 flushing  nmethod 0x0000027a2f394510
Event: 22.359 Thread 0x0000027a43d0ba70 flushing  nmethod 0x0000027a2f3bd410
Event: 22.359 Thread 0x0000027a43d0ba70 flushing  nmethod 0x0000027a2f3c1090
Event: 22.359 Thread 0x0000027a43d0ba70 flushing  nmethod 0x0000027a2f3c2910
Event: 22.359 Thread 0x0000027a43d0ba70 flushing  nmethod 0x0000027a2f3c2d10
Event: 22.359 Thread 0x0000027a43d0ba70 flushing  nmethod 0x0000027a2f3c3e90
Event: 22.359 Thread 0x0000027a43d0ba70 flushing  nmethod 0x0000027a2f3c6a10
Event: 22.359 Thread 0x0000027a43d0ba70 flushing  nmethod 0x0000027a2f3dbd90
Event: 22.359 Thread 0x0000027a43d0ba70 flushing  nmethod 0x0000027a2f3dc310
Event: 22.359 Thread 0x0000027a43d0ba70 flushing  nmethod 0x0000027a2f3de490
Event: 22.359 Thread 0x0000027a43d0ba70 flushing  nmethod 0x0000027a2f3df090
Event: 22.359 Thread 0x0000027a43d0ba70 flushing  nmethod 0x0000027a2f3e0c90
Event: 22.359 Thread 0x0000027a43d0ba70 flushing  nmethod 0x0000027a2f3e5190
Event: 22.359 Thread 0x0000027a43d0ba70 flushing  nmethod 0x0000027a2f406f90
Event: 22.359 Thread 0x0000027a43d0ba70 flushing  nmethod 0x0000027a2f40be90
Event: 22.359 Thread 0x0000027a43d0ba70 flushing  nmethod 0x0000027a2f40c610
Event: 22.359 Thread 0x0000027a43d0ba70 flushing  nmethod 0x0000027a2f40ca90
Event: 22.359 Thread 0x0000027a43d0ba70 flushing  nmethod 0x0000027a2f40d910

Events (20 events):
Event: 7.359 Thread 0x0000027a2c15f0d0 Thread added: 0x0000027a43d49490
Event: 7.562 Thread 0x0000027a2c15f0d0 Thread added: 0x0000027a43d49b20
Event: 8.381 Thread 0x0000027a43d49490 Thread added: 0x0000027a43d4a840
Event: 8.405 Thread 0x0000027a43d4a840 Thread added: 0x0000027a8ab5dbb0
Event: 8.661 Thread 0x0000027a43d4a840 Thread added: 0x0000027a8ab5e240
Event: 8.698 Thread 0x0000027a43d4a840 Thread added: 0x0000027a8ab5d520
Event: 8.737 Thread 0x0000027a8ab5d520 Thread added: 0x0000027a8ab5c800
Event: 8.756 Thread 0x0000027a8ab5d520 Thread added: 0x0000027a8ab5ce90
Event: 8.769 Thread 0x0000027a8ab5d520 Thread added: 0x0000027a8ab5bae0
Event: 10.731 Thread 0x0000027a8ab5d520 Thread added: 0x0000027a8ab5ef60
Event: 10.775 Thread 0x0000027a8ab5d520 Thread added: 0x0000027a8ab5e8d0
Event: 12.833 Thread 0x0000027a8ab5d520 Thread added: 0x0000027a8ab5f5f0
Event: 15.642 Thread 0x0000027a8ab5d520 Thread added: 0x0000027a8ab623e0
Event: 16.455 Thread 0x0000027a8ab5d520 Thread added: 0x0000027a8ab62a70
Event: 16.499 Thread 0x0000027a8ab5d520 Thread added: 0x0000027a8ab63100
Event: 17.337 Thread 0x0000027a8ab5d520 Thread added: 0x0000027a8ab616c0
Event: 17.362 Thread 0x0000027a8ab5d520 Thread added: 0x0000027a8ab609a0
Event: 18.616 Thread 0x0000027a8ab5d520 Thread added: 0x0000027a8ab5fc80
Event: 19.322 Thread 0x0000027a8ab5d520 Thread added: 0x0000027a8ab60310
Event: 19.742 Thread 0x0000027a8ab5d520 Thread added: 0x0000027a8ab61030


Dynamic libraries:
0x00007ff62d9a0000 - 0x00007ff62d9ae000 	C:\Users\harsh\.vscode\extensions\redhat.java-1.53.0-win32-x64\jre\21.0.10-win32-x86_64\bin\java.exe
0x00007ffbcfa20000 - 0x00007ffbcfc87000 	C:\WINDOWS\SYSTEM32\ntdll.dll
0x00007ffbce230000 - 0x00007ffbce2f9000 	C:\WINDOWS\System32\KERNEL32.DLL
0x00007ffbcd1b0000 - 0x00007ffbcd5a1000 	C:\WINDOWS\System32\KERNELBASE.dll
0x00007ffbcc3c0000 - 0x00007ffbcc50b000 	C:\WINDOWS\System32\ucrtbase.dll
0x00007ffba7ef0000 - 0x00007ffba7f08000 	C:\Users\harsh\.vscode\extensions\redhat.java-1.53.0-win32-x64\jre\21.0.10-win32-x86_64\bin\jli.dll
0x00007ffba6de0000 - 0x00007ffba6dfe000 	C:\Users\harsh\.vscode\extensions\redhat.java-1.53.0-win32-x64\jre\21.0.10-win32-x86_64\bin\VCRUNTIME140.dll
0x00007ffbcec40000 - 0x00007ffbcee05000 	C:\WINDOWS\System32\USER32.dll
0x00007ffbcd5b0000 - 0x00007ffbcd5d7000 	C:\WINDOWS\System32\win32u.dll
0x00007ffbba160000 - 0x00007ffbba3f3000 	C:\WINDOWS\WinSxS\amd64_microsoft.windows.common-controls_6595b64144ccf1df_6.0.26100.7922_none_3e089e1ee3342171\COMCTL32.dll
0x00007ffbcdd40000 - 0x00007ffbcdd6b000 	C:\WINDOWS\System32\GDI32.dll
0x00007ffbcd820000 - 0x00007ffbcd8c9000 	C:\WINDOWS\System32\msvcrt.dll
0x00007ffbcd690000 - 0x00007ffbcd7ba000 	C:\WINDOWS\System32\gdi32full.dll
0x00007ffbcd5e0000 - 0x00007ffbcd683000 	C:\WINDOWS\System32\msvcp_win.dll
0x00007ffbce1f0000 - 0x00007ffbce221000 	C:\WINDOWS\System32\IMM32.DLL
0x00007ffbc7710000 - 0x00007ffbc771c000 	C:\Users\harsh\.vscode\extensions\redhat.java-1.53.0-win32-x64\jre\21.0.10-win32-x86_64\bin\vcruntime140_1.dll
0x00007ffb93650000 - 0x00007ffb936dd000 	C:\Users\harsh\.vscode\extensions\redhat.java-1.53.0-win32-x64\jre\21.0.10-win32-x86_64\bin\msvcp140.dll
0x00007ffb12380000 - 0x00007ffb13121000 	C:\Users\harsh\.vscode\extensions\redhat.java-1.53.0-win32-x64\jre\21.0.10-win32-x86_64\bin\server\jvm.dll
0x00007ffbcee10000 - 0x00007ffbceecb000 	C:\WINDOWS\System32\ADVAPI32.dll
0x00007ffbce390000 - 0x00007ffbce437000 	C:\WINDOWS\System32\sechost.dll
0x00007ffbcdff0000 - 0x00007ffbce108000 	C:\WINDOWS\System32\RPCRT4.dll
0x00007ffbceed0000 - 0x00007ffbcef44000 	C:\WINDOWS\System32\WS2_32.dll
0x00007ffbcc160000 - 0x00007ffbcc1be000 	C:\WINDOWS\SYSTEM32\POWRPROF.dll
0x00007ffbc5810000 - 0x00007ffbc5845000 	C:\WINDOWS\SYSTEM32\WINMM.dll
0x00007ffbc5850000 - 0x00007ffbc585b000 	C:\WINDOWS\SYSTEM32\VERSION.dll
0x00007ffbcc140000 - 0x00007ffbcc154000 	C:\WINDOWS\SYSTEM32\UMPDC.dll
0x00007ffbcb090000 - 0x00007ffbcb0ab000 	C:\WINDOWS\SYSTEM32\kernel.appcore.dll
0x00007ffbc0c00000 - 0x00007ffbc0c0a000 	C:\Users\harsh\.vscode\extensions\redhat.java-1.53.0-win32-x64\jre\21.0.10-win32-x86_64\bin\jimage.dll
0x00007ffbca040000 - 0x00007ffbca282000 	C:\WINDOWS\SYSTEM32\DBGHELP.DLL
0x00007ffbcd920000 - 0x00007ffbcdca2000 	C:\WINDOWS\System32\combase.dll
0x00007ffbce110000 - 0x00007ffbce1e7000 	C:\WINDOWS\System32\OLEAUT32.dll
0x00007ffbb7fd0000 - 0x00007ffbb800b000 	C:\WINDOWS\SYSTEM32\dbgcore.DLL
0x00007ffbcd070000 - 0x00007ffbcd115000 	C:\WINDOWS\System32\bcryptPrimitives.dll
0x00007ffbbe6c0000 - 0x00007ffbbe6cf000 	C:\Users\harsh\.vscode\extensions\redhat.java-1.53.0-win32-x64\jre\21.0.10-win32-x86_64\bin\instrument.dll
0x00007ffba6d90000 - 0x00007ffba6db0000 	C:\Users\harsh\.vscode\extensions\redhat.java-1.53.0-win32-x64\jre\21.0.10-win32-x86_64\bin\java.dll
0x00007ffbcf0d0000 - 0x00007ffbcf82f000 	C:\WINDOWS\System32\SHELL32.dll
0x00007ffbcc510000 - 0x00007ffbcc67a000 	C:\WINDOWS\System32\wintypes.dll
0x00007ffbcc800000 - 0x00007ffbcd064000 	C:\WINDOWS\System32\windows.storage.dll
0x00007ffbcdd70000 - 0x00007ffbcde67000 	C:\WINDOWS\System32\SHCORE.dll
0x00007ffbcebd0000 - 0x00007ffbcec37000 	C:\WINDOWS\System32\shlwapi.dll
0x00007ffbcc220000 - 0x00007ffbcc249000 	C:\WINDOWS\SYSTEM32\profapi.dll
0x00007ffba8050000 - 0x00007ffba8068000 	C:\Users\harsh\.vscode\extensions\redhat.java-1.53.0-win32-x64\jre\21.0.10-win32-x86_64\bin\zip.dll
0x00007ffbc00d0000 - 0x00007ffbc00e0000 	C:\Users\harsh\.vscode\extensions\redhat.java-1.53.0-win32-x64\jre\21.0.10-win32-x86_64\bin\net.dll
0x00007ffbc36b0000 - 0x00007ffbc37d7000 	C:\WINDOWS\SYSTEM32\WINHTTP.dll
0x00007ffbcb600000 - 0x00007ffbcb66b000 	C:\WINDOWS\system32\mswsock.dll
0x00007ffba65a0000 - 0x00007ffba65b6000 	C:\Users\harsh\.vscode\extensions\redhat.java-1.53.0-win32-x64\jre\21.0.10-win32-x86_64\bin\nio.dll
0x00007ffbbe3a0000 - 0x00007ffbbe3b0000 	C:\Users\harsh\.vscode\extensions\redhat.java-1.53.0-win32-x64\jre\21.0.10-win32-x86_64\bin\verify.dll
0x00007ffb96e20000 - 0x00007ffb96e47000 	C:\Users\harsh\.gradle\native\c067742578af261105cb4f569cf0c3c89f3d7b1fecec35dd04571415982c5e48\windows-amd64\native-platform.dll
0x00007ffb70b00000 - 0x00007ffb70c44000 	C:\Users\harsh\.gradle\native\100fb08df4bc3b14c8652ba06237920a3bd2aa13389f12d3474272988ae205f9\windows-amd64\native-platform-file-events.dll
0x00007ffbb7690000 - 0x00007ffbb769a000 	C:\Users\harsh\.vscode\extensions\redhat.java-1.53.0-win32-x64\jre\21.0.10-win32-x86_64\bin\management.dll
0x00007ffbb3c40000 - 0x00007ffbb3c4c000 	C:\Users\harsh\.vscode\extensions\redhat.java-1.53.0-win32-x64\jre\21.0.10-win32-x86_64\bin\management_ext.dll
0x00007ffbcf0b0000 - 0x00007ffbcf0b8000 	C:\WINDOWS\System32\PSAPI.DLL
0x00007ffbcb8e0000 - 0x00007ffbcb8fb000 	C:\WINDOWS\SYSTEM32\CRYPTSP.dll
0x00007ffbcaff0000 - 0x00007ffbcb029000 	C:\WINDOWS\system32\rsaenh.dll
0x00007ffbcb6b0000 - 0x00007ffbcb6e2000 	C:\WINDOWS\SYSTEM32\USERENV.dll
0x00007ffbcc1f0000 - 0x00007ffbcc21a000 	C:\WINDOWS\SYSTEM32\bcrypt.dll
0x00007ffbcb900000 - 0x00007ffbcb90c000 	C:\WINDOWS\SYSTEM32\CRYPTBASE.dll
0x00007ffbcaaa0000 - 0x00007ffbcaad3000 	C:\WINDOWS\SYSTEM32\IPHLPAPI.DLL
0x00007ffbceab0000 - 0x00007ffbceaba000 	C:\WINDOWS\System32\NSI.dll
0x00007ffbad920000 - 0x00007ffbad929000 	C:\Users\harsh\.vscode\extensions\redhat.java-1.53.0-win32-x64\jre\21.0.10-win32-x86_64\bin\extnet.dll
0x00007ffbafa70000 - 0x00007ffbafa7e000 	C:\Users\harsh\.vscode\extensions\redhat.java-1.53.0-win32-x64\jre\21.0.10-win32-x86_64\bin\sunmscapi.dll
0x00007ffbcc680000 - 0x00007ffbcc7f7000 	C:\WINDOWS\System32\CRYPT32.dll
0x00007ffbcbb00000 - 0x00007ffbcbb30000 	C:\WINDOWS\SYSTEM32\ncrypt.dll
0x00007ffbcbab0000 - 0x00007ffbcbaef000 	C:\WINDOWS\SYSTEM32\NTASN1.dll
0x00007ffb95080000 - 0x00007ffb95088000 	C:\WINDOWS\system32\wshunix.dll

JVMTI agents:
C:\Users\harsh\.gradle\wrapper\dists\gradle-8.11.1-bin\bpt9gzteqjrbo1mjrsomdt32c\gradle-8.11.1\lib\agents\gradle-instrumentation-agent-8.11.1.jar path:C:\Users\harsh\.vscode\extensions\redhat.java-1.53.0-win32-x64\jre\21.0.10-win32-x86_64\bin\instrument.dll, loaded, initialized, instrumentlib options:none

dbghelp: loaded successfully - version: 4.0.5 - missing functions: none
symbol engine: initialized successfully - sym options: 0x614 - pdb path: .;C:\Users\harsh\.vscode\extensions\redhat.java-1.53.0-win32-x64\jre\21.0.10-win32-x86_64\bin;C:\WINDOWS\SYSTEM32;C:\WINDOWS\WinSxS\amd64_microsoft.windows.common-controls_6595b64144ccf1df_6.0.26100.7922_none_3e089e1ee3342171;C:\Users\harsh\.vscode\extensions\redhat.java-1.53.0-win32-x64\jre\21.0.10-win32-x86_64\bin\server;C:\Users\harsh\.gradle\native\c067742578af261105cb4f569cf0c3c89f3d7b1fecec35dd04571415982c5e48\windows-amd64;C:\Users\harsh\.gradle\native\100fb08df4bc3b14c8652ba06237920a3bd2aa13389f12d3474272988ae205f9\windows-amd64

VM Arguments:
jvm_args: --add-opens=java.base/java.lang=ALL-UNNAMED --add-opens=java.base/java.lang.invoke=ALL-UNNAMED --add-opens=java.base/java.util=ALL-UNNAMED --add-opens=java.prefs/java.util.prefs=ALL-UNNAMED --add-exports=jdk.compiler/com.sun.tools.javac.api=ALL-UNNAMED --add-exports=jdk.compiler/com.sun.tools.javac.util=ALL-UNNAMED --add-opens=java.base/java.util=ALL-UNNAMED --add-opens=java.prefs/java.util.prefs=ALL-UNNAMED --add-opens=java.base/java.nio.charset=ALL-UNNAMED --add-opens=java.base/java.net=ALL-UNNAMED --add-opens=java.base/java.util.concurrent.atomic=ALL-UNNAMED --add-opens=java.xml/javax.xml.namespace=ALL-UNNAMED -Xmx2048m -Dfile.encoding=UTF-8 -Duser.country=IN -Duser.language=en -Duser.variant -javaagent:C:\Users\harsh\.gradle\wrapper\dists\gradle-8.11.1-bin\bpt9gzteqjrbo1mjrsomdt32c\gradle-8.11.1\lib\agents\gradle-instrumentation-agent-8.11.1.jar 
java_command: org.gradle.launcher.daemon.bootstrap.GradleDaemon 8.11.1
java_class_path (initial): C:\Users\harsh\.gradle\wrapper\dists\gradle-8.11.1-bin\bpt9gzteqjrbo1mjrsomdt32c\gradle-8.11.1\lib\gradle-daemon-main-8.11.1.jar
Launcher Type: SUN_STANDARD

[Global flags]
     intx CICompilerCount                          = 4                                         {product} {ergonomic}
     uint ConcGCThreads                            = 3                                         {product} {ergonomic}
     uint G1ConcRefinementThreads                  = 10                                        {product} {ergonomic}
   size_t G1HeapRegionSize                         = 1048576                                   {product} {ergonomic}
    uintx GCDrainStackTargetSize                   = 64                                        {product} {ergonomic}
   size_t InitialHeapSize                          = 125829120                                 {product} {ergonomic}
   size_t MarkStackSize                            = 4194304                                   {product} {ergonomic}
   size_t MaxHeapSize                              = 2147483648                                {product} {command line}
   size_t MaxNewSize                               = 1287651328                                {product} {ergonomic}
   size_t MinHeapDeltaBytes                        = 1048576                                   {product} {ergonomic}
   size_t MinHeapSize                              = 8388608                                   {product} {ergonomic}
    uintx NonNMethodCodeHeapSize                   = 5839372                                {pd product} {ergonomic}
    uintx NonProfiledCodeHeapSize                  = 122909434                              {pd product} {ergonomic}
    uintx ProfiledCodeHeapSize                     = 122909434                              {pd product} {ergonomic}
    uintx ReservedCodeCacheSize                    = 251658240                              {pd product} {ergonomic}
     bool SegmentedCodeCache                       = true                                      {product} {ergonomic}
   size_t SoftMaxHeapSize                          = 2147483648                             {manageable} {ergonomic}
     bool UseCompressedOops                        = true                           {product lp64_product} {ergonomic}
     bool UseG1GC                                  = true                                      {product} {ergonomic}
     bool UseLargePagesIndividualAllocation        = false                                  {pd product} {ergonomic}

Logging:
Log output configuration:
 #0: stdout all=warning uptime,level,tags foldmultilines=false
 #1: stderr all=off uptime,level,tags foldmultilines=false

Release file:
JAVA_VERSION="21.0.10" 
MODULES="java.base java.compiler java.datatransfer java.xml java.prefs java.desktop java.instrument java.logging java.management java.security.sasl java.naming java.rmi java.management.rmi java.net.http java.scripting java.security.jgss java.transaction.xa java.sql java.sql.rowset java.xml.crypto java.se java.smartcardio jdk.accessibility jdk.internal.jvmstat jdk.attach jdk.charsets jdk.internal.opt jdk.zipfs jdk.compiler jdk.crypto.ec jdk.crypto.cryptoki jdk.crypto.mscapi jdk.dynalink jdk.internal.ed jdk.editpad jdk.hotspot.agent jdk.httpserver jdk.internal.le jdk.internal.vm.ci jdk.internal.vm.compiler jdk.internal.vm.compiler.management jdk.jartool jdk.javadoc jdk.jcmd jdk.management jdk.management.agent jdk.jconsole jdk.jdeps jdk.jdwp.agent jdk.jdi jdk.jfr jdk.jshell jdk.jsobject jdk.jstatd jdk.localedata jdk.management.jfr jdk.naming.dns jdk.naming.rmi jdk.net jdk.nio.mapmode jdk.random jdk.sctp jdk.security.auth jdk.security.jgss jdk.unsupported jdk.unsupported.desktop jdk.xml.dom" 

Environment Variables:
JAVA_HOME=C:\Program Files\Java\jdk-21
PATH=C:\Program Files\Eclipse Adoptium\jdk-11.0.29.7-hotspot\bin;C:\Program Files\Python313\Scripts\;C:\Program Files\Python313\;C:\Program Files\Common Files\Oracle\Java\javapath;C:\WINDOWS\system32;C:\WINDOWS;C:\WINDOWS\System32\Wbem;C:\WINDOWS\System32\WindowsPowerShell\v1.0\;C:\WINDOWS\System32\OpenSSH\;C:\Program Files\Java\jdk-21\bin;C:\Program Files\nodejs\;C:\Program Files\Git\cmd;C:\Program Files\Docker\Docker\resources\bin;C:\Program Files\Go\bin;C:\flutter_windows_3.32.8-stable\flutter\bin\;C:\platform-tools;C:\Program Files\MySQL\MySQL Shell 8.0\bin\;C:\Users\harsh\AppData\Local\Microsoft\WindowsApps;C:\MinGW\bin;C:\Users\harsh\AppData\Roaming\npm;C:\Program Files\MongoDB\Server\7.0\bin;C:\Users\harsh\AppData\Local\GitHubDesktop\bin;C:\Users\harsh\AppData\Local\Programs\Microsoft VS Code\bin;C:\Users\harsh\AppData\Local\Microsoft\WindowsApps\python.exe;C:\users\harsh\appdata\roaming\python\python313\site-packages\git_filter_repo.py;C:\Users\harsh\AppData\Local\Programs\cursor\resources\app\bin;C:\Users\harsh\flutter_windows_3.32.6-stable\flutter\bin;C:\Program Files\MongoDB\Server\7.0\bin;C:\Users\harsh\go\bin;C:\Users\harsh\AppData\Local\Programs\Antigravity\bin
USERNAME=harsh
OS=Windows_NT
PROCESSOR_IDENTIFIER=AMD64 Family 25 Model 80 Stepping 0, AuthenticAMD
TMP=C:\Users\harsh\AppData\Local\Temp
TEMP=C:\Users\harsh\AppData\Local\Temp




Periodic native trim disabled

---------------  S Y S T E M  ---------------

OS:
 Windows 11 , 64 bit Build 26100 (10.0.26100.7920)
OS uptime: 5 days 13:56 hours
Hyper-V role detected

CPU: total 12 (initial active 12) (12 cores per cpu, 2 threads per core) family 25 model 80 stepping 0 microcode 0xa50000d, cx8, cmov, fxsr, ht, mmx, 3dnowpref, sse, sse2, sse3, ssse3, sse4a, sse4.1, sse4.2, popcnt, lzcnt, tsc, tscinvbit, avx, avx2, aes, erms, clmul, bmi1, bmi2, adx, sha, fma, vzeroupper, clflush, clflushopt, hv, rdtscp, rdpid, fsrm, f16c, cet_ss
Processor Information for the first 12 processors :
  Max Mhz: 3301, Current Mhz: 2011, Mhz Limit: 3301

Memory: 4k page, system-wide physical 7581M (1023M free)
TotalPageFile size 31133M (AvailPageFile size 0M)
current process WorkingSet (physical memory assigned to process): 126M, peak: 182M
current process commit charge ("private bytes"): 274M, peak: 283M

vm_info: OpenJDK 64-Bit Server VM (21.0.10+7-LTS) for windows-amd64 JRE (21.0.10+7-LTS), built on 2026-01-20T00:00:00Z by "admin" with MS VC++ 17.12 (VS2022)

END.
