#
# There is insufficient memory for the Java Runtime Environment to continue.
# Native memory allocation (malloc) failed to allocate 1048576 bytes. Error detail: AllocateHeap
# Possible reasons:
#   The system is out of physical RAM or swap space
#   This process is running with CompressedOops enabled, and the Java Heap may be blocking the growth of the native heap
# Possible solutions:
#   Reduce memory load on the system
#   Increase physical memory or swap space
#   Check if swap backing store is full
#   Decrease Java heap size (-Xmx/-Xms)
#   Decrease number of Java threads
#   Decrease Java thread stack sizes (-Xss)
#   Set larger code cache with -XX:ReservedCodeCacheSize=
#   JVM is running with Unscaled Compressed Oops mode in which the Java heap is
#     placed in the first 4GB address space. The Java Heap base address is the
#     maximum limit for the native heap growth. Please use -XX:HeapBaseMinAddress
#     to set the Java Heap base and to place the Java Heap above 4GB virtual address.
# This output file may be truncated or incomplete.
#
#  Out of Memory Error (allocation.cpp:44), pid=8400, tid=29324
#
# JRE version: OpenJDK Runtime Environment Temurin-21.0.10+7 (21.0.10+7) (build 21.0.10+7-LTS)
# Java VM: OpenJDK 64-Bit Server VM Temurin-21.0.10+7 (21.0.10+7-LTS, mixed mode, sharing, tiered, compressed oops, compressed class ptrs, parallel gc, windows-amd64)
# No core dump will be written. Minidumps are not enabled by default on client versions of Windows
#

---------------  S U M M A R Y ------------

Command Line: --add-modules=ALL-SYSTEM --add-opens=java.base/java.util=ALL-UNNAMED --add-opens=java.base/java.lang=ALL-UNNAMED --add-opens=java.base/sun.nio.fs=ALL-UNNAMED -Declipse.application=org.eclipse.jdt.ls.core.id1 -Dosgi.bundles.defaultStartLevel=4 -Declipse.product=org.eclipse.jdt.ls.core.product -Djava.import.generatesMetadataFilesAtProjectRoot=false -DDetectVMInstallationsJob.disabled=true -Dfile.encoding=utf8 -XX:+UseParallelGC -XX:GCTimeRatio=4 -XX:AdaptiveSizePolicyWeight=90 -Dsun.zip.disableMemoryMapping=true -Xmx2G -Xms100m -Xlog:disable -javaagent:c:\Users\harsh\.vscode\extensions\redhat.java-1.53.0-win32-x64\lombok\lombok-1.18.39-4050.jar -XX:+HeapDumpOnOutOfMemoryError -XX:HeapDumpPath=c:\Users\harsh\AppData\Roaming\Code\User\workspaceStorage\8e7b41c3e8e044199a8dad05dfcb372a\redhat.java -Daether.dependencyCollector.impl=bf c:\Users\harsh\.vscode\extensions\redhat.java-1.53.0-win32-x64\server\plugins\org.eclipse.equinox.launcher_1.7.100.v20251111-0406.jar -configuration c:\Users\harsh\AppData\Roaming\Code\User\globalStorage\redhat.java\1.53.0\config_win -data c:\Users\harsh\AppData\Roaming\Code\User\workspaceStorage\8e7b41c3e8e044199a8dad05dfcb372a\redhat.java\jdt_ws --pipe=\\.\pipe\lsp-3fd9cadf019ecd5a3d2685b564022b1c-sock

Host: AMD Ryzen 5 5600H with Radeon Graphics         , 12 cores, 7G,  Windows 11 , 64 bit Build 26100 (10.0.26100.7920)
Time: Thu Mar 26 20:39:13 2026 India Standard Time elapsed time: 442.876399 seconds (0d 0h 7m 22s)

---------------  T H R E A D  ---------------

Current thread (0x000002d8fd77c160):  JavaThread "Attach Listener" daemon [_thread_in_vm, id=29324, stack(0x000000ec9b200000,0x000000ec9b300000) (1024K)]

Stack: [0x000000ec9b200000,0x000000ec9b300000]
Native frames: (J=compiled Java code, j=interpreted, Vv=VM code, C=native code)
V  [jvm.dll+0x6d7a39]
V  [jvm.dll+0x8b4b26]
V  [jvm.dll+0x8b70de]
V  [jvm.dll+0x8b77c3]
V  [jvm.dll+0x284346]
V  [jvm.dll+0xc1277]
V  [jvm.dll+0x6d82e9]
V  [jvm.dll+0x1334a6]
V  [jvm.dll+0x3f857e]
V  [jvm.dll+0x85f59d]
V  [jvm.dll+0x6d626d]
C  [ucrtbase.dll+0x37b0]
C  [KERNEL32.DLL+0x2e8d7]
C  [ntdll.dll+0x8c48c]


---------------  P R O C E S S  ---------------

Threads class SMR info:
_java_thread_list=0x000002d884955c10, length=39, elements={
0x000002d8a1f5def0, 0x000002d8ba71e030, 0x000002d8fd771e50, 0x000002d8fd778f40,
0x000002d8fd77c160, 0x000002d8fd77cbc0, 0x000002d8fd77d620, 0x000002d8fd780470,
0x000002d8fd7863a0, 0x000002d8fd962d50, 0x000002d8fdaaa080, 0x000002d8fe36b690,
0x000002d8fdad6d60, 0x000002d8fe5168a0, 0x000002d8fd7c93a0, 0x000002d8fe22ec10,
0x000002d8fe3164d0, 0x000002d8fef8b920, 0x000002d8fea28ff0, 0x000002d8fea29d10,
0x000002d8fea2b0c0, 0x000002d8fea282d0, 0x000002d8847b1260, 0x000002d8847b1f80,
0x000002d8847b2ca0, 0x000002d8847af820, 0x000002d8847b2610, 0x000002d8847b18f0,
0x000002d8847b3330, 0x000002d8847b0540, 0x000002d8847b0bd0, 0x000002d8847afeb0,
0x000002d8847b5400, 0x000002d8847b6e40, 0x000002d8847b39c0, 0x000002d8847b4050,
0x000002d8847b5a90, 0x000002d8847b4d70, 0x000002d8fe06cf50
}

Java Threads: ( => current thread )
  0x000002d8a1f5def0 JavaThread "main"                              [_thread_blocked, id=27352, stack(0x000000ec9ab00000,0x000000ec9ac00000) (1024K)]
  0x000002d8ba71e030 JavaThread "Reference Handler"          daemon [_thread_blocked, id=11768, stack(0x000000ec9af00000,0x000000ec9b000000) (1024K)]
  0x000002d8fd771e50 JavaThread "Finalizer"                  daemon [_thread_blocked, id=20504, stack(0x000000ec9b000000,0x000000ec9b100000) (1024K)]
  0x000002d8fd778f40 JavaThread "Signal Dispatcher"          daemon [_thread_blocked, id=18904, stack(0x000000ec9b100000,0x000000ec9b200000) (1024K)]
=>0x000002d8fd77c160 JavaThread "Attach Listener"            daemon [_thread_in_vm, id=29324, stack(0x000000ec9b200000,0x000000ec9b300000) (1024K)]
  0x000002d8fd77cbc0 JavaThread "Service Thread"             daemon [_thread_blocked, id=8764, stack(0x000000ec9b300000,0x000000ec9b400000) (1024K)]
  0x000002d8fd77d620 JavaThread "Monitor Deflation Thread"   daemon [_thread_blocked, id=16928, stack(0x000000ec9b400000,0x000000ec9b500000) (1024K)]
  0x000002d8fd780470 JavaThread "C2 CompilerThread0"         daemon [_thread_blocked, id=12264, stack(0x000000ec9b500000,0x000000ec9b600000) (1024K)]
  0x000002d8fd7863a0 JavaThread "C1 CompilerThread0"         daemon [_thread_blocked, id=9412, stack(0x000000ec9b600000,0x000000ec9b700000) (1024K)]
  0x000002d8fd962d50 JavaThread "Common-Cleaner"             daemon [_thread_blocked, id=16688, stack(0x000000ec9b700000,0x000000ec9b800000) (1024K)]
  0x000002d8fdaaa080 JavaThread "Notification Thread"        daemon [_thread_blocked, id=18740, stack(0x000000ec9b900000,0x000000ec9ba00000) (1024K)]
  0x000002d8fe36b690 JavaThread "Active Thread: Equinox Container: 9e82d090-d0bb-4261-86ff-f5382d22c9e0"        [_thread_blocked, id=10872, stack(0x000000ec9bf00000,0x000000ec9c000000) (1024K)]
  0x000002d8fdad6d60 JavaThread "Refresh Thread: Equinox Container: 9e82d090-d0bb-4261-86ff-f5382d22c9e0" daemon [_thread_blocked, id=27852, stack(0x000000ec9c100000,0x000000ec9c200000) (1024K)]
  0x000002d8fe5168a0 JavaThread "Framework Event Dispatcher: Equinox Container: 9e82d090-d0bb-4261-86ff-f5382d22c9e0" daemon [_thread_blocked, id=23488, stack(0x000000ec9c200000,0x000000ec9c300000) (1024K)]
  0x000002d8fd7c93a0 JavaThread "Start Level: Equinox Container: 9e82d090-d0bb-4261-86ff-f5382d22c9e0" daemon [_thread_blocked, id=10860, stack(0x000000ec9c300000,0x000000ec9c400000) (1024K)]
  0x000002d8fe22ec10 JavaThread "Bundle File Closer"         daemon [_thread_blocked, id=7084, stack(0x000000ec9c600000,0x000000ec9c700000) (1024K)]
  0x000002d8fe3164d0 JavaThread "SCR Component Actor"        daemon [_thread_blocked, id=5572, stack(0x000000ec9c700000,0x000000ec9c800000) (1024K)]
  0x000002d8fef8b920 JavaThread "Worker-JM"                         [_thread_blocked, id=14196, stack(0x000000ec9c800000,0x000000ec9c900000) (1024K)]
  0x000002d8fea28ff0 JavaThread "JNA Cleaner"                daemon [_thread_blocked, id=20660, stack(0x000000ec9ca00000,0x000000ec9cb00000) (1024K)]
  0x000002d8fea29d10 JavaThread "Worker-1"                          [_thread_blocked, id=10876, stack(0x000000ec9cb00000,0x000000ec9cc00000) (1024K)]
  0x000002d8fea2b0c0 JavaThread "Java indexing"              daemon [_thread_blocked, id=13296, stack(0x000000ec9cd00000,0x000000ec9ce00000) (1024K)]
  0x000002d8fea282d0 JavaThread "Worker-2"                          [_thread_blocked, id=24708, stack(0x000000ec9ce00000,0x000000ec9cf00000) (1024K)]
  0x000002d8847b1260 JavaThread "Thread-1"                   daemon [_thread_in_native, id=21220, stack(0x000000ec9d500000,0x000000ec9d600000) (1024K)]
  0x000002d8847b1f80 JavaThread "Thread-2"                   daemon [_thread_in_native, id=11828, stack(0x000000ec9d600000,0x000000ec9d700000) (1024K)]
  0x000002d8847b2ca0 JavaThread "Thread-3"                   daemon [_thread_in_native, id=29144, stack(0x000000ec9d700000,0x000000ec9d800000) (1024K)]
  0x000002d8847af820 JavaThread "Thread-4"                   daemon [_thread_in_native, id=21764, stack(0x000000ec9d800000,0x000000ec9d900000) (1024K)]
  0x000002d8847b2610 JavaThread "Thread-5"                   daemon [_thread_in_native, id=10392, stack(0x000000ec9d900000,0x000000ec9da00000) (1024K)]
  0x000002d8847b18f0 JavaThread "Thread-6"                   daemon [_thread_in_native, id=8692, stack(0x000000ec9da00000,0x000000ec9db00000) (1024K)]
  0x000002d8847b3330 JavaThread "Thread-7"                   daemon [_thread_in_native, id=19120, stack(0x000000ec9db00000,0x000000ec9dc00000) (1024K)]
  0x000002d8847b0540 JavaThread "Thread-8"                   daemon [_thread_in_native, id=22912, stack(0x000000ec9dc00000,0x000000ec9dd00000) (1024K)]
  0x000002d8847b0bd0 JavaThread "Thread-9"                   daemon [_thread_in_native, id=10544, stack(0x000000ec9dd00000,0x000000ec9de00000) (1024K)]
  0x000002d8847afeb0 JavaThread "Thread-10"                  daemon [_thread_in_native, id=28180, stack(0x000000ec9de00000,0x000000ec9df00000) (1024K)]
  0x000002d8847b5400 JavaThread "Thread-11"                  daemon [_thread_in_native, id=10792, stack(0x000000ec9df00000,0x000000ec9e000000) (1024K)]
  0x000002d8847b6e40 JavaThread "Thread-12"                  daemon [_thread_in_native, id=17700, stack(0x000000ec9e000000,0x000000ec9e100000) (1024K)]
  0x000002d8847b39c0 JavaThread "Thread-13"                  daemon [_thread_in_native, id=2404, stack(0x000000ec9e100000,0x000000ec9e200000) (1024K)]
  0x000002d8847b4050 JavaThread "pool-2-thread-1"                   [_thread_blocked, id=24188, stack(0x000000ec9e200000,0x000000ec9e300000) (1024K)]
  0x000002d8847b5a90 JavaThread "WorkspaceEventsHandler"            [_thread_blocked, id=22904, stack(0x000000ec9e400000,0x000000ec9e500000) (1024K)]
  0x000002d8847b4d70 JavaThread "pool-1-thread-1"                   [_thread_blocked, id=19832, stack(0x000000ec9e500000,0x000000ec9e600000) (1024K)]
  0x000002d8fe06cf50 JavaThread "Timer-0"                           [_thread_blocked, id=29620, stack(0x000000ec9e900000,0x000000ec9ea00000) (1024K)]
Total: 39

Other Threads:
  0x000002d8ba703810 VMThread "VM Thread"                           [id=28712, stack(0x000000ec9ae00000,0x000000ec9af00000) (1024K)]
  0x000002d8ba5fca00 WatcherThread "VM Periodic Task Thread"        [id=14164, stack(0x000000ec9ad00000,0x000000ec9ae00000) (1024K)]
  0x000002d8a1f7d3d0 WorkerThread "GC Thread#0"                     [id=7596, stack(0x000000ec9ac00000,0x000000ec9ad00000) (1024K)]
  0x000002d8fdb3a9c0 WorkerThread "GC Thread#1"                     [id=7428, stack(0x000000ec9b800000,0x000000ec9b900000) (1024K)]
  0x000002d8fdc1ae50 WorkerThread "GC Thread#2"                     [id=28276, stack(0x000000ec9ba00000,0x000000ec9bb00000) (1024K)]
  0x000002d8fdc1b200 WorkerThread "GC Thread#3"                     [id=18452, stack(0x000000ec9bb00000,0x000000ec9bc00000) (1024K)]
  0x000002d8fdf34320 WorkerThread "GC Thread#4"                     [id=29084, stack(0x000000ec9bc00000,0x000000ec9bd00000) (1024K)]
  0x000002d8fdf346d0 WorkerThread "GC Thread#5"                     [id=21896, stack(0x000000ec9bd00000,0x000000ec9be00000) (1024K)]
  0x000002d8fdc15d80 WorkerThread "GC Thread#6"                     [id=24828, stack(0x000000ec9be00000,0x000000ec9bf00000) (1024K)]
  0x000002d8fe5a60f0 WorkerThread "GC Thread#7"                     [id=6716, stack(0x000000ec9c000000,0x000000ec9c100000) (1024K)]
  0x000002d8fe5a1140 WorkerThread "GC Thread#8"                     [id=28676, stack(0x000000ec9c400000,0x000000ec9c500000) (1024K)]
  0x000002d8fe1f4870 WorkerThread "GC Thread#9"                     [id=20472, stack(0x000000ec9c500000,0x000000ec9c600000) (1024K)]
Total: 12

Threads with active compile tasks:
Total: 0

VM state: not at safepoint (normal execution)

VM Mutex/Monitor currently owned by a thread: None

Heap address: 0x0000000080000000, size: 2048 MB, Compressed Oops mode: 32-bit

CDS archive(s) mapped at: [0x000002d8bb000000-0x000002d8bbba0000-0x000002d8bbba0000), size 12189696, SharedBaseAddress: 0x000002d8bb000000, ArchiveRelocationMode: 1.
Compressed class space mapped at: 0x000002d8bc000000-0x000002d8fc000000, reserved size: 1073741824
Narrow klass base: 0x000002d8bb000000, Narrow klass shift: 0, Narrow klass range: 0x100000000

GC Precious Log:
 CardTable entry size: 512
 CPUs: 12 total, 12 available
 Memory: 7581M
 Large Page Support: Disabled
 NUMA Support: Disabled
 Compressed Oops: Enabled (32-bit)
 Alignments: Space 512K, Generation 512K, Heap 2M
 Heap Min Capacity: 100M
 Heap Initial Capacity: 100M
 Heap Max Capacity: 2G
 Pre-touch: Disabled
 Parallel Workers: 10

Heap:
 PSYoungGen      total 13312K, used 7104K [0x00000000d5580000, 0x00000000d6400000, 0x0000000100000000)
  eden space 11776K, 51% used [0x00000000d5580000,0x00000000d5b683d0,0x00000000d6100000)
  from space 1536K, 68% used [0x00000000d6280000,0x00000000d6388000,0x00000000d6400000)
  to   space 1536K, 0% used [0x00000000d6100000,0x00000000d6100000,0x00000000d6280000)
 ParOldGen       total 68608K, used 60350K [0x0000000080000000, 0x0000000084300000, 0x00000000d5580000)
  object space 68608K, 87% used [0x0000000080000000,0x0000000083aefa38,0x0000000084300000)
 Metaspace       used 64836K, committed 66304K, reserved 1114112K
  class space    used 7695K, committed 8384K, reserved 1048576K

Card table byte_map: [0x000002d8b5a30000,0x000002d8b5e40000] _byte_map_base: 0x000002d8b5630000

Marking Bits: (ParMarkBitMap*) 0x00007ff956103450
 Begin Bits: [0x000002d8b60f0000, 0x000002d8b80f0000)
 End Bits:   [0x000002d8b80f0000, 0x000002d8ba0f0000)

Polling page: 0x000002d8a6820000

Metaspace:

Usage:
  Non-class:     55.80 MB used.
      Class:      7.52 MB used.
       Both:     63.32 MB used.

Virtual space:
  Non-class space:       64.00 MB reserved,      56.56 MB ( 88%) committed,  1 nodes.
      Class space:        1.00 GB reserved,       8.19 MB ( <1%) committed,  1 nodes.
             Both:        1.06 GB reserved,      64.75 MB (  6%) committed. 

Chunk freelists:
   Non-Class:  7.38 MB
       Class:  7.70 MB
        Both:  15.08 MB

MaxMetaspaceSize: unlimited
CompressedClassSpaceSize: 1.00 GB
Initial GC threshold: 21.00 MB
Current GC threshold: 97.31 MB
CDS: on
 - commit_granule_bytes: 65536.
 - commit_granule_words: 8192.
 - virtual_space_node_default_size: 8388608.
 - enlarge_chunks_in_place: 1.
 - use_allocation_guard: 0.


Internal statistics:

num_allocs_failed_limit: 11.
num_arena_births: 1172.
num_arena_deaths: 14.
num_vsnodes_births: 2.
num_vsnodes_deaths: 0.
num_space_committed: 1036.
num_space_uncommitted: 0.
num_chunks_returned_to_freelist: 25.
num_chunks_taken_from_freelist: 3875.
num_chunk_merges: 13.
num_chunk_splits: 2476.
num_chunks_enlarged: 1525.
num_inconsistent_stats: 0.

CodeHeap 'non-profiled nmethods': size=120000Kb used=4839Kb max_used=4839Kb free=115160Kb
 bounds [0x000002d8ae310000, 0x000002d8ae7d0000, 0x000002d8b5840000]
CodeHeap 'profiled nmethods': size=120000Kb used=14922Kb max_used=14922Kb free=105077Kb
 bounds [0x000002d8a6840000, 0x000002d8a76e0000, 0x000002d8add70000]
CodeHeap 'non-nmethods': size=5760Kb used=1433Kb max_used=1484Kb free=4326Kb
 bounds [0x000002d8add70000, 0x000002d8adfe0000, 0x000002d8ae310000]
CodeCache: size=245760Kb, used=21194Kb, max_used=21245Kb, free=224563Kb
 total_blobs=8460, nmethods=7716, adapters=650, full_count=0
Compilation: enabled, stopped_count=0, restarted_count=0

Compilation events (20 events):
Event: 304.135 Thread 0x000002d8fd780470 8445       4       java.util.concurrent.locks.ReentrantReadWriteLock$NonfairSync::readerShouldBlock (5 bytes)
Event: 304.143 Thread 0x000002d8fd780470 nmethod 8445 0x000002d8ae7c7d90 code [0x000002d8ae7c7f20, 0x000002d8ae7c7fc8]
Event: 351.764 Thread 0x000002d8fd7863a0 8446       1       org.eclipse.core.runtime.NullProgressMonitor::isCanceled (5 bytes)
Event: 351.773 Thread 0x000002d8fd7863a0 nmethod 8446 0x000002d8ae7c8090 code [0x000002d8ae7c8220, 0x000002d8ae7c82f0]
Event: 351.843 Thread 0x000002d8fd780470 8447       4       java.util.HashMap::putIfAbsent (13 bytes)
Event: 351.844 Thread 0x000002d8fd7863a0 8448       3       org.eclipse.core.internal.utils.StringPool::add (50 bytes)
Event: 351.862 Thread 0x000002d8fd7863a0 nmethod 8448 0x000002d8a76d0590 code [0x000002d8a76d0780, 0x000002d8a76d0c50]
Event: 351.862 Thread 0x000002d8fd7863a0 8450       3       org.eclipse.core.internal.dtree.AbstractDataTreeNode::storeStrings (42 bytes)
Event: 351.871 Thread 0x000002d8fd7863a0 nmethod 8450 0x000002d8a76d0e10 code [0x000002d8a76d0fe0, 0x000002d8a76d1358]
Event: 351.871 Thread 0x000002d8fd7863a0 8449       3       org.eclipse.core.internal.dtree.DataTreeNode::storeStrings (28 bytes)
Event: 351.873 Thread 0x000002d8fd7863a0 nmethod 8449 0x000002d8a76d1510 code [0x000002d8a76d16e0, 0x000002d8a76d1b60]
Event: 351.873 Thread 0x000002d8fd7863a0 8451       3       org.eclipse.core.internal.resources.ResourceInfo::shareStrings (43 bytes)
Event: 351.885 Thread 0x000002d8fd7863a0 nmethod 8451 0x000002d8a76d1c90 code [0x000002d8a76d1e60, 0x000002d8a76d2108]
Event: 351.988 Thread 0x000002d8fd780470 nmethod 8447 0x000002d8ae7c8390 code [0x000002d8ae7c85c0, 0x000002d8ae7c8ea0]
Event: 380.274 Thread 0x000002d8fd780470 8452       4       java.util.TaskQueue::getMin (7 bytes)
Event: 380.332 Thread 0x000002d8fd780470 nmethod 8452 0x000002d8ae7c9510 code [0x000002d8ae7c96a0, 0x000002d8ae7c9768]
Event: 385.145 Thread 0x000002d8fd7863a0 8453       3       java.util.concurrent.locks.AbstractQueuedSynchronizer$ConditionObject::canReacquire (38 bytes)
Event: 385.157 Thread 0x000002d8fd7863a0 nmethod 8453 0x000002d8a76d2290 code [0x000002d8a76d2460, 0x000002d8a76d27a8]
Event: 394.620 Thread 0x000002d8fd780470 8454       4       java.util.concurrent.locks.ReentrantReadWriteLock$Sync::tryAcquireShared (177 bytes)
Event: 394.853 Thread 0x000002d8fd780470 nmethod 8454 0x000002d8ae7c9810 code [0x000002d8ae7c99e0, 0x000002d8ae7c9ca8]

GC Heap History (20 events):
Event: 109.448 GC heap before
{Heap before GC invocations=42 (full 3):
 PSYoungGen      total 13312K, used 12992K [0x00000000d5580000, 0x00000000d6580000, 0x0000000100000000)
  eden space 11776K, 100% used [0x00000000d5580000,0x00000000d6100000,0x00000000d6100000)
  from space 1536K, 79% used [0x00000000d6400000,0x00000000d6530010,0x00000000d6580000)
  to   space 1536K, 0% used [0x00000000d6100000,0x00000000d6100000,0x00000000d6280000)
 ParOldGen       total 68608K, used 49260K [0x0000000080000000, 0x0000000084300000, 0x00000000d5580000)
  object space 68608K, 71% used [0x0000000080000000,0x000000008301b2e8,0x0000000084300000)
 Metaspace       used 63831K, committed 65344K, reserved 1114112K
  class space    used 7589K, committed 8320K, reserved 1048576K
}
Event: 109.450 GC heap after
{Heap after GC invocations=42 (full 3):
 PSYoungGen      total 13312K, used 1506K [0x00000000d5580000, 0x00000000d6500000, 0x0000000100000000)
  eden space 11776K, 0% used [0x00000000d5580000,0x00000000d5580000,0x00000000d6100000)
  from space 1536K, 98% used [0x00000000d6100000,0x00000000d6278810,0x00000000d6280000)
  to   space 2048K, 0% used [0x00000000d6300000,0x00000000d6300000,0x00000000d6500000)
 ParOldGen       total 68608K, used 50324K [0x0000000080000000, 0x0000000084300000, 0x00000000d5580000)
  object space 68608K, 73% used [0x0000000080000000,0x00000000831252f8,0x0000000084300000)
 Metaspace       used 63831K, committed 65344K, reserved 1114112K
  class space    used 7589K, committed 8320K, reserved 1048576K
}
Event: 109.487 GC heap before
{Heap before GC invocations=43 (full 3):
 PSYoungGen      total 13312K, used 13282K [0x00000000d5580000, 0x00000000d6500000, 0x0000000100000000)
  eden space 11776K, 100% used [0x00000000d5580000,0x00000000d6100000,0x00000000d6100000)
  from space 1536K, 98% used [0x00000000d6100000,0x00000000d6278810,0x00000000d6280000)
  to   space 2048K, 0% used [0x00000000d6300000,0x00000000d6300000,0x00000000d6500000)
 ParOldGen       total 68608K, used 50324K [0x0000000080000000, 0x0000000084300000, 0x00000000d5580000)
  object space 68608K, 73% used [0x0000000080000000,0x00000000831252f8,0x0000000084300000)
 Metaspace       used 63968K, committed 65472K, reserved 1114112K
  class space    used 7609K, committed 8320K, reserved 1048576K
}
Event: 109.490 GC heap after
{Heap after GC invocations=43 (full 3):
 PSYoungGen      total 13312K, used 1280K [0x00000000d5580000, 0x00000000d6480000, 0x0000000100000000)
  eden space 11776K, 0% used [0x00000000d5580000,0x00000000d5580000,0x00000000d6100000)
  from space 1536K, 83% used [0x00000000d6300000,0x00000000d6440010,0x00000000d6480000)
  to   space 1536K, 0% used [0x00000000d6100000,0x00000000d6100000,0x00000000d6280000)
 ParOldGen       total 68608K, used 51727K [0x0000000080000000, 0x0000000084300000, 0x00000000d5580000)
  object space 68608K, 75% used [0x0000000080000000,0x0000000083283d58,0x0000000084300000)
 Metaspace       used 63968K, committed 65472K, reserved 1114112K
  class space    used 7609K, committed 8320K, reserved 1048576K
}
Event: 109.518 GC heap before
{Heap before GC invocations=44 (full 3):
 PSYoungGen      total 13312K, used 13056K [0x00000000d5580000, 0x00000000d6480000, 0x0000000100000000)
  eden space 11776K, 100% used [0x00000000d5580000,0x00000000d6100000,0x00000000d6100000)
  from space 1536K, 83% used [0x00000000d6300000,0x00000000d6440010,0x00000000d6480000)
  to   space 1536K, 0% used [0x00000000d6100000,0x00000000d6100000,0x00000000d6280000)
 ParOldGen       total 68608K, used 51727K [0x0000000080000000, 0x0000000084300000, 0x00000000d5580000)
  object space 68608K, 75% used [0x0000000080000000,0x0000000083283d58,0x0000000084300000)
 Metaspace       used 63968K, committed 65472K, reserved 1114112K
  class space    used 7609K, committed 8320K, reserved 1048576K
}
Event: 109.520 GC heap after
{Heap after GC invocations=44 (full 3):
 PSYoungGen      total 13312K, used 1152K [0x00000000d5580000, 0x00000000d6400000, 0x0000000100000000)
  eden space 11776K, 0% used [0x00000000d5580000,0x00000000d5580000,0x00000000d6100000)
  from space 1536K, 75% used [0x00000000d6100000,0x00000000d6220000,0x00000000d6280000)
  to   space 1536K, 0% used [0x00000000d6280000,0x00000000d6280000,0x00000000d6400000)
 ParOldGen       total 68608K, used 52855K [0x0000000080000000, 0x0000000084300000, 0x00000000d5580000)
  object space 68608K, 77% used [0x0000000080000000,0x000000008339dd68,0x0000000084300000)
 Metaspace       used 63968K, committed 65472K, reserved 1114112K
  class space    used 7609K, committed 8320K, reserved 1048576K
}
Event: 109.558 GC heap before
{Heap before GC invocations=45 (full 3):
 PSYoungGen      total 13312K, used 12928K [0x00000000d5580000, 0x00000000d6400000, 0x0000000100000000)
  eden space 11776K, 100% used [0x00000000d5580000,0x00000000d6100000,0x00000000d6100000)
  from space 1536K, 75% used [0x00000000d6100000,0x00000000d6220000,0x00000000d6280000)
  to   space 1536K, 0% used [0x00000000d6280000,0x00000000d6280000,0x00000000d6400000)
 ParOldGen       total 68608K, used 52855K [0x0000000080000000, 0x0000000084300000, 0x00000000d5580000)
  object space 68608K, 77% used [0x0000000080000000,0x000000008339dd68,0x0000000084300000)
 Metaspace       used 63987K, committed 65472K, reserved 1114112K
  class space    used 7609K, committed 8320K, reserved 1048576K
}
Event: 109.562 GC heap after
{Heap after GC invocations=45 (full 3):
 PSYoungGen      total 13312K, used 1376K [0x00000000d5580000, 0x00000000d6400000, 0x0000000100000000)
  eden space 11776K, 0% used [0x00000000d5580000,0x00000000d5580000,0x00000000d6100000)
  from space 1536K, 89% used [0x00000000d6280000,0x00000000d63d8000,0x00000000d6400000)
  to   space 1536K, 0% used [0x00000000d6100000,0x00000000d6100000,0x00000000d6280000)
 ParOldGen       total 68608K, used 53887K [0x0000000080000000, 0x0000000084300000, 0x00000000d5580000)
  object space 68608K, 78% used [0x0000000080000000,0x000000008349fd68,0x0000000084300000)
 Metaspace       used 63987K, committed 65472K, reserved 1114112K
  class space    used 7609K, committed 8320K, reserved 1048576K
}
Event: 109.609 GC heap before
{Heap before GC invocations=46 (full 3):
 PSYoungGen      total 13312K, used 13152K [0x00000000d5580000, 0x00000000d6400000, 0x0000000100000000)
  eden space 11776K, 100% used [0x00000000d5580000,0x00000000d6100000,0x00000000d6100000)
  from space 1536K, 89% used [0x00000000d6280000,0x00000000d63d8000,0x00000000d6400000)
  to   space 1536K, 0% used [0x00000000d6100000,0x00000000d6100000,0x00000000d6280000)
 ParOldGen       total 68608K, used 53887K [0x0000000080000000, 0x0000000084300000, 0x00000000d5580000)
  object space 68608K, 78% used [0x0000000080000000,0x000000008349fd68,0x0000000084300000)
 Metaspace       used 64034K, committed 65536K, reserved 1114112K
  class space    used 7618K, committed 8320K, reserved 1048576K
}
Event: 109.614 GC heap after
{Heap after GC invocations=46 (full 3):
 PSYoungGen      total 13312K, used 1316K [0x00000000d5580000, 0x00000000d6400000, 0x0000000100000000)
  eden space 11776K, 0% used [0x00000000d5580000,0x00000000d5580000,0x00000000d6100000)
  from space 1536K, 85% used [0x00000000d6100000,0x00000000d6249000,0x00000000d6280000)
  to   space 1536K, 0% used [0x00000000d6280000,0x00000000d6280000,0x00000000d6400000)
 ParOldGen       total 68608K, used 55061K [0x0000000080000000, 0x0000000084300000, 0x00000000d5580000)
  object space 68608K, 80% used [0x0000000080000000,0x00000000835c5718,0x0000000084300000)
 Metaspace       used 64034K, committed 65536K, reserved 1114112K
  class space    used 7618K, committed 8320K, reserved 1048576K
}
Event: 109.656 GC heap before
{Heap before GC invocations=47 (full 3):
 PSYoungGen      total 13312K, used 13091K [0x00000000d5580000, 0x00000000d6400000, 0x0000000100000000)
  eden space 11776K, 99% used [0x00000000d5580000,0x00000000d60fffe8,0x00000000d6100000)
  from space 1536K, 85% used [0x00000000d6100000,0x00000000d6249000,0x00000000d6280000)
  to   space 1536K, 0% used [0x00000000d6280000,0x00000000d6280000,0x00000000d6400000)
 ParOldGen       total 68608K, used 55061K [0x0000000080000000, 0x0000000084300000, 0x00000000d5580000)
  object space 68608K, 80% used [0x0000000080000000,0x00000000835c5718,0x0000000084300000)
 Metaspace       used 64039K, committed 65536K, reserved 1114112K
  class space    used 7619K, committed 8320K, reserved 1048576K
}
Event: 109.660 GC heap after
{Heap after GC invocations=47 (full 3):
 PSYoungGen      total 13312K, used 1120K [0x00000000d5580000, 0x00000000d6400000, 0x0000000100000000)
  eden space 11776K, 0% used [0x00000000d5580000,0x00000000d5580000,0x00000000d6100000)
  from space 1536K, 72% used [0x00000000d6280000,0x00000000d6398000,0x00000000d6400000)
  to   space 1536K, 0% used [0x00000000d6100000,0x00000000d6100000,0x00000000d6280000)
 ParOldGen       total 68608K, used 56214K [0x0000000080000000, 0x0000000084300000, 0x00000000d5580000)
  object space 68608K, 81% used [0x0000000080000000,0x00000000836e5818,0x0000000084300000)
 Metaspace       used 64039K, committed 65536K, reserved 1114112K
  class space    used 7619K, committed 8320K, reserved 1048576K
}
Event: 109.742 GC heap before
{Heap before GC invocations=48 (full 3):
 PSYoungGen      total 13312K, used 12896K [0x00000000d5580000, 0x00000000d6400000, 0x0000000100000000)
  eden space 11776K, 100% used [0x00000000d5580000,0x00000000d6100000,0x00000000d6100000)
  from space 1536K, 72% used [0x00000000d6280000,0x00000000d6398000,0x00000000d6400000)
  to   space 1536K, 0% used [0x00000000d6100000,0x00000000d6100000,0x00000000d6280000)
 ParOldGen       total 68608K, used 56214K [0x0000000080000000, 0x0000000084300000, 0x00000000d5580000)
  object space 68608K, 81% used [0x0000000080000000,0x00000000836e5818,0x0000000084300000)
 Metaspace       used 64235K, committed 65728K, reserved 1114112K
  class space    used 7635K, committed 8320K, reserved 1048576K
}
Event: 109.746 GC heap after
{Heap after GC invocations=48 (full 3):
 PSYoungGen      total 13312K, used 1408K [0x00000000d5580000, 0x00000000d6400000, 0x0000000100000000)
  eden space 11776K, 0% used [0x00000000d5580000,0x00000000d5580000,0x00000000d6100000)
  from space 1536K, 91% used [0x00000000d6100000,0x00000000d6260010,0x00000000d6280000)
  to   space 1536K, 0% used [0x00000000d6280000,0x00000000d6280000,0x00000000d6400000)
 ParOldGen       total 68608K, used 57190K [0x0000000080000000, 0x0000000084300000, 0x00000000d5580000)
  object space 68608K, 83% used [0x0000000080000000,0x00000000837d9818,0x0000000084300000)
 Metaspace       used 64235K, committed 65728K, reserved 1114112K
  class space    used 7635K, committed 8320K, reserved 1048576K
}
Event: 109.860 GC heap before
{Heap before GC invocations=49 (full 3):
 PSYoungGen      total 13312K, used 13184K [0x00000000d5580000, 0x00000000d6400000, 0x0000000100000000)
  eden space 11776K, 100% used [0x00000000d5580000,0x00000000d6100000,0x00000000d6100000)
  from space 1536K, 91% used [0x00000000d6100000,0x00000000d6260010,0x00000000d6280000)
  to   space 1536K, 0% used [0x00000000d6280000,0x00000000d6280000,0x00000000d6400000)
 ParOldGen       total 68608K, used 57190K [0x0000000080000000, 0x0000000084300000, 0x00000000d5580000)
  object space 68608K, 83% used [0x0000000080000000,0x00000000837d9818,0x0000000084300000)
 Metaspace       used 64381K, committed 65920K, reserved 1114112K
  class space    used 7652K, committed 8384K, reserved 1048576K
}
Event: 109.864 GC heap after
{Heap after GC invocations=49 (full 3):
 PSYoungGen      total 13312K, used 1056K [0x00000000d5580000, 0x00000000d6400000, 0x0000000100000000)
  eden space 11776K, 0% used [0x00000000d5580000,0x00000000d5580000,0x00000000d6100000)
  from space 1536K, 68% used [0x00000000d6280000,0x00000000d6388000,0x00000000d6400000)
  to   space 1536K, 0% used [0x00000000d6100000,0x00000000d6100000,0x00000000d6280000)
 ParOldGen       total 68608K, used 58438K [0x0000000080000000, 0x0000000084300000, 0x00000000d5580000)
  object space 68608K, 85% used [0x0000000080000000,0x0000000083911828,0x0000000084300000)
 Metaspace       used 64381K, committed 65920K, reserved 1114112K
  class space    used 7652K, committed 8384K, reserved 1048576K
}
Event: 109.925 GC heap before
{Heap before GC invocations=50 (full 3):
 PSYoungGen      total 13312K, used 12832K [0x00000000d5580000, 0x00000000d6400000, 0x0000000100000000)
  eden space 11776K, 100% used [0x00000000d5580000,0x00000000d6100000,0x00000000d6100000)
  from space 1536K, 68% used [0x00000000d6280000,0x00000000d6388000,0x00000000d6400000)
  to   space 1536K, 0% used [0x00000000d6100000,0x00000000d6100000,0x00000000d6280000)
 ParOldGen       total 68608K, used 58438K [0x0000000080000000, 0x0000000084300000, 0x00000000d5580000)
  object space 68608K, 85% used [0x0000000080000000,0x0000000083911828,0x0000000084300000)
 Metaspace       used 64391K, committed 65920K, reserved 1114112K
  class space    used 7652K, committed 8384K, reserved 1048576K
}
Event: 109.930 GC heap after
{Heap after GC invocations=50 (full 3):
 PSYoungGen      total 13312K, used 1176K [0x00000000d5580000, 0x00000000d6400000, 0x0000000100000000)
  eden space 11776K, 0% used [0x00000000d5580000,0x00000000d5580000,0x00000000d6100000)
  from space 1536K, 76% used [0x00000000d6100000,0x00000000d6226200,0x00000000d6280000)
  to   space 1536K, 0% used [0x00000000d6280000,0x00000000d6280000,0x00000000d6400000)
 ParOldGen       total 68608K, used 59334K [0x0000000080000000, 0x0000000084300000, 0x00000000d5580000)
  object space 68608K, 86% used [0x0000000080000000,0x00000000839f1838,0x0000000084300000)
 Metaspace       used 64391K, committed 65920K, reserved 1114112K
  class space    used 7652K, committed 8384K, reserved 1048576K
}
Event: 109.990 GC heap before
{Heap before GC invocations=51 (full 3):
 PSYoungGen      total 13312K, used 12952K [0x00000000d5580000, 0x00000000d6400000, 0x0000000100000000)
  eden space 11776K, 100% used [0x00000000d5580000,0x00000000d6100000,0x00000000d6100000)
  from space 1536K, 76% used [0x00000000d6100000,0x00000000d6226200,0x00000000d6280000)
  to   space 1536K, 0% used [0x00000000d6280000,0x00000000d6280000,0x00000000d6400000)
 ParOldGen       total 68608K, used 59334K [0x0000000080000000, 0x0000000084300000, 0x00000000d5580000)
  object space 68608K, 86% used [0x0000000080000000,0x00000000839f1838,0x0000000084300000)
 Metaspace       used 64398K, committed 65984K, reserved 1114112K
  class space    used 7652K, committed 8384K, reserved 1048576K
}
Event: 109.992 GC heap after
{Heap after GC invocations=51 (full 3):
 PSYoungGen      total 13312K, used 1056K [0x00000000d5580000, 0x00000000d6400000, 0x0000000100000000)
  eden space 11776K, 0% used [0x00000000d5580000,0x00000000d5580000,0x00000000d6100000)
  from space 1536K, 68% used [0x00000000d6280000,0x00000000d6388000,0x00000000d6400000)
  to   space 1536K, 0% used [0x00000000d6100000,0x00000000d6100000,0x00000000d6280000)
 ParOldGen       total 68608K, used 60350K [0x0000000080000000, 0x0000000084300000, 0x00000000d5580000)
  object space 68608K, 87% used [0x0000000080000000,0x0000000083aefa38,0x0000000084300000)
 Metaspace       used 64398K, committed 65984K, reserved 1114112K
  class space    used 7652K, committed 8384K, reserved 1048576K
}

Dll operation events (15 events):
Event: 0.036 Loaded shared library c:\Users\harsh\.vscode\extensions\redhat.java-1.53.0-win32-x64\jre\21.0.10-win32-x86_64\bin\java.dll
Event: 0.190 Loaded shared library c:\Users\harsh\.vscode\extensions\redhat.java-1.53.0-win32-x64\jre\21.0.10-win32-x86_64\bin\zip.dll
Event: 0.249 Loaded shared library C:\Users\harsh\.vscode\extensions\redhat.java-1.53.0-win32-x64\jre\21.0.10-win32-x86_64\bin\instrument.dll
Event: 0.261 Loaded shared library C:\Users\harsh\.vscode\extensions\redhat.java-1.53.0-win32-x64\jre\21.0.10-win32-x86_64\bin\net.dll
Event: 0.267 Loaded shared library C:\Users\harsh\.vscode\extensions\redhat.java-1.53.0-win32-x64\jre\21.0.10-win32-x86_64\bin\nio.dll
Event: 0.281 Loaded shared library C:\Users\harsh\.vscode\extensions\redhat.java-1.53.0-win32-x64\jre\21.0.10-win32-x86_64\bin\zip.dll
Event: 0.318 Loaded shared library C:\Users\harsh\.vscode\extensions\redhat.java-1.53.0-win32-x64\jre\21.0.10-win32-x86_64\bin\jimage.dll
Event: 0.520 Loaded shared library c:\Users\harsh\.vscode\extensions\redhat.java-1.53.0-win32-x64\jre\21.0.10-win32-x86_64\bin\verify.dll
Event: 23.764 Loaded shared library C:\Users\harsh\AppData\Roaming\Code\User\globalStorage\redhat.java\1.53.0\config_win\org.eclipse.equinox.launcher\org.eclipse.equinox.launcher.win32.win32.x86_64_1.3.0.v20260203-2149\eclipse_11919.dll
Event: 50.716 Loaded shared library C:\Users\harsh\AppData\Local\Temp\jna-99049134\jna11356336348809393559.dll
Event: 54.508 Loaded shared library C:\Users\harsh\.vscode\extensions\redhat.java-1.53.0-win32-x64\jre\21.0.10-win32-x86_64\bin\sunmscapi.dll
Event: 55.056 Loaded shared library C:\Users\harsh\.vscode\extensions\redhat.java-1.53.0-win32-x64\jre\21.0.10-win32-x86_64\bin\extnet.dll
Event: 58.436 Loaded shared library C:\Users\harsh\.gradle\native\c067742578af261105cb4f569cf0c3c89f3d7b1fecec35dd04571415982c5e48\windows-amd64\native-platform.dll
Event: 60.299 Loaded shared library C:\Users\harsh\.vscode\extensions\redhat.java-1.53.0-win32-x64\jre\21.0.10-win32-x86_64\bin\management.dll
Event: 60.303 Loaded shared library C:\Users\harsh\.vscode\extensions\redhat.java-1.53.0-win32-x64\jre\21.0.10-win32-x86_64\bin\management_ext.dll

Deoptimization events (20 events):
Event: 109.768 Thread 0x000002d8847b67b0 DEOPT PACKING pc=0x000002d8ae58b890 sp=0x000000ec9e7fe320
Event: 109.768 Thread 0x000002d8847b67b0 DEOPT UNPACKING pc=0x000002d8addc3aa2 sp=0x000000ec9e7fe258 mode 2
Event: 110.119 Thread 0x000002d8847b46e0 DEOPT PACKING pc=0x000002d8a74168a0 sp=0x000000ec9e8fe510
Event: 110.119 Thread 0x000002d8847b46e0 DEOPT UNPACKING pc=0x000002d8addc4242 sp=0x000000ec9e8fda18 mode 3
Event: 110.120 Thread 0x000002d8847b46e0 Uncommon trap: trap_request=0xffffff45 fr.pc=0x000002d8ae695ab8 relative=0x0000000000000c98
Event: 110.120 Thread 0x000002d8847b46e0 Uncommon trap: reason=unstable_if action=reinterpret pc=0x000002d8ae695ab8 method=java.util.concurrent.ConcurrentHashMap.putVal(Ljava/lang/Object;Ljava/lang/Object;Z)Ljava/lang/Object; @ 245 c2
Event: 110.120 Thread 0x000002d8847b46e0 DEOPT PACKING pc=0x000002d8ae695ab8 sp=0x000000ec9e8fe700
Event: 110.120 Thread 0x000002d8847b46e0 DEOPT UNPACKING pc=0x000002d8addc3aa2 sp=0x000000ec9e8fe6a8 mode 2
Event: 110.206 Thread 0x000002d8fea29680 Uncommon trap: trap_request=0xffffff45 fr.pc=0x000002d8ae7342ec relative=0x000000000000030c
Event: 110.206 Thread 0x000002d8fea29680 Uncommon trap: reason=unstable_if action=reinterpret pc=0x000002d8ae7342ec method=jdk.internal.jimage.ImageStringsReader.stringFromByteBufferMatches(Ljava/nio/ByteBuffer;ILjava/lang/String;I)I @ 59 c2
Event: 110.206 Thread 0x000002d8fea29680 DEOPT PACKING pc=0x000002d8ae7342ec sp=0x000000ec9d0fe060
Event: 110.206 Thread 0x000002d8fea29680 DEOPT UNPACKING pc=0x000002d8addc3aa2 sp=0x000000ec9d0fdfd8 mode 2
Event: 110.206 Thread 0x000002d8fea29680 Uncommon trap: trap_request=0xffffff45 fr.pc=0x000002d8ae743f70 relative=0x0000000000000c30
Event: 110.206 Thread 0x000002d8fea29680 Uncommon trap: reason=unstable_if action=reinterpret pc=0x000002d8ae743f70 method=jdk.internal.jrtfs.JrtFileSystem.checkNode(Ljdk/internal/jrtfs/JrtPath;)Ljdk/internal/jimage/ImageReader$Node; @ 16 c2
Event: 110.206 Thread 0x000002d8fea29680 DEOPT PACKING pc=0x000002d8ae743f70 sp=0x000000ec9d0fe350
Event: 110.206 Thread 0x000002d8fea29680 DEOPT UNPACKING pc=0x000002d8addc3aa2 sp=0x000000ec9d0fe350 mode 2
Event: 110.207 Thread 0x000002d8fea29680 Uncommon trap: trap_request=0xffffff45 fr.pc=0x000002d8ae74b430 relative=0x00000000000011b0
Event: 110.207 Thread 0x000002d8fea29680 Uncommon trap: reason=unstable_if action=reinterpret pc=0x000002d8ae74b430 method=org.eclipse.jdt.internal.core.util.Util.splitOn(CLjava/lang/String;II)[Ljava/lang/String; @ 16 c2
Event: 110.208 Thread 0x000002d8fea29680 DEOPT PACKING pc=0x000002d8ae74b430 sp=0x000000ec9d0feb60
Event: 110.208 Thread 0x000002d8fea29680 DEOPT UNPACKING pc=0x000002d8addc3aa2 sp=0x000000ec9d0feb50 mode 2

Classes loaded (20 events):
Event: 109.599 Loading class java/util/concurrent/CompletableFuture$UniCompletion done
Event: 109.599 Loading class java/util/concurrent/CompletableFuture$UniApply done
Event: 109.600 Loading class java/util/concurrent/CompletableFuture$UniAccept
Event: 109.600 Loading class java/util/concurrent/CompletableFuture$UniAccept done
Event: 109.601 Loading class java/util/concurrent/CompletableFuture$UniExceptionally
Event: 109.601 Loading class java/util/concurrent/CompletableFuture$UniExceptionally done
Event: 109.771 Loading class java/util/regex/PatternSyntaxException
Event: 109.772 Loading class java/util/regex/PatternSyntaxException done
Event: 110.067 Loading class java/util/stream/DistinctOps
Event: 110.067 Loading class java/util/stream/DistinctOps done
Event: 110.068 Loading class java/util/stream/DistinctOps$1
Event: 110.068 Loading class java/util/stream/DistinctOps$1 done
Event: 110.074 Loading class java/util/stream/DistinctOps$1$2
Event: 110.075 Loading class java/util/stream/DistinctOps$1$2 done
Event: 110.172 Loading class java/util/AbstractList$RandomAccessSubList
Event: 110.173 Loading class java/util/AbstractList$SubList
Event: 110.173 Loading class java/util/AbstractList$SubList done
Event: 110.173 Loading class java/util/AbstractList$RandomAccessSubList done
Event: 110.173 Loading class java/util/AbstractList$SubList$1
Event: 110.174 Loading class java/util/AbstractList$SubList$1 done

Classes unloaded (7 events):
Event: 53.042 Thread 0x000002d8ba703810 Unloading class 0x000002d8bc1a5000 'java/lang/invoke/LambdaForm$MH+0x000002d8bc1a5000'
Event: 53.042 Thread 0x000002d8ba703810 Unloading class 0x000002d8bc1a4c00 'java/lang/invoke/LambdaForm$MH+0x000002d8bc1a4c00'
Event: 53.042 Thread 0x000002d8ba703810 Unloading class 0x000002d8bc1a4800 'java/lang/invoke/LambdaForm$MH+0x000002d8bc1a4800'
Event: 53.042 Thread 0x000002d8ba703810 Unloading class 0x000002d8bc1a4400 'java/lang/invoke/LambdaForm$MH+0x000002d8bc1a4400'
Event: 53.042 Thread 0x000002d8ba703810 Unloading class 0x000002d8bc1a4000 'java/lang/invoke/LambdaForm$BMH+0x000002d8bc1a4000'
Event: 53.042 Thread 0x000002d8ba703810 Unloading class 0x000002d8bc1a3c00 'java/lang/invoke/LambdaForm$DMH+0x000002d8bc1a3c00'
Event: 53.042 Thread 0x000002d8ba703810 Unloading class 0x000002d8bc1a2800 'java/lang/invoke/LambdaForm$DMH+0x000002d8bc1a2800'

Classes redefined (0 events):
No events

Internal exceptions (20 events):
Event: 108.967 Thread 0x000002d8fea29680 Exception <a 'java/io/FileNotFoundException'{0x00000000d598e210}> (0x00000000d598e210) 
thrown [s\src\hotspot\share\prims\jni.cpp, line 520]
Event: 109.005 Thread 0x000002d8fea29680 Exception <a 'sun/nio/fs/WindowsException'{0x00000000d5a9ab08}> (0x00000000d5a9ab08) 
thrown [s\src\hotspot\share\prims\jni.cpp, line 520]
Event: 109.005 Thread 0x000002d8fea29680 Exception <a 'sun/nio/fs/WindowsException'{0x00000000d5a9b138}> (0x00000000d5a9b138) 
thrown [s\src\hotspot\share\prims\jni.cpp, line 520]
Event: 109.006 Thread 0x000002d8fea29680 Exception <a 'sun/nio/fs/WindowsException'{0x00000000d5a9bbd0}> (0x00000000d5a9bbd0) 
thrown [s\src\hotspot\share\prims\jni.cpp, line 520]
Event: 109.006 Thread 0x000002d8fea29680 Exception <a 'sun/nio/fs/WindowsException'{0x00000000d5a9c200}> (0x00000000d5a9c200) 
thrown [s\src\hotspot\share\prims\jni.cpp, line 520]
Event: 109.132 Thread 0x000002d8fea29680 Implicit null exception at 0x000002d8ae55cff7 to 0x000002d8ae55d268
Event: 109.133 Thread 0x000002d8fea29680 Exception <a 'java/lang/NoSuchMethodError'{0x00000000d5c90020}: 'java.lang.Object java.lang.invoke.DelegatingMethodHandle$Holder.reinvoke_L(java.lang.Object, int, long, java.lang.Object, java.lang.Object, int, java.lang.Object)'> (0x00000000d5c90020) 
thrown [s\src\hotspot\share\interpreter\linkResolver.cpp, line 773]
Event: 109.265 Thread 0x000002d8fea29680 Exception <a 'java/lang/NoSuchMethodError'{0x00000000d55a4c28}: 'java.lang.Object java.lang.invoke.Invokers$Holder.invoke_MT(java.lang.Object, java.lang.Object, java.lang.Object, java.lang.Object, java.lang.Object, java.lang.Object, java.lang.Object, java.lang.Object, java.lang.Object, java.lang.Object)'> (0x00000000d55a4c28) 
thrown [s\src\hotspot\share\interpreter\linkResolver.cpp, line 773]
Event: 109.584 Thread 0x000002d8847b4d70 Exception <a 'java/lang/IncompatibleClassChangeError'{0x00000000d5c3dd38}: Found class java.lang.Object, but interface was expected> (0x00000000d5c3dd38) 
thrown [s\src\hotspot\share\interpreter\linkResolver.cpp, line 840]
Event: 109.757 Thread 0x000002d8847b67b0 Exception <a 'java/lang/NoSuchMethodError'{0x00000000d56a7490}: 'java.lang.Object java.lang.invoke.DirectMethodHandle$Holder.invokeStaticInit(java.lang.Object, java.lang.Object, java.lang.Object)'> (0x00000000d56a7490) 
thrown [s\src\hotspot\share\interpreter\linkResolver.cpp, line 773]
Event: 110.022 Thread 0x000002d8fea29680 Exception <a 'java/io/FileNotFoundException'{0x00000000d57beae0}> (0x00000000d57beae0) 
thrown [s\src\hotspot\share\prims\jni.cpp, line 520]
Event: 110.022 Thread 0x000002d8fea29680 Exception <a 'java/io/FileNotFoundException'{0x00000000d57bf860}> (0x00000000d57bf860) 
thrown [s\src\hotspot\share\prims\jni.cpp, line 520]
Event: 110.048 Thread 0x000002d8fea29680 Exception <a 'sun/nio/fs/WindowsException'{0x00000000d582e5c0}> (0x00000000d582e5c0) 
thrown [s\src\hotspot\share\prims\jni.cpp, line 520]
Event: 110.048 Thread 0x000002d8fea29680 Exception <a 'sun/nio/fs/WindowsException'{0x00000000d582ebf0}> (0x00000000d582ebf0) 
thrown [s\src\hotspot\share\prims\jni.cpp, line 520]
Event: 110.091 Thread 0x000002d8847b46e0 Exception <a 'sun/nio/fs/WindowsException'{0x00000000d58c5ec0}> (0x00000000d58c5ec0) 
thrown [s\src\hotspot\share\prims\jni.cpp, line 520]
Event: 110.091 Thread 0x000002d8847b46e0 Exception <a 'sun/nio/fs/WindowsException'{0x00000000d58c67a0}> (0x00000000d58c67a0) 
thrown [s\src\hotspot\share\prims\jni.cpp, line 520]
Event: 110.092 Thread 0x000002d8847b46e0 Exception <a 'sun/nio/fs/WindowsException'{0x00000000d58c74e8}> (0x00000000d58c74e8) 
thrown [s\src\hotspot\share\prims\jni.cpp, line 520]
Event: 110.092 Thread 0x000002d8847b46e0 Exception <a 'sun/nio/fs/WindowsException'{0x00000000d58c7dc8}> (0x00000000d58c7dc8) 
thrown [s\src\hotspot\share\prims\jni.cpp, line 520]
Event: 110.093 Thread 0x000002d8847b46e0 Exception <a 'sun/nio/fs/WindowsException'{0x00000000d58cf728}> (0x00000000d58cf728) 
thrown [s\src\hotspot\share\prims\jni.cpp, line 520]
Event: 110.093 Thread 0x000002d8847b46e0 Exception <a 'sun/nio/fs/WindowsException'{0x00000000d58d0008}> (0x00000000d58d0008) 
thrown [s\src\hotspot\share\prims\jni.cpp, line 520]

ZGC Phase Switch (0 events):
No events

VM Operations (20 events):
Event: 180.411 Executing non-safepoint VM operation: HandshakeAllThreads (HandshakeForDeflation)
Event: 180.414 Executing non-safepoint VM operation: HandshakeAllThreads (HandshakeForDeflation) done
Event: 180.414 Executing non-safepoint VM operation: RendezvousGCThreads
Event: 180.414 Executing non-safepoint VM operation: RendezvousGCThreads done
Event: 240.536 Executing non-safepoint VM operation: HandshakeAllThreads (HandshakeForDeflation)
Event: 240.536 Executing non-safepoint VM operation: HandshakeAllThreads (HandshakeForDeflation) done
Event: 240.536 Executing non-safepoint VM operation: RendezvousGCThreads
Event: 240.536 Executing non-safepoint VM operation: RendezvousGCThreads done
Event: 304.709 Executing safepoint VM operation: Cleanup
Event: 304.711 Executing safepoint VM operation: Cleanup done
Event: 360.951 Executing non-safepoint VM operation: HandshakeAllThreads (HandshakeForDeflation)
Event: 360.971 Executing non-safepoint VM operation: HandshakeAllThreads (HandshakeForDeflation) done
Event: 360.971 Executing non-safepoint VM operation: RendezvousGCThreads
Event: 360.971 Executing non-safepoint VM operation: RendezvousGCThreads done
Event: 421.159 Executing non-safepoint VM operation: HandshakeAllThreads (HandshakeForDeflation)
Event: 421.367 Executing non-safepoint VM operation: HandshakeAllThreads (HandshakeForDeflation) done
Event: 421.367 Executing non-safepoint VM operation: RendezvousGCThreads
Event: 421.373 Executing non-safepoint VM operation: RendezvousGCThreads done
Event: 425.404 Executing safepoint VM operation: Cleanup
Event: 425.416 Executing safepoint VM operation: Cleanup done

Memory protections (0 events):
No events

Nmethod flushes (20 events):
Event: 60.183 Thread 0x000002d8ba703810 flushing  nmethod 0x000002d8a7067c10
Event: 60.183 Thread 0x000002d8ba703810 flushing  nmethod 0x000002d8a7069590
Event: 60.183 Thread 0x000002d8ba703810 flushing  nmethod 0x000002d8a706ab90
Event: 60.183 Thread 0x000002d8ba703810 flushing  nmethod 0x000002d8a7088f90
Event: 60.183 Thread 0x000002d8ba703810 flushing  nmethod 0x000002d8a710ab10
Event: 60.183 Thread 0x000002d8ba703810 flushing  nmethod 0x000002d8a710e010
Event: 60.183 Thread 0x000002d8ba703810 flushing  nmethod 0x000002d8a710e990
Event: 60.183 Thread 0x000002d8ba703810 flushing  nmethod 0x000002d8a710f890
Event: 60.183 Thread 0x000002d8ba703810 flushing  nmethod 0x000002d8a7113090
Event: 60.183 Thread 0x000002d8ba703810 flushing  nmethod 0x000002d8a7135990
Event: 60.183 Thread 0x000002d8ba703810 flushing  nmethod 0x000002d8a7136890
Event: 60.183 Thread 0x000002d8ba703810 flushing  nmethod 0x000002d8a7136e90
Event: 60.183 Thread 0x000002d8ba703810 flushing  nmethod 0x000002d8a7137710
Event: 60.183 Thread 0x000002d8ba703810 flushing  nmethod 0x000002d8a7138210
Event: 60.183 Thread 0x000002d8ba703810 flushing  nmethod 0x000002d8a713a110
Event: 60.183 Thread 0x000002d8ba703810 flushing  nmethod 0x000002d8a713be90
Event: 60.183 Thread 0x000002d8ba703810 flushing  nmethod 0x000002d8a7180d10
Event: 60.183 Thread 0x000002d8ba703810 flushing  nmethod 0x000002d8a718f810
Event: 60.183 Thread 0x000002d8ba703810 flushing  nmethod 0x000002d8a71a6090
Event: 60.183 Thread 0x000002d8ba703810 flushing  nmethod 0x000002d8a71c5390

Events (20 events):
Event: 64.052 Thread 0x000002d8fe06a160 Thread exited: 0x000002d8fe06a160
Event: 64.053 Thread 0x000002d8fe06bba0 Thread exited: 0x000002d8fe06bba0
Event: 64.732 Thread 0x000002d886b59010 Thread exited: 0x000002d886b59010
Event: 64.732 Thread 0x000002d886b574d0 Thread exited: 0x000002d886b574d0
Event: 66.106 Thread 0x000002d8847b6120 Thread exited: 0x000002d8847b6120
Event: 108.356 Thread 0x000002d8fd7863a0 Thread added: 0x000002d886b59010
Event: 108.477 Thread 0x000002d8fe06ae80 Thread exited: 0x000002d8fe06ae80
Event: 108.660 Thread 0x000002d886b59010 Thread exited: 0x000002d886b59010
Event: 108.890 Thread 0x000002d8fd780470 Thread added: 0x000002d886b56060
Event: 109.157 Thread 0x000002d886b56060 Thread exited: 0x000002d886b56060
Event: 109.187 Thread 0x000002d8fd7863a0 Thread added: 0x000002d886b56730
Event: 109.749 Thread 0x000002d8847b67b0 Thread added: 0x000002d8fe06ae80
Event: 115.675 Thread 0x000002d886b56730 Thread exited: 0x000002d886b56730
Event: 170.229 Thread 0x000002d8fe06ae80 Thread exited: 0x000002d8fe06ae80
Event: 170.231 Thread 0x000002d8fea28960 Thread exited: 0x000002d8fea28960
Event: 170.235 Thread 0x000002d8fea2aa30 Thread exited: 0x000002d8fea2aa30
Event: 170.257 Thread 0x000002d8fea29680 Thread exited: 0x000002d8fea29680
Event: 230.272 Thread 0x000002d8847b46e0 Thread exited: 0x000002d8847b46e0
Event: 230.294 Thread 0x000002d8fea2a3a0 Thread exited: 0x000002d8fea2a3a0
Event: 290.301 Thread 0x000002d8847b67b0 Thread exited: 0x000002d8847b67b0


Dynamic libraries:
0x00007ff6ed5b0000 - 0x00007ff6ed5be000 	c:\Users\harsh\.vscode\extensions\redhat.java-1.53.0-win32-x64\jre\21.0.10-win32-x86_64\bin\java.exe
0x00007ff9e46c0000 - 0x00007ff9e4927000 	C:\WINDOWS\SYSTEM32\ntdll.dll
0x00007ff9e2c80000 - 0x00007ff9e2d49000 	C:\WINDOWS\System32\KERNEL32.DLL
0x00007ff9e1fb0000 - 0x00007ff9e23a1000 	C:\WINDOWS\System32\KERNELBASE.dll
0x00007ff9e1150000 - 0x00007ff9e129b000 	C:\WINDOWS\System32\ucrtbase.dll
0x00007ff9df0e0000 - 0x00007ff9df0fe000 	c:\Users\harsh\.vscode\extensions\redhat.java-1.53.0-win32-x64\jre\21.0.10-win32-x86_64\bin\VCRUNTIME140.dll
0x00007ff9d6cb0000 - 0x00007ff9d6cc8000 	c:\Users\harsh\.vscode\extensions\redhat.java-1.53.0-win32-x64\jre\21.0.10-win32-x86_64\bin\jli.dll
0x00007ff9e3950000 - 0x00007ff9e3b15000 	C:\WINDOWS\System32\USER32.dll
0x00007ff9e0fa0000 - 0x00007ff9e0fc7000 	C:\WINDOWS\System32\win32u.dll
0x00007ff9d0020000 - 0x00007ff9d02b3000 	C:\WINDOWS\WinSxS\amd64_microsoft.windows.common-controls_6595b64144ccf1df_6.0.26100.8037_none_3e092faae333b53b\COMCTL32.dll
0x00007ff9e2e80000 - 0x00007ff9e2eab000 	C:\WINDOWS\System32\GDI32.dll
0x00007ff9e30d0000 - 0x00007ff9e3179000 	C:\WINDOWS\System32\msvcrt.dll
0x00007ff9e12a0000 - 0x00007ff9e13cb000 	C:\WINDOWS\System32\gdi32full.dll
0x00007ff9e23b0000 - 0x00007ff9e2453000 	C:\WINDOWS\System32\msvcp_win.dll
0x00007ff9e2460000 - 0x00007ff9e2491000 	C:\WINDOWS\System32\IMM32.DLL
0x00007ff9df190000 - 0x00007ff9df19c000 	c:\Users\harsh\.vscode\extensions\redhat.java-1.53.0-win32-x64\jre\21.0.10-win32-x86_64\bin\vcruntime140_1.dll
0x00007ff9c4720000 - 0x00007ff9c47ad000 	c:\Users\harsh\.vscode\extensions\redhat.java-1.53.0-win32-x64\jre\21.0.10-win32-x86_64\bin\msvcp140.dll
0x00007ff955440000 - 0x00007ff9561e1000 	c:\Users\harsh\.vscode\extensions\redhat.java-1.53.0-win32-x64\jre\21.0.10-win32-x86_64\bin\server\jvm.dll
0x00007ff9e3010000 - 0x00007ff9e30cb000 	C:\WINDOWS\System32\ADVAPI32.dll
0x00007ff9e2dd0000 - 0x00007ff9e2e77000 	C:\WINDOWS\System32\sechost.dll
0x00007ff9e3fb0000 - 0x00007ff9e40c8000 	C:\WINDOWS\System32\RPCRT4.dll
0x00007ff9e2d50000 - 0x00007ff9e2dc4000 	C:\WINDOWS\System32\WS2_32.dll
0x00007ff9e0e00000 - 0x00007ff9e0e5e000 	C:\WINDOWS\SYSTEM32\POWRPROF.dll
0x00007ff9db430000 - 0x00007ff9db465000 	C:\WINDOWS\SYSTEM32\WINMM.dll
0x00007ff9db470000 - 0x00007ff9db47b000 	C:\WINDOWS\SYSTEM32\VERSION.dll
0x00007ff9e0de0000 - 0x00007ff9e0df4000 	C:\WINDOWS\SYSTEM32\UMPDC.dll
0x00007ff9dfd30000 - 0x00007ff9dfd4b000 	C:\WINDOWS\SYSTEM32\kernel.appcore.dll
0x00007ff9df150000 - 0x00007ff9df15a000 	c:\Users\harsh\.vscode\extensions\redhat.java-1.53.0-win32-x64\jre\21.0.10-win32-x86_64\bin\jimage.dll
0x00007ff9dece0000 - 0x00007ff9def22000 	C:\WINDOWS\SYSTEM32\DBGHELP.DLL
0x00007ff9e3590000 - 0x00007ff9e3912000 	C:\WINDOWS\System32\combase.dll
0x00007ff9e33b0000 - 0x00007ff9e3487000 	C:\WINDOWS\System32\OLEAUT32.dll
0x00007ff9cf130000 - 0x00007ff9cf16b000 	C:\WINDOWS\SYSTEM32\dbgcore.DLL
0x00007ff9e1f00000 - 0x00007ff9e1fa5000 	C:\WINDOWS\System32\bcryptPrimitives.dll
0x00007ff9d6970000 - 0x00007ff9d697f000 	c:\Users\harsh\.vscode\extensions\redhat.java-1.53.0-win32-x64\jre\21.0.10-win32-x86_64\bin\instrument.dll
0x00007ff9d6980000 - 0x00007ff9d69a0000 	c:\Users\harsh\.vscode\extensions\redhat.java-1.53.0-win32-x64\jre\21.0.10-win32-x86_64\bin\java.dll
0x00007ff9e2510000 - 0x00007ff9e2c6f000 	C:\WINDOWS\System32\SHELL32.dll
0x00007ff9e1d00000 - 0x00007ff9e1e6a000 	C:\WINDOWS\System32\wintypes.dll
0x00007ff9e1490000 - 0x00007ff9e1cf4000 	C:\WINDOWS\System32\windows.storage.dll
0x00007ff9e4270000 - 0x00007ff9e4367000 	C:\WINDOWS\System32\SHCORE.dll
0x00007ff9e24a0000 - 0x00007ff9e2507000 	C:\WINDOWS\System32\shlwapi.dll
0x00007ff9e0ec0000 - 0x00007ff9e0ee9000 	C:\WINDOWS\SYSTEM32\profapi.dll
0x00007ff9d5cf0000 - 0x00007ff9d5d08000 	c:\Users\harsh\.vscode\extensions\redhat.java-1.53.0-win32-x64\jre\21.0.10-win32-x86_64\bin\zip.dll
0x00007ff9d6ce0000 - 0x00007ff9d6cf0000 	C:\Users\harsh\.vscode\extensions\redhat.java-1.53.0-win32-x64\jre\21.0.10-win32-x86_64\bin\net.dll
0x00007ff9db300000 - 0x00007ff9db427000 	C:\WINDOWS\SYSTEM32\WINHTTP.dll
0x00007ff9e02a0000 - 0x00007ff9e030b000 	C:\WINDOWS\system32\mswsock.dll
0x00007ff9d4cb0000 - 0x00007ff9d4cc6000 	C:\Users\harsh\.vscode\extensions\redhat.java-1.53.0-win32-x64\jre\21.0.10-win32-x86_64\bin\nio.dll
0x00007ff9d6300000 - 0x00007ff9d6310000 	c:\Users\harsh\.vscode\extensions\redhat.java-1.53.0-win32-x64\jre\21.0.10-win32-x86_64\bin\verify.dll
0x00007ff9c6ac0000 - 0x00007ff9c6b05000 	C:\Users\harsh\AppData\Roaming\Code\User\globalStorage\redhat.java\1.53.0\config_win\org.eclipse.equinox.launcher\org.eclipse.equinox.launcher.win32.win32.x86_64_1.3.0.v20260203-2149\eclipse_11919.dll
0x00007ff9e40d0000 - 0x00007ff9e4265000 	C:\WINDOWS\System32\ole32.dll
0x00007ff9e0580000 - 0x00007ff9e059b000 	C:\WINDOWS\SYSTEM32\CRYPTSP.dll
0x00007ff9dfc90000 - 0x00007ff9dfcc9000 	C:\WINDOWS\system32\rsaenh.dll
0x00007ff9e0350000 - 0x00007ff9e0382000 	C:\WINDOWS\SYSTEM32\USERENV.dll
0x00007ff9e0e90000 - 0x00007ff9e0eba000 	C:\WINDOWS\SYSTEM32\bcrypt.dll
0x00007ff9e05a0000 - 0x00007ff9e05ac000 	C:\WINDOWS\SYSTEM32\CRYPTBASE.dll
0x00007ff9df610000 - 0x00007ff9df643000 	C:\WINDOWS\SYSTEM32\IPHLPAPI.DLL
0x00007ff9e3310000 - 0x00007ff9e331a000 	C:\WINDOWS\System32\NSI.dll
0x00007ff9cdff0000 - 0x00007ff9ce039000 	C:\Users\harsh\AppData\Local\Temp\jna-99049134\jna11356336348809393559.dll
0x00007ff9e4610000 - 0x00007ff9e4618000 	C:\WINDOWS\System32\PSAPI.DLL
0x00007ff9db9f0000 - 0x00007ff9dba0d000 	C:\WINDOWS\SYSTEM32\dhcpcsvc6.DLL
0x00007ff9db9c0000 - 0x00007ff9db9e3000 	C:\WINDOWS\SYSTEM32\dhcpcsvc.DLL
0x00007ff9d37f0000 - 0x00007ff9d37fe000 	C:\Users\harsh\.vscode\extensions\redhat.java-1.53.0-win32-x64\jre\21.0.10-win32-x86_64\bin\sunmscapi.dll
0x00007ff9e0fd0000 - 0x00007ff9e1147000 	C:\WINDOWS\System32\CRYPT32.dll
0x00007ff9e07a0000 - 0x00007ff9e07d0000 	C:\WINDOWS\SYSTEM32\ncrypt.dll
0x00007ff9e0750000 - 0x00007ff9e078f000 	C:\WINDOWS\SYSTEM32\NTASN1.dll
0x00007ff9df780000 - 0x00007ff9df8aa000 	C:\WINDOWS\SYSTEM32\DNSAPI.dll
0x00007ff9d8b50000 - 0x00007ff9d8b5b000 	C:\Windows\System32\rasadhlp.dll
0x00007ff9dc010000 - 0x00007ff9dc096000 	C:\WINDOWS\System32\fwpuclnt.dll
0x00007ff9d37e0000 - 0x00007ff9d37e9000 	C:\Users\harsh\.vscode\extensions\redhat.java-1.53.0-win32-x64\jre\21.0.10-win32-x86_64\bin\extnet.dll
0x00007ff9b7560000 - 0x00007ff9b7587000 	C:\Users\harsh\.gradle\native\c067742578af261105cb4f569cf0c3c89f3d7b1fecec35dd04571415982c5e48\windows-amd64\native-platform.dll
0x00007ff9d69b0000 - 0x00007ff9d69ba000 	C:\Users\harsh\.vscode\extensions\redhat.java-1.53.0-win32-x64\jre\21.0.10-win32-x86_64\bin\management.dll
0x00007ff9cdfc0000 - 0x00007ff9cdfcc000 	C:\Users\harsh\.vscode\extensions\redhat.java-1.53.0-win32-x64\jre\21.0.10-win32-x86_64\bin\management_ext.dll
0x00007ff97f440000 - 0x00007ff97f448000 	C:\WINDOWS\system32\wshunix.dll

JVMTI agents:
c:\Users\harsh\.vscode\extensions\redhat.java-1.53.0-win32-x64\lombok\lombok-1.18.39-4050.jar path:c:\Users\harsh\.vscode\extensions\redhat.java-1.53.0-win32-x64\jre\21.0.10-win32-x86_64\bin\instrument.dll, loaded, initialized, instrumentlib options:none

dbghelp: loaded successfully - version: 4.0.5 - missing functions: none
symbol engine: initialized successfully - sym options: 0x614 - pdb path: .;c:\Users\harsh\.vscode\extensions\redhat.java-1.53.0-win32-x64\jre\21.0.10-win32-x86_64\bin;C:\WINDOWS\SYSTEM32;C:\WINDOWS\WinSxS\amd64_microsoft.windows.common-controls_6595b64144ccf1df_6.0.26100.8037_none_3e092faae333b53b;c:\Users\harsh\.vscode\extensions\redhat.java-1.53.0-win32-x64\jre\21.0.10-win32-x86_64\bin\server;C:\Users\harsh\AppData\Roaming\Code\User\globalStorage\redhat.java\1.53.0\config_win\org.eclipse.equinox.launcher\org.eclipse.equinox.launcher.win32.win32.x86_64_1.3.0.v20260203-2149;C:\Users\harsh\AppData\Local\Temp\jna-99049134;C:\Users\harsh\.gradle\native\c067742578af261105cb4f569cf0c3c89f3d7b1fecec35dd04571415982c5e48\windows-amd64

VM Arguments:
jvm_args: --add-modules=ALL-SYSTEM --add-opens=java.base/java.util=ALL-UNNAMED --add-opens=java.base/java.lang=ALL-UNNAMED --add-opens=java.base/sun.nio.fs=ALL-UNNAMED -Declipse.application=org.eclipse.jdt.ls.core.id1 -Dosgi.bundles.defaultStartLevel=4 -Declipse.product=org.eclipse.jdt.ls.core.product -Djava.import.generatesMetadataFilesAtProjectRoot=false -DDetectVMInstallationsJob.disabled=true -Dfile.encoding=utf8 -XX:+UseParallelGC -XX:GCTimeRatio=4 -XX:AdaptiveSizePolicyWeight=90 -Dsun.zip.disableMemoryMapping=true -Xmx2G -Xms100m -Xlog:disable -javaagent:c:\Users\harsh\.vscode\extensions\redhat.java-1.53.0-win32-x64\lombok\lombok-1.18.39-4050.jar -XX:+HeapDumpOnOutOfMemoryError -XX:HeapDumpPath=c:\Users\harsh\AppData\Roaming\Code\User\workspaceStorage\8e7b41c3e8e044199a8dad05dfcb372a\redhat.java -Daether.dependencyCollector.impl=bf 
java_command: c:\Users\harsh\.vscode\extensions\redhat.java-1.53.0-win32-x64\server\plugins\org.eclipse.equinox.launcher_1.7.100.v20251111-0406.jar -configuration c:\Users\harsh\AppData\Roaming\Code\User\globalStorage\redhat.java\1.53.0\config_win -data c:\Users\harsh\AppData\Roaming\Code\User\workspaceStorage\8e7b41c3e8e044199a8dad05dfcb372a\redhat.java\jdt_ws --pipe=\\.\pipe\lsp-3fd9cadf019ecd5a3d2685b564022b1c-sock
java_class_path (initial): c:\Users\harsh\.vscode\extensions\redhat.java-1.53.0-win32-x64\server\plugins\org.eclipse.equinox.launcher_1.7.100.v20251111-0406.jar
Launcher Type: SUN_STANDARD

[Global flags]
    uintx AdaptiveSizePolicyWeight                 = 90                                        {product} {command line}
     intx CICompilerCount                          = 4                                         {product} {ergonomic}
    uintx GCTimeRatio                              = 4                                         {product} {command line}
     bool HeapDumpOnOutOfMemoryError               = true                                   {manageable} {command line}
    ccstr HeapDumpPath                             = c:\Users\harsh\AppData\Roaming\Code\User\workspaceStorage\8e7b41c3e8e044199a8dad05dfcb372a\redhat.java         {manageable} {command line}
   size_t InitialHeapSize                          = 104857600                                 {product} {command line}
   size_t MaxHeapSize                              = 2147483648                                {product} {command line}
   size_t MaxNewSize                               = 715653120                                 {product} {ergonomic}
   size_t MinHeapDeltaBytes                        = 524288                                    {product} {ergonomic}
   size_t MinHeapSize                              = 104857600                                 {product} {command line}
   size_t NewSize                                  = 34603008                                  {product} {ergonomic}
    uintx NonNMethodCodeHeapSize                   = 5839372                                {pd product} {ergonomic}
    uintx NonProfiledCodeHeapSize                  = 122909434                              {pd product} {ergonomic}
   size_t OldSize                                  = 70254592                                  {product} {ergonomic}
    uintx ProfiledCodeHeapSize                     = 122909434                              {pd product} {ergonomic}
    uintx ReservedCodeCacheSize                    = 251658240                              {pd product} {ergonomic}
     bool SegmentedCodeCache                       = true                                      {product} {ergonomic}
   size_t SoftMaxHeapSize                          = 2147483648                             {manageable} {ergonomic}
     bool UseCompressedOops                        = true                           {product lp64_product} {ergonomic}
     bool UseLargePagesIndividualAllocation        = false                                  {pd product} {ergonomic}
     bool UseParallelGC                            = true                                      {product} {command line}

Logging:
Log output configuration:
 #0: stdout all=off uptime,level,tags foldmultilines=false
 #1: stderr all=off uptime,level,tags foldmultilines=false

Release file:
JAVA_VERSION="21.0.10" 
MODULES="java.base java.compiler java.datatransfer java.xml java.prefs java.desktop java.instrument java.logging java.management java.security.sasl java.naming java.rmi java.management.rmi java.net.http java.scripting java.security.jgss java.transaction.xa java.sql java.sql.rowset java.xml.crypto java.se java.smartcardio jdk.accessibility jdk.internal.jvmstat jdk.attach jdk.charsets jdk.internal.opt jdk.zipfs jdk.compiler jdk.crypto.ec jdk.crypto.cryptoki jdk.crypto.mscapi jdk.dynalink jdk.internal.ed jdk.editpad jdk.hotspot.agent jdk.httpserver jdk.internal.le jdk.internal.vm.ci jdk.internal.vm.compiler jdk.internal.vm.compiler.management jdk.jartool jdk.javadoc jdk.jcmd jdk.management jdk.management.agent jdk.jconsole jdk.jdeps jdk.jdwp.agent jdk.jdi jdk.jfr jdk.jshell jdk.jsobject jdk.jstatd jdk.localedata jdk.management.jfr jdk.naming.dns jdk.naming.rmi jdk.net jdk.nio.mapmode jdk.random jdk.sctp jdk.security.auth jdk.security.jgss jdk.unsupported jdk.unsupported.desktop jdk.xml.dom" 

Environment Variables:
JAVA_HOME=C:\Program Files\Java\jdk-21
PATH=C:\Users\harsh\AppData\Local\Programs\Microsoft VS Code;C:\Program Files\Eclipse Adoptium\jdk-11.0.29.7-hotspot\bin;C:\Program Files\Python313\Scripts\;C:\Program Files\Python313\;C:\Program Files\Common Files\Oracle\Java\javapath;C:\WINDOWS\system32;C:\WINDOWS;C:\WINDOWS\System32\Wbem;C:\WINDOWS\System32\WindowsPowerShell\v1.0\;C:\WINDOWS\System32\OpenSSH\;C:\Program Files\Java\jdk-21\bin;C:\Program Files\nodejs\;C:\Program Files\Git\cmd;C:\Program Files\Docker\Docker\resources\bin;C:\Program Files\Go\bin;C:\flutter_windows_3.32.8-stable\flutter\bin\;C:\platform-tools;C:\Program Files\MySQL\MySQL Shell 8.0\bin\;C:\Users\harsh\AppData\Local\Microsoft\WindowsApps;C:\MinGW\bin;C:\Users\harsh\AppData\Roaming\npm;C:\Program Files\MongoDB\Server\7.0\bin;C:\Users\harsh\AppData\Local\GitHubDesktop\bin;C:\Users\harsh\AppData\Local\Programs\Microsoft VS Code\bin;C:\Users\harsh\AppData\Local\Microsoft\WindowsApps\python.exe;C:\users\harsh\appdata\roaming\python\python313\site-packages\git_filter_repo.py;C:\Users\harsh\AppData\Local\Programs\cursor\resources\app\bin;C:\Users\harsh\flutter_windows_3.32.6-stable\flutter\bin;C:\Program Files\MongoDB\Server\7.0\bin;C:\Users\harsh\go\bin;C:\Users\harsh\AppData\Local\Programs\Antigravity\bin
USERNAME=harsh
OS=Windows_NT
PROCESSOR_IDENTIFIER=AMD64 Family 25 Model 80 Stepping 0, AuthenticAMD
TMP=C:\Users\harsh\AppData\Local\Temp
TEMP=C:\Users\harsh\AppData\Local\Temp




Periodic native trim disabled

---------------  S Y S T E M  ---------------

OS:
 Windows 11 , 64 bit Build 26100 (10.0.26100.7920)
OS uptime: 3 days 15:00 hours
Hyper-V role detected

CPU: total 12 (initial active 12) (12 cores per cpu, 2 threads per core) family 25 model 80 stepping 0 microcode 0xa50000d, cx8, cmov, fxsr, ht, mmx, 3dnowpref, sse, sse2, sse3, ssse3, sse4a, sse4.1, sse4.2, popcnt, lzcnt, tsc, tscinvbit, avx, avx2, aes, erms, clmul, bmi1, bmi2, adx, sha, fma, vzeroupper, clflush, clflushopt, hv, rdtscp, rdpid, fsrm, f16c, cet_ss
Processor Information for the first 12 processors :
  Max Mhz: 3301, Current Mhz: 2011, Mhz Limit: 3301

Memory: 4k page, system-wide physical 7581M (586M free)
TotalPageFile size 31133M (AvailPageFile size 0M)
current process WorkingSet (physical memory assigned to process): 7M, peak: 267M
current process commit charge ("private bytes"): 363M, peak: 396M

vm_info: OpenJDK 64-Bit Server VM (21.0.10+7-LTS) for windows-amd64 JRE (21.0.10+7-LTS), built on 2026-01-20T00:00:00Z by "admin" with MS VC++ 17.12 (VS2022)

END.
