#
# There is insufficient memory for the Java Runtime Environment to continue.
# Native memory allocation (malloc) failed to allocate 1048576 bytes. Error detail: AllocateHeap
# Possible reasons:
#   The system is out of physical RAM or swap space
#   This process is running with CompressedOops enabled, and the Java Heap may be blocking the growth of the native heap
# Possible solutions:
#   Reduce memory load on the system
#   Increase physical memory or swap space
#   Check if swap backing store is full
#   Decrease Java heap size (-Xmx/-Xms)
#   Decrease number of Java threads
#   Decrease Java thread stack sizes (-Xss)
#   Set larger code cache with -XX:ReservedCodeCacheSize=
#   JVM is running with Unscaled Compressed Oops mode in which the Java heap is
#     placed in the first 4GB address space. The Java Heap base address is the
#     maximum limit for the native heap growth. Please use -XX:HeapBaseMinAddress
#     to set the Java Heap base and to place the Java Heap above 4GB virtual address.
# This output file may be truncated or incomplete.
#
#  Out of Memory Error (allocation.cpp:44), pid=26324, tid=29512
#
# JRE version: OpenJDK Runtime Environment Temurin-21.0.10+7 (21.0.10+7) (build 21.0.10+7-LTS)
# Java VM: OpenJDK 64-Bit Server VM Temurin-21.0.10+7 (21.0.10+7-LTS, mixed mode, sharing, tiered, compressed oops, compressed class ptrs, parallel gc, windows-amd64)
# No core dump will be written. Minidumps are not enabled by default on client versions of Windows
#

---------------  S U M M A R Y ------------

Command Line: --add-modules=ALL-SYSTEM --add-opens=java.base/java.util=ALL-UNNAMED --add-opens=java.base/java.lang=ALL-UNNAMED --add-opens=java.base/sun.nio.fs=ALL-UNNAMED -Declipse.application=org.eclipse.jdt.ls.core.id1 -Dosgi.bundles.defaultStartLevel=4 -Declipse.product=org.eclipse.jdt.ls.core.product -Djava.import.generatesMetadataFilesAtProjectRoot=false -DDetectVMInstallationsJob.disabled=true -Dfile.encoding=utf8 -XX:+UseParallelGC -XX:GCTimeRatio=4 -XX:AdaptiveSizePolicyWeight=90 -Dsun.zip.disableMemoryMapping=true -Xmx2G -Xms100m -Xlog:disable -javaagent:c:\Users\harsh\.vscode\extensions\redhat.java-1.53.0-win32-x64\lombok\lombok-1.18.39-4050.jar -XX:+HeapDumpOnOutOfMemoryError -XX:HeapDumpPath=c:\Users\harsh\AppData\Roaming\Code\User\workspaceStorage\8e7b41c3e8e044199a8dad05dfcb372a\redhat.java -Daether.dependencyCollector.impl=bf c:\Users\harsh\.vscode\extensions\redhat.java-1.53.0-win32-x64\server\plugins\org.eclipse.equinox.launcher_1.7.100.v20251111-0406.jar -configuration c:\Users\harsh\AppData\Roaming\Code\User\globalStorage\redhat.java\1.53.0\config_win -data c:\Users\harsh\AppData\Roaming\Code\User\workspaceStorage\8e7b41c3e8e044199a8dad05dfcb372a\redhat.java\jdt_ws --pipe=\\.\pipe\lsp-921d7fde94c4afe77a73f031f7722a31-sock

Host: AMD Ryzen 5 5600H with Radeon Graphics         , 12 cores, 7G,  Windows 11 , 64 bit Build 26100 (10.0.26100.7920)
Time: Fri Mar 27 00:12:31 2026 India Standard Time elapsed time: 11902.590942 seconds (0d 3h 18m 22s)

---------------  T H R E A D  ---------------

Current thread (0x0000021633ee8790):  JavaThread "Attach Listener" daemon [_thread_in_vm, id=29512, stack(0x0000005312b00000,0x0000005312c00000) (1024K)]

Stack: [0x0000005312b00000,0x0000005312c00000]
Native frames: (J=compiled Java code, j=interpreted, Vv=VM code, C=native code)
V  [jvm.dll+0x6d7a39]
V  [jvm.dll+0x8b4b26]
V  [jvm.dll+0x8b70de]
V  [jvm.dll+0x8b77c3]
V  [jvm.dll+0x284346]
V  [jvm.dll+0xc1277]
V  [jvm.dll+0x6d82e9]
V  [jvm.dll+0x1334a6]
V  [jvm.dll+0x3f857e]
V  [jvm.dll+0x85f59d]
V  [jvm.dll+0x6d626d]
C  [ucrtbase.dll+0x37b0]
C  [KERNEL32.DLL+0x2e8d7]
C  [ntdll.dll+0x8c48c]


---------------  P R O C E S S  ---------------

Threads class SMR info:
_java_thread_list=0x000002169517bd20, length=40, elements={
0x0000021633e42b40, 0x000002164c81e7a0, 0x0000021633ee2360, 0x0000021633ee8e20,
0x0000021633ee8790, 0x0000021633ee6d50, 0x0000021633ee7a70, 0x0000021633efd280,
0x0000021633efe550, 0x0000021633ee73e0, 0x0000021633ee9b40, 0x0000021633ee8100,
0x0000021633ee94b0, 0x0000021633ee66c0, 0x00000216943e0900, 0x00000216943e1cb0,
0x00000216943dfbe0, 0x00000216943e1620, 0x00000216943e0270, 0x00000216943df550,
0x00000216943e3060, 0x00000216943e4410, 0x00000216943e6b70, 0x00000216943e5e50,
0x00000216943e4aa0, 0x00000216943e5130, 0x00000216943e36f0, 0x0000021697125ed0,
0x0000021697125840, 0x0000021697122a50, 0x0000021697124b20, 0x00000216971251b0,
0x0000021697126560, 0x00000216971230e0, 0x0000021697126bf0, 0x0000021697123770,
0x0000021697124490, 0x00000216971299e0, 0x0000021697123e00, 0x0000021697127fa0
}

Java Threads: ( => current thread )
  0x0000021633e42b40 JavaThread "main"                              [_thread_blocked, id=28160, stack(0x0000005312400000,0x0000005312500000) (1024K)]
  0x000002164c81e7a0 JavaThread "Reference Handler"          daemon [_thread_blocked, id=20140, stack(0x0000005312800000,0x0000005312900000) (1024K)]
  0x0000021633ee2360 JavaThread "Finalizer"                  daemon [_thread_blocked, id=26104, stack(0x0000005312900000,0x0000005312a00000) (1024K)]
  0x0000021633ee8e20 JavaThread "Signal Dispatcher"          daemon [_thread_blocked, id=29600, stack(0x0000005312a00000,0x0000005312b00000) (1024K)]
=>0x0000021633ee8790 JavaThread "Attach Listener"            daemon [_thread_in_vm, id=29512, stack(0x0000005312b00000,0x0000005312c00000) (1024K)]
  0x0000021633ee6d50 JavaThread "Service Thread"             daemon [_thread_blocked, id=3536, stack(0x0000005312c00000,0x0000005312d00000) (1024K)]
  0x0000021633ee7a70 JavaThread "Monitor Deflation Thread"   daemon [_thread_blocked, id=12872, stack(0x0000005312d00000,0x0000005312e00000) (1024K)]
  0x0000021633efd280 JavaThread "C2 CompilerThread0"         daemon [_thread_blocked, id=20832, stack(0x0000005312e00000,0x0000005312f00000) (1024K)]
  0x0000021633efe550 JavaThread "C1 CompilerThread0"         daemon [_thread_blocked, id=10936, stack(0x0000005312f00000,0x0000005313000000) (1024K)]
  0x0000021633ee73e0 JavaThread "Common-Cleaner"             daemon [_thread_blocked, id=16096, stack(0x0000005313000000,0x0000005313100000) (1024K)]
  0x0000021633ee9b40 JavaThread "Notification Thread"        daemon [_thread_blocked, id=17336, stack(0x0000005313100000,0x0000005313200000) (1024K)]
  0x0000021633ee8100 JavaThread "Active Thread: Equinox Container: 2ccbf04d-b3da-493b-b2cd-6d6e782221b2"        [_thread_blocked, id=15684, stack(0x0000005313800000,0x0000005313900000) (1024K)]
  0x0000021633ee94b0 JavaThread "Refresh Thread: Equinox Container: 2ccbf04d-b3da-493b-b2cd-6d6e782221b2" daemon [_thread_blocked, id=24820, stack(0x0000005313b00000,0x0000005313c00000) (1024K)]
  0x0000021633ee66c0 JavaThread "Framework Event Dispatcher: Equinox Container: 2ccbf04d-b3da-493b-b2cd-6d6e782221b2" daemon [_thread_blocked, id=25620, stack(0x0000005313c00000,0x0000005313d00000) (1024K)]
  0x00000216943e0900 JavaThread "Start Level: Equinox Container: 2ccbf04d-b3da-493b-b2cd-6d6e782221b2" daemon [_thread_blocked, id=27200, stack(0x0000005313d00000,0x0000005313e00000) (1024K)]
  0x00000216943e1cb0 JavaThread "Bundle File Closer"         daemon [_thread_blocked, id=25008, stack(0x0000005314100000,0x0000005314200000) (1024K)]
  0x00000216943dfbe0 JavaThread "SCR Component Actor"        daemon [_thread_blocked, id=11744, stack(0x0000005312100000,0x0000005312200000) (1024K)]
  0x00000216943e1620 JavaThread "Worker-JM"                         [_thread_blocked, id=26660, stack(0x0000005314200000,0x0000005314300000) (1024K)]
  0x00000216943e0270 JavaThread "JNA Cleaner"                daemon [_thread_blocked, id=24712, stack(0x0000005312300000,0x0000005312400000) (1024K)]
  0x00000216943df550 JavaThread "Worker-2"                          [_thread_blocked, id=15812, stack(0x0000005314500000,0x0000005314600000) (1024K)]
  0x00000216943e3060 JavaThread "Java indexing"              daemon [_thread_blocked, id=20296, stack(0x0000005314700000,0x0000005314800000) (1024K)]
  0x00000216943e4410 JavaThread "Thread-1"                   daemon [_thread_in_native, id=20032, stack(0x0000005314c00000,0x0000005314d00000) (1024K)]
  0x00000216943e6b70 JavaThread "Thread-2"                   daemon [_thread_in_native, id=10216, stack(0x0000005314d00000,0x0000005314e00000) (1024K)]
  0x00000216943e5e50 JavaThread "Thread-3"                   daemon [_thread_in_native, id=6716, stack(0x0000005314e00000,0x0000005314f00000) (1024K)]
  0x00000216943e4aa0 JavaThread "Thread-4"                   daemon [_thread_in_native, id=14240, stack(0x0000005314f00000,0x0000005315000000) (1024K)]
  0x00000216943e5130 JavaThread "Thread-5"                   daemon [_thread_in_native, id=20856, stack(0x0000005315000000,0x0000005315100000) (1024K)]
  0x00000216943e36f0 JavaThread "Thread-6"                   daemon [_thread_in_native, id=12120, stack(0x0000005315100000,0x0000005315200000) (1024K)]
  0x0000021697125ed0 JavaThread "Thread-7"                   daemon [_thread_in_native, id=24316, stack(0x0000005315200000,0x0000005315300000) (1024K)]
  0x0000021697125840 JavaThread "Thread-8"                   daemon [_thread_in_native, id=20692, stack(0x0000005315300000,0x0000005315400000) (1024K)]
  0x0000021697122a50 JavaThread "Thread-9"                   daemon [_thread_in_native, id=5428, stack(0x0000005315400000,0x0000005315500000) (1024K)]
  0x0000021697124b20 JavaThread "Thread-10"                  daemon [_thread_in_native, id=20484, stack(0x0000005315500000,0x0000005315600000) (1024K)]
  0x00000216971251b0 JavaThread "Thread-11"                  daemon [_thread_in_native, id=12496, stack(0x0000005315600000,0x0000005315700000) (1024K)]
  0x0000021697126560 JavaThread "Thread-12"                  daemon [_thread_in_native, id=6332, stack(0x0000005315700000,0x0000005315800000) (1024K)]
  0x00000216971230e0 JavaThread "Thread-13"                  daemon [_thread_in_native, id=26100, stack(0x0000005315800000,0x0000005315900000) (1024K)]
  0x0000021697126bf0 JavaThread "pool-2-thread-1"                   [_thread_blocked, id=18492, stack(0x0000005315900000,0x0000005315a00000) (1024K)]
  0x0000021697123770 JavaThread "WorkspaceEventsHandler"            [_thread_blocked, id=6236, stack(0x0000005315a00000,0x0000005315b00000) (1024K)]
  0x0000021697124490 JavaThread "pool-1-thread-1"                   [_thread_blocked, id=21328, stack(0x0000005315b00000,0x0000005315c00000) (1024K)]
  0x00000216971299e0 JavaThread "Timer-0"                           [_thread_blocked, id=27780, stack(0x0000005315d00000,0x0000005315e00000) (1024K)]
  0x0000021697123e00 JavaThread "Worker-6"                          [_thread_blocked, id=7940, stack(0x0000005312200000,0x0000005312300000) (1024K)]
  0x0000021697127fa0 JavaThread "Connection worker"                 [_thread_in_native, id=31460, stack(0x0000005313900000,0x0000005313a00000) (1024K)]
Total: 40

Other Threads:
  0x000002164c804940 VMThread "VM Thread"                           [id=12232, stack(0x0000005312700000,0x0000005312800000) (1024K)]
  0x000002164c6fca00 WatcherThread "VM Periodic Task Thread"        [id=23724, stack(0x0000005312600000,0x0000005312700000) (1024K)]
  0x0000021633e62830 WorkerThread "GC Thread#0"                     [id=4056, stack(0x0000005312500000,0x0000005312600000) (1024K)]
  0x00000216941228b0 WorkerThread "GC Thread#1"                     [id=19900, stack(0x0000005313200000,0x0000005313300000) (1024K)]
  0x00000216941237d0 WorkerThread "GC Thread#2"                     [id=11520, stack(0x0000005313300000,0x0000005313400000) (1024K)]
  0x00000216941cf7d0 WorkerThread "GC Thread#3"                     [id=20904, stack(0x0000005313400000,0x0000005313500000) (1024K)]
  0x00000216941d06f0 WorkerThread "GC Thread#4"                     [id=24332, stack(0x0000005313500000,0x0000005313600000) (1024K)]
  0x00000216940b0ca0 WorkerThread "GC Thread#5"                     [id=388, stack(0x0000005313600000,0x0000005313700000) (1024K)]
  0x000002169453aa30 WorkerThread "GC Thread#6"                     [id=8792, stack(0x0000005313700000,0x0000005313800000) (1024K)]
  0x00000216946d6ce0 WorkerThread "GC Thread#7"                     [id=25852, stack(0x0000005313a00000,0x0000005313b00000) (1024K)]
  0x00000216949648e0 WorkerThread "GC Thread#8"                     [id=23520, stack(0x0000005313f00000,0x0000005314000000) (1024K)]
  0x0000021694964c90 WorkerThread "GC Thread#9"                     [id=20228, stack(0x0000005314000000,0x0000005314100000) (1024K)]
Total: 12

Threads with active compile tasks:
Total: 0

VM state: not at safepoint (normal execution)

VM Mutex/Monitor currently owned by a thread: None

Heap address: 0x0000000080000000, size: 2048 MB, Compressed Oops mode: 32-bit

CDS archive(s) mapped at: [0x000002164d000000-0x000002164dba0000-0x000002164dba0000), size 12189696, SharedBaseAddress: 0x000002164d000000, ArchiveRelocationMode: 1.
Compressed class space mapped at: 0x000002164e000000-0x000002168e000000, reserved size: 1073741824
Narrow klass base: 0x000002164d000000, Narrow klass shift: 0, Narrow klass range: 0x100000000

GC Precious Log:
 CardTable entry size: 512
 CPUs: 12 total, 12 available
 Memory: 7581M
 Large Page Support: Disabled
 NUMA Support: Disabled
 Compressed Oops: Enabled (32-bit)
 Alignments: Space 512K, Generation 512K, Heap 2M
 Heap Min Capacity: 100M
 Heap Initial Capacity: 100M
 Heap Max Capacity: 2G
 Pre-touch: Disabled
 Parallel Workers: 10

Heap:
 PSYoungGen      total 22528K, used 20114K [0x00000000d5580000, 0x00000000d6d00000, 0x0000000100000000)
  eden space 22016K, 89% used [0x00000000d5580000,0x00000000d68d49d0,0x00000000d6b00000)
  from space 512K, 62% used [0x00000000d6c00000,0x00000000d6c50000,0x00000000d6c80000)
  to   space 512K, 0% used [0x00000000d6c80000,0x00000000d6c80000,0x00000000d6d00000)
 ParOldGen       total 68608K, used 56141K [0x0000000080000000, 0x0000000084300000, 0x00000000d5580000)
  object space 68608K, 81% used [0x0000000080000000,0x00000000836d35a0,0x0000000084300000)
 Metaspace       used 62831K, committed 64256K, reserved 1114112K
  class space    used 7333K, committed 7936K, reserved 1048576K

Card table byte_map: [0x0000021647b60000,0x0000021647f70000] _byte_map_base: 0x0000021647760000

Marking Bits: (ParMarkBitMap*) 0x00007ff956103450
 Begin Bits: [0x0000021648220000, 0x000002164a220000)
 End Bits:   [0x000002164a220000, 0x000002164c220000)

Polling page: 0x0000021634220000

Metaspace:

Usage:
  Non-class:     54.20 MB used.
      Class:      7.16 MB used.
       Both:     61.36 MB used.

Virtual space:
  Non-class space:       64.00 MB reserved,      55.00 MB ( 86%) committed,  1 nodes.
      Class space:        1.00 GB reserved,       7.75 MB ( <1%) committed,  1 nodes.
             Both:        1.06 GB reserved,      62.75 MB (  6%) committed. 

Chunk freelists:
   Non-Class:  8.19 MB
       Class:  8.09 MB
        Both:  16.27 MB

MaxMetaspaceSize: unlimited
CompressedClassSpaceSize: 1.00 GB
Initial GC threshold: 21.00 MB
Current GC threshold: 97.31 MB
CDS: on
 - commit_granule_bytes: 65536.
 - commit_granule_words: 8192.
 - virtual_space_node_default_size: 8388608.
 - enlarge_chunks_in_place: 1.
 - use_allocation_guard: 0.


Internal statistics:

num_allocs_failed_limit: 9.
num_arena_births: 1232.
num_arena_deaths: 18.
num_vsnodes_births: 2.
num_vsnodes_deaths: 0.
num_space_committed: 1004.
num_space_uncommitted: 0.
num_chunks_returned_to_freelist: 27.
num_chunks_taken_from_freelist: 4087.
num_chunk_merges: 12.
num_chunk_splits: 2561.
num_chunks_enlarged: 1520.
num_inconsistent_stats: 0.

CodeHeap 'non-profiled nmethods': size=120000Kb used=6183Kb max_used=6183Kb free=113816Kb
 bounds [0x0000021640450000, 0x0000021640a60000, 0x0000021647980000]
CodeHeap 'profiled nmethods': size=120000Kb used=18698Kb max_used=18698Kb free=101301Kb
 bounds [0x0000021638980000, 0x0000021639bd0000, 0x000002163feb0000]
CodeHeap 'non-nmethods': size=5760Kb used=1399Kb max_used=1458Kb free=4360Kb
 bounds [0x000002163feb0000, 0x0000021640120000, 0x0000021640450000]
CodeCache: size=245760Kb, used=26280Kb, max_used=26339Kb, free=219477Kb
 total_blobs=9866, nmethods=9162, adapters=610, full_count=0
Compilation: enabled, stopped_count=0, restarted_count=0

Compilation events (20 events):
Event: 11887.190 Thread 0x0000021633efe550 9929       3       org.gradle.internal.io.StreamByteBuffer$StreamByteBufferChunk::spaceLeft (10 bytes)
Event: 11887.191 Thread 0x0000021633efe550 nmethod 9929 0x0000021639bbce90 code [0x0000021639bbd020, 0x0000021639bbd130]
Event: 11887.191 Thread 0x0000021633efe550 9930       3       org.gradle.internal.io.StreamByteBuffer::allocateSpace (73 bytes)
Event: 11887.197 Thread 0x0000021633efe550 nmethod 9930 0x0000021639bbd210 code [0x0000021639bbd420, 0x0000021639bbdad8]
Event: 11887.197 Thread 0x0000021633efe550 9931       3       org.gradle.internal.io.StreamByteBuffer$StreamByteBufferChunk::write (32 bytes)
Event: 11887.199 Thread 0x0000021633efe550 nmethod 9931 0x0000021639bbdd90 code [0x0000021639bbdf40, 0x0000021639bbe0e8]
Event: 11887.215 Thread 0x0000021633efe550 9932       3       java.lang.Character::isSpaceChar (5 bytes)
Event: 11887.216 Thread 0x0000021633efe550 nmethod 9932 0x0000021639bbe210 code [0x0000021639bbe3e0, 0x0000021639bbe6f0]
Event: 11887.216 Thread 0x0000021633efe550 9933       3       java.lang.Character::isSpaceChar (19 bytes)
Event: 11887.216 Thread 0x0000021633efe550 nmethod 9933 0x0000021639bbe810 code [0x0000021639bbe9e0, 0x0000021639bbec88]
Event: 11892.980 Thread 0x0000021633efe550 9934       3       java.nio.HeapCharBuffer::get (15 bytes)
Event: 11892.983 Thread 0x0000021633efe550 nmethod 9934 0x0000021639bbed90 code [0x0000021639bbef40, 0x0000021639bbf1a0]
Event: 11892.983 Thread 0x0000021633efe550 9935       3       java.nio.HeapCharBuffer::ix (7 bytes)
Event: 11892.983 Thread 0x0000021633efe550 nmethod 9935 0x0000021639bbf310 code [0x0000021639bbf4a0, 0x0000021639bbf5b0]
Event: 11892.994 Thread 0x0000021633efd280 9936       4       java.util.ArrayList::toArray (12 bytes)
Event: 11892.995 Thread 0x0000021633efe550 9937       3       org.gradle.internal.stream.EncodedStream$EncodedInput::read (48 bytes)
Event: 11892.997 Thread 0x0000021633efe550 nmethod 9937 0x0000021639bbf610 code [0x0000021639bbf820, 0x0000021639bbfca0]
Event: 11892.999 Thread 0x0000021633efd280 nmethod 9936 0x0000021640a59990 code [0x0000021640a59b20, 0x0000021640a59e30]
Event: 11893.002 Thread 0x0000021633efe550 9938       3       org.gradle.launcher.daemon.context.DefaultDaemonContext$Serializer::read (229 bytes)
Event: 11893.014 Thread 0x0000021633efe550 nmethod 9938 0x0000021639bbfe10 code [0x0000021639bc0200, 0x0000021639bc1f80]

GC Heap History (20 events):
Event: 210.651 GC heap before
{Heap before GC invocations=35 (full 3):
 PSYoungGen      total 24576K, used 24160K [0x00000000d5580000, 0x00000000d7000000, 0x0000000100000000)
  eden space 22016K, 100% used [0x00000000d5580000,0x00000000d6b00000,0x00000000d6b00000)
  from space 2560K, 83% used [0x00000000d6d00000,0x00000000d6f18010,0x00000000d6f80000)
  to   space 512K, 0% used [0x00000000d6f80000,0x00000000d6f80000,0x00000000d7000000)
 ParOldGen       total 68608K, used 45120K [0x0000000080000000, 0x0000000084300000, 0x00000000d5580000)
  object space 68608K, 65% used [0x0000000080000000,0x0000000082c102e8,0x0000000084300000)
 Metaspace       used 59547K, committed 60928K, reserved 1114112K
  class space    used 7045K, committed 7680K, reserved 1048576K
}
Event: 210.656 GC heap after
{Heap after GC invocations=35 (full 3):
 PSYoungGen      total 22528K, used 512K [0x00000000d5580000, 0x00000000d7400000, 0x0000000100000000)
  eden space 22016K, 0% used [0x00000000d5580000,0x00000000d5580000,0x00000000d6b00000)
  from space 512K, 100% used [0x00000000d6f80000,0x00000000d7000000,0x00000000d7000000)
  to   space 4608K, 0% used [0x00000000d6b00000,0x00000000d6b00000,0x00000000d6f80000)
 ParOldGen       total 68608K, used 48772K [0x0000000080000000, 0x0000000084300000, 0x00000000d5580000)
  object space 68608K, 71% used [0x0000000080000000,0x0000000082fa12d0,0x0000000084300000)
 Metaspace       used 59547K, committed 60928K, reserved 1114112K
  class space    used 7045K, committed 7680K, reserved 1048576K
}
Event: 210.730 GC heap before
{Heap before GC invocations=36 (full 3):
 PSYoungGen      total 22528K, used 22528K [0x00000000d5580000, 0x00000000d7400000, 0x0000000100000000)
  eden space 22016K, 100% used [0x00000000d5580000,0x00000000d6b00000,0x00000000d6b00000)
  from space 512K, 100% used [0x00000000d6f80000,0x00000000d7000000,0x00000000d7000000)
  to   space 4608K, 0% used [0x00000000d6b00000,0x00000000d6b00000,0x00000000d6f80000)
 ParOldGen       total 68608K, used 48772K [0x0000000080000000, 0x0000000084300000, 0x00000000d5580000)
  object space 68608K, 71% used [0x0000000080000000,0x0000000082fa12d0,0x0000000084300000)
 Metaspace       used 59555K, committed 60928K, reserved 1114112K
  class space    used 7045K, committed 7680K, reserved 1048576K
}
Event: 210.738 GC heap after
{Heap after GC invocations=36 (full 3):
 PSYoungGen      total 24064K, used 2048K [0x00000000d5580000, 0x00000000d7100000, 0x0000000100000000)
  eden space 22016K, 0% used [0x00000000d5580000,0x00000000d5580000,0x00000000d6b00000)
  from space 2048K, 100% used [0x00000000d6b00000,0x00000000d6d00000,0x00000000d6d00000)
  to   space 3072K, 0% used [0x00000000d6e00000,0x00000000d6e00000,0x00000000d7100000)
 ParOldGen       total 68608K, used 49308K [0x0000000080000000, 0x0000000084300000, 0x00000000d5580000)
  object space 68608K, 71% used [0x0000000080000000,0x00000000830272d0,0x0000000084300000)
 Metaspace       used 59555K, committed 60928K, reserved 1114112K
  class space    used 7045K, committed 7680K, reserved 1048576K
}
Event: 210.862 GC heap before
{Heap before GC invocations=37 (full 3):
 PSYoungGen      total 24064K, used 24064K [0x00000000d5580000, 0x00000000d7100000, 0x0000000100000000)
  eden space 22016K, 100% used [0x00000000d5580000,0x00000000d6b00000,0x00000000d6b00000)
  from space 2048K, 100% used [0x00000000d6b00000,0x00000000d6d00000,0x00000000d6d00000)
  to   space 3072K, 0% used [0x00000000d6e00000,0x00000000d6e00000,0x00000000d7100000)
 ParOldGen       total 68608K, used 49308K [0x0000000080000000, 0x0000000084300000, 0x00000000d5580000)
  object space 68608K, 71% used [0x0000000080000000,0x00000000830272d0,0x0000000084300000)
 Metaspace       used 59604K, committed 61056K, reserved 1114112K
  class space    used 7048K, committed 7680K, reserved 1048576K
}
Event: 210.867 GC heap after
{Heap after GC invocations=37 (full 3):
 PSYoungGen      total 24576K, used 2176K [0x00000000d5580000, 0x00000000d7080000, 0x0000000100000000)
  eden space 22016K, 0% used [0x00000000d5580000,0x00000000d5580000,0x00000000d6b00000)
  from space 2560K, 85% used [0x00000000d6e00000,0x00000000d7020010,0x00000000d7080000)
  to   space 2560K, 0% used [0x00000000d6b80000,0x00000000d6b80000,0x00000000d6e00000)
 ParOldGen       total 68608K, used 51164K [0x0000000080000000, 0x0000000084300000, 0x00000000d5580000)
  object space 68608K, 74% used [0x0000000080000000,0x00000000831f72d0,0x0000000084300000)
 Metaspace       used 59604K, committed 61056K, reserved 1114112K
  class space    used 7048K, committed 7680K, reserved 1048576K
}
Event: 701.241 GC heap before
{Heap before GC invocations=38 (full 3):
 PSYoungGen      total 24576K, used 24187K [0x00000000d5580000, 0x00000000d7080000, 0x0000000100000000)
  eden space 22016K, 99% used [0x00000000d5580000,0x00000000d6afec30,0x00000000d6b00000)
  from space 2560K, 85% used [0x00000000d6e00000,0x00000000d7020010,0x00000000d7080000)
  to   space 2560K, 0% used [0x00000000d6b80000,0x00000000d6b80000,0x00000000d6e00000)
 ParOldGen       total 68608K, used 51164K [0x0000000080000000, 0x0000000084300000, 0x00000000d5580000)
  object space 68608K, 74% used [0x0000000080000000,0x00000000831f72d0,0x0000000084300000)
 Metaspace       used 60358K, committed 61760K, reserved 1114112K
  class space    used 7137K, committed 7744K, reserved 1048576K
}
Event: 701.392 GC heap after
{Heap after GC invocations=38 (full 3):
 PSYoungGen      total 24064K, used 1760K [0x00000000d5580000, 0x00000000d6f00000, 0x0000000100000000)
  eden space 22016K, 0% used [0x00000000d5580000,0x00000000d5580000,0x00000000d6b00000)
  from space 2048K, 85% used [0x00000000d6b80000,0x00000000d6d38020,0x00000000d6d80000)
  to   space 1536K, 0% used [0x00000000d6d80000,0x00000000d6d80000,0x00000000d6f00000)
 ParOldGen       total 68608K, used 53237K [0x0000000080000000, 0x0000000084300000, 0x00000000d5580000)
  object space 68608K, 77% used [0x0000000080000000,0x00000000833fd4e0,0x0000000084300000)
 Metaspace       used 60358K, committed 61760K, reserved 1114112K
  class space    used 7137K, committed 7744K, reserved 1048576K
}
Event: 10225.039 GC heap before
{Heap before GC invocations=39 (full 3):
 PSYoungGen      total 24064K, used 23776K [0x00000000d5580000, 0x00000000d6f00000, 0x0000000100000000)
  eden space 22016K, 100% used [0x00000000d5580000,0x00000000d6b00000,0x00000000d6b00000)
  from space 2048K, 85% used [0x00000000d6b80000,0x00000000d6d38020,0x00000000d6d80000)
  to   space 1536K, 0% used [0x00000000d6d80000,0x00000000d6d80000,0x00000000d6f00000)
 ParOldGen       total 68608K, used 53237K [0x0000000080000000, 0x0000000084300000, 0x00000000d5580000)
  object space 68608K, 77% used [0x0000000080000000,0x00000000833fd4e0,0x0000000084300000)
 Metaspace       used 61421K, committed 62848K, reserved 1114112K
  class space    used 7241K, committed 7872K, reserved 1048576K
}
Event: 10225.109 GC heap after
{Heap after GC invocations=39 (full 3):
 PSYoungGen      total 23040K, used 697K [0x00000000d5580000, 0x00000000d6e80000, 0x0000000100000000)
  eden space 22016K, 0% used [0x00000000d5580000,0x00000000d5580000,0x00000000d6b00000)
  from space 1024K, 68% used [0x00000000d6d80000,0x00000000d6e2e490,0x00000000d6e80000)
  to   space 1536K, 0% used [0x00000000d6b80000,0x00000000d6b80000,0x00000000d6d00000)
 ParOldGen       total 68608K, used 54772K [0x0000000080000000, 0x0000000084300000, 0x00000000d5580000)
  object space 68608K, 79% used [0x0000000080000000,0x000000008357d110,0x0000000084300000)
 Metaspace       used 61421K, committed 62848K, reserved 1114112K
  class space    used 7241K, committed 7872K, reserved 1048576K
}
Event: 10261.054 GC heap before
{Heap before GC invocations=40 (full 3):
 PSYoungGen      total 23040K, used 22713K [0x00000000d5580000, 0x00000000d6e80000, 0x0000000100000000)
  eden space 22016K, 100% used [0x00000000d5580000,0x00000000d6b00000,0x00000000d6b00000)
  from space 1024K, 68% used [0x00000000d6d80000,0x00000000d6e2e490,0x00000000d6e80000)
  to   space 1536K, 0% used [0x00000000d6b80000,0x00000000d6b80000,0x00000000d6d00000)
 ParOldGen       total 68608K, used 54772K [0x0000000080000000, 0x0000000084300000, 0x00000000d5580000)
  object space 68608K, 79% used [0x0000000080000000,0x000000008357d110,0x0000000084300000)
 Metaspace       used 62157K, committed 63552K, reserved 1114112K
  class space    used 7329K, committed 7936K, reserved 1048576K
}
Event: 10261.110 GC heap after
{Heap after GC invocations=40 (full 3):
 PSYoungGen      total 23040K, used 1024K [0x00000000d5580000, 0x00000000d6e00000, 0x0000000100000000)
  eden space 22016K, 0% used [0x00000000d5580000,0x00000000d5580000,0x00000000d6b00000)
  from space 1024K, 100% used [0x00000000d6b80000,0x00000000d6c80000,0x00000000d6c80000)
  to   space 1536K, 0% used [0x00000000d6c80000,0x00000000d6c80000,0x00000000d6e00000)
 ParOldGen       total 68608K, used 55197K [0x0000000080000000, 0x0000000084300000, 0x00000000d5580000)
  object space 68608K, 80% used [0x0000000080000000,0x00000000835e75a0,0x0000000084300000)
 Metaspace       used 62157K, committed 63552K, reserved 1114112K
  class space    used 7329K, committed 7936K, reserved 1048576K
}
Event: 10397.565 GC heap before
{Heap before GC invocations=41 (full 3):
 PSYoungGen      total 23040K, used 23040K [0x00000000d5580000, 0x00000000d6e00000, 0x0000000100000000)
  eden space 22016K, 100% used [0x00000000d5580000,0x00000000d6b00000,0x00000000d6b00000)
  from space 1024K, 100% used [0x00000000d6b80000,0x00000000d6c80000,0x00000000d6c80000)
  to   space 1536K, 0% used [0x00000000d6c80000,0x00000000d6c80000,0x00000000d6e00000)
 ParOldGen       total 68608K, used 55197K [0x0000000080000000, 0x0000000084300000, 0x00000000d5580000)
  object space 68608K, 80% used [0x0000000080000000,0x00000000835e75a0,0x0000000084300000)
 Metaspace       used 62388K, committed 63808K, reserved 1114112K
  class space    used 7329K, committed 7936K, reserved 1048576K
}
Event: 10397.619 GC heap after
{Heap after GC invocations=41 (full 3):
 PSYoungGen      total 22528K, used 288K [0x00000000d5580000, 0x00000000d6d00000, 0x0000000100000000)
  eden space 22016K, 0% used [0x00000000d5580000,0x00000000d5580000,0x00000000d6b00000)
  from space 512K, 56% used [0x00000000d6c80000,0x00000000d6cc8000,0x00000000d6d00000)
  to   space 1024K, 0% used [0x00000000d6b00000,0x00000000d6b00000,0x00000000d6c00000)
 ParOldGen       total 68608K, used 55893K [0x0000000080000000, 0x0000000084300000, 0x00000000d5580000)
  object space 68608K, 81% used [0x0000000080000000,0x00000000836955a0,0x0000000084300000)
 Metaspace       used 62388K, committed 63808K, reserved 1114112K
  class space    used 7329K, committed 7936K, reserved 1048576K
}
Event: 10501.826 GC heap before
{Heap before GC invocations=42 (full 3):
 PSYoungGen      total 22528K, used 22304K [0x00000000d5580000, 0x00000000d6d00000, 0x0000000100000000)
  eden space 22016K, 100% used [0x00000000d5580000,0x00000000d6b00000,0x00000000d6b00000)
  from space 512K, 56% used [0x00000000d6c80000,0x00000000d6cc8000,0x00000000d6d00000)
  to   space 1024K, 0% used [0x00000000d6b00000,0x00000000d6b00000,0x00000000d6c00000)
 ParOldGen       total 68608K, used 55893K [0x0000000080000000, 0x0000000084300000, 0x00000000d5580000)
  object space 68608K, 81% used [0x0000000080000000,0x00000000836955a0,0x0000000084300000)
 Metaspace       used 62510K, committed 63936K, reserved 1114112K
  class space    used 7330K, committed 7936K, reserved 1048576K
}
Event: 10501.864 GC heap after
{Heap after GC invocations=42 (full 3):
 PSYoungGen      total 23040K, used 432K [0x00000000d5580000, 0x00000000d6d00000, 0x0000000100000000)
  eden space 22016K, 0% used [0x00000000d5580000,0x00000000d5580000,0x00000000d6b00000)
  from space 1024K, 42% used [0x00000000d6b00000,0x00000000d6b6c010,0x00000000d6c00000)
  to   space 512K, 0% used [0x00000000d6c80000,0x00000000d6c80000,0x00000000d6d00000)
 ParOldGen       total 68608K, used 55981K [0x0000000080000000, 0x0000000084300000, 0x00000000d5580000)
  object space 68608K, 81% used [0x0000000080000000,0x00000000836ab5a0,0x0000000084300000)
 Metaspace       used 62510K, committed 63936K, reserved 1114112K
  class space    used 7330K, committed 7936K, reserved 1048576K
}
Event: 10752.827 GC heap before
{Heap before GC invocations=43 (full 3):
 PSYoungGen      total 23040K, used 22448K [0x00000000d5580000, 0x00000000d6d00000, 0x0000000100000000)
  eden space 22016K, 100% used [0x00000000d5580000,0x00000000d6b00000,0x00000000d6b00000)
  from space 1024K, 42% used [0x00000000d6b00000,0x00000000d6b6c010,0x00000000d6c00000)
  to   space 512K, 0% used [0x00000000d6c80000,0x00000000d6c80000,0x00000000d6d00000)
 ParOldGen       total 68608K, used 55981K [0x0000000080000000, 0x0000000084300000, 0x00000000d5580000)
  object space 68608K, 81% used [0x0000000080000000,0x00000000836ab5a0,0x0000000084300000)
 Metaspace       used 62636K, committed 64064K, reserved 1114112K
  class space    used 7330K, committed 7936K, reserved 1048576K
}
Event: 10752.881 GC heap after
{Heap after GC invocations=43 (full 3):
 PSYoungGen      total 22528K, used 288K [0x00000000d5580000, 0x00000000d6d00000, 0x0000000100000000)
  eden space 22016K, 0% used [0x00000000d5580000,0x00000000d5580000,0x00000000d6b00000)
  from space 512K, 56% used [0x00000000d6c80000,0x00000000d6cc8000,0x00000000d6d00000)
  to   space 512K, 0% used [0x00000000d6c00000,0x00000000d6c00000,0x00000000d6c80000)
 ParOldGen       total 68608K, used 56077K [0x0000000080000000, 0x0000000084300000, 0x00000000d5580000)
  object space 68608K, 81% used [0x0000000080000000,0x00000000836c35a0,0x0000000084300000)
 Metaspace       used 62636K, committed 64064K, reserved 1114112K
  class space    used 7330K, committed 7936K, reserved 1048576K
}
Event: 10858.117 GC heap before
{Heap before GC invocations=44 (full 3):
 PSYoungGen      total 22528K, used 22304K [0x00000000d5580000, 0x00000000d6d00000, 0x0000000100000000)
  eden space 22016K, 100% used [0x00000000d5580000,0x00000000d6b00000,0x00000000d6b00000)
  from space 512K, 56% used [0x00000000d6c80000,0x00000000d6cc8000,0x00000000d6d00000)
  to   space 512K, 0% used [0x00000000d6c00000,0x00000000d6c00000,0x00000000d6c80000)
 ParOldGen       total 68608K, used 56077K [0x0000000080000000, 0x0000000084300000, 0x00000000d5580000)
  object space 68608K, 81% used [0x0000000080000000,0x00000000836c35a0,0x0000000084300000)
 Metaspace       used 62774K, committed 64256K, reserved 1114112K
  class space    used 7333K, committed 7936K, reserved 1048576K
}
Event: 10858.178 GC heap after
{Heap after GC invocations=44 (full 3):
 PSYoungGen      total 22528K, used 320K [0x00000000d5580000, 0x00000000d6d00000, 0x0000000100000000)
  eden space 22016K, 0% used [0x00000000d5580000,0x00000000d5580000,0x00000000d6b00000)
  from space 512K, 62% used [0x00000000d6c00000,0x00000000d6c50000,0x00000000d6c80000)
  to   space 512K, 0% used [0x00000000d6c80000,0x00000000d6c80000,0x00000000d6d00000)
 ParOldGen       total 68608K, used 56141K [0x0000000080000000, 0x0000000084300000, 0x00000000d5580000)
  object space 68608K, 81% used [0x0000000080000000,0x00000000836d35a0,0x0000000084300000)
 Metaspace       used 62774K, committed 64256K, reserved 1114112K
  class space    used 7333K, committed 7936K, reserved 1048576K
}

Dll operation events (15 events):
Event: 0.050 Loaded shared library c:\Users\harsh\.vscode\extensions\redhat.java-1.53.0-win32-x64\jre\21.0.10-win32-x86_64\bin\java.dll
Event: 0.230 Loaded shared library c:\Users\harsh\.vscode\extensions\redhat.java-1.53.0-win32-x64\jre\21.0.10-win32-x86_64\bin\zip.dll
Event: 0.284 Loaded shared library C:\Users\harsh\.vscode\extensions\redhat.java-1.53.0-win32-x64\jre\21.0.10-win32-x86_64\bin\instrument.dll
Event: 0.301 Loaded shared library C:\Users\harsh\.vscode\extensions\redhat.java-1.53.0-win32-x64\jre\21.0.10-win32-x86_64\bin\net.dll
Event: 0.313 Loaded shared library C:\Users\harsh\.vscode\extensions\redhat.java-1.53.0-win32-x64\jre\21.0.10-win32-x86_64\bin\nio.dll
Event: 0.328 Loaded shared library C:\Users\harsh\.vscode\extensions\redhat.java-1.53.0-win32-x64\jre\21.0.10-win32-x86_64\bin\zip.dll
Event: 0.366 Loaded shared library C:\Users\harsh\.vscode\extensions\redhat.java-1.53.0-win32-x64\jre\21.0.10-win32-x86_64\bin\jimage.dll
Event: 0.549 Loaded shared library c:\Users\harsh\.vscode\extensions\redhat.java-1.53.0-win32-x64\jre\21.0.10-win32-x86_64\bin\verify.dll
Event: 51.690 Loaded shared library C:\Users\harsh\AppData\Roaming\Code\User\globalStorage\redhat.java\1.53.0\config_win\org.eclipse.equinox.launcher\org.eclipse.equinox.launcher.win32.win32.x86_64_1.3.0.v20260203-2149\eclipse_11919.dll
Event: 67.989 Loaded shared library C:\Users\harsh\AppData\Local\Temp\jna-99049134\jna15381757111618360148.dll
Event: 80.388 Loaded shared library C:\Users\harsh\.gradle\native\c067742578af261105cb4f569cf0c3c89f3d7b1fecec35dd04571415982c5e48\windows-amd64\native-platform.dll
Event: 93.579 Loaded shared library C:\Users\harsh\.vscode\extensions\redhat.java-1.53.0-win32-x64\jre\21.0.10-win32-x86_64\bin\management.dll
Event: 93.589 Loaded shared library C:\Users\harsh\.vscode\extensions\redhat.java-1.53.0-win32-x64\jre\21.0.10-win32-x86_64\bin\management_ext.dll
Event: 95.903 Loaded shared library C:\Users\harsh\.vscode\extensions\redhat.java-1.53.0-win32-x64\jre\21.0.10-win32-x86_64\bin\extnet.dll
Event: 96.496 Loaded shared library C:\Users\harsh\.vscode\extensions\redhat.java-1.53.0-win32-x64\jre\21.0.10-win32-x86_64\bin\sunmscapi.dll

Deoptimization events (20 events):
Event: 10942.466 Thread 0x00000216943df550 Uncommon trap: trap_request=0xffffffde fr.pc=0x00000216409213b8 relative=0x0000000000000498
Event: 10942.466 Thread 0x00000216943df550 Uncommon trap: reason=class_check action=maybe_recompile pc=0x00000216409213b8 method=org.eclipse.core.internal.dtree.AbstractDataTreeNode.storeStrings(Lorg/eclipse/core/internal/utils/StringPool;)V @ 31 c2
Event: 10942.466 Thread 0x00000216943df550 DEOPT PACKING pc=0x00000216409213b8 sp=0x00000053145feb20
Event: 10942.466 Thread 0x00000216943df550 DEOPT UNPACKING pc=0x000002163ff03aa2 sp=0x00000053145feae8 mode 2
Event: 10942.466 Thread 0x00000216943df550 Uncommon trap: trap_request=0xffffffde fr.pc=0x00000216409213b8 relative=0x0000000000000498
Event: 10942.466 Thread 0x00000216943df550 Uncommon trap: reason=class_check action=maybe_recompile pc=0x00000216409213b8 method=org.eclipse.core.internal.dtree.AbstractDataTreeNode.storeStrings(Lorg/eclipse/core/internal/utils/StringPool;)V @ 31 c2
Event: 10942.466 Thread 0x00000216943df550 DEOPT PACKING pc=0x00000216409213b8 sp=0x00000053145feaa0
Event: 10942.466 Thread 0x00000216943df550 DEOPT UNPACKING pc=0x000002163ff03aa2 sp=0x00000053145fea68 mode 2
Event: 10942.466 Thread 0x00000216943df550 Uncommon trap: trap_request=0xffffffde fr.pc=0x00000216409213b8 relative=0x0000000000000498
Event: 10942.466 Thread 0x00000216943df550 Uncommon trap: reason=class_check action=maybe_recompile pc=0x00000216409213b8 method=org.eclipse.core.internal.dtree.AbstractDataTreeNode.storeStrings(Lorg/eclipse/core/internal/utils/StringPool;)V @ 31 c2
Event: 10942.466 Thread 0x00000216943df550 DEOPT PACKING pc=0x00000216409213b8 sp=0x00000053145fea20
Event: 10942.466 Thread 0x00000216943df550 DEOPT UNPACKING pc=0x000002163ff03aa2 sp=0x00000053145fe9e8 mode 2
Event: 10942.470 Thread 0x00000216943df550 Uncommon trap: trap_request=0xffffffde fr.pc=0x00000216409224d8 relative=0x00000000000004b8
Event: 10942.471 Thread 0x00000216943df550 Uncommon trap: reason=class_check action=maybe_recompile pc=0x00000216409224d8 method=org.eclipse.core.internal.dtree.AbstractDataTreeNode.storeStrings(Lorg/eclipse/core/internal/utils/StringPool;)V @ 31 c2
Event: 10942.471 Thread 0x00000216943df550 DEOPT PACKING pc=0x00000216409224d8 sp=0x00000053145fec10
Event: 10942.471 Thread 0x00000216943df550 DEOPT UNPACKING pc=0x000002163ff03aa2 sp=0x00000053145feb68 mode 2
Event: 11892.981 Thread 0x0000021697129350 Uncommon trap: trap_request=0xffffffbe fr.pc=0x00000216407b9c5c relative=0x000000000000029c
Event: 11892.982 Thread 0x0000021697129350 Uncommon trap: reason=profile_predicate action=maybe_recompile pc=0x00000216407b9c5c method=java.util.regex.Pattern$Slice.match(Ljava/util/regex/Matcher;ILjava/lang/CharSequence;)Z @ 18 c2
Event: 11892.982 Thread 0x0000021697129350 DEOPT PACKING pc=0x00000216407b9c5c sp=0x0000005313efeb30
Event: 11892.984 Thread 0x0000021697129350 DEOPT UNPACKING pc=0x000002163ff03aa2 sp=0x0000005313efeac0 mode 2

Classes loaded (20 events):
Event: 1002.461 Loading class java/io/ObjectOutputStream$ReplaceTable
Event: 1002.463 Loading class java/io/ObjectOutputStream$ReplaceTable done
Event: 10225.462 Loading class java/lang/ProcessBuilder
Event: 10225.473 Loading class java/lang/ProcessBuilder done
Event: 10225.482 Loading class java/lang/ProcessImpl
Event: 10225.494 Loading class java/lang/ProcessImpl done
Event: 10225.530 Loading class java/lang/ProcessImpl$2
Event: 10225.532 Loading class java/lang/ProcessImpl$2 done
Event: 10225.533 Loading class java/lang/Process$PipeInputStream
Event: 10225.535 Loading class java/lang/Process$PipeInputStream done
Event: 10225.605 Loading class java/lang/ProcessBuilder$NullInputStream
Event: 10225.606 Loading class java/lang/ProcessBuilder$NullInputStream done
Event: 10225.606 Loading class jdk/internal/event/ProcessStartEvent
Event: 10225.609 Loading class jdk/internal/event/ProcessStartEvent done
Event: 10225.625 Loading class java/util/Scanner
Event: 10225.655 Loading class java/util/Scanner done
Event: 10225.663 Loading class java/util/Scanner$PatternLRUCache
Event: 10225.663 Loading class java/util/Scanner$PatternLRUCache done
Event: 10228.809 Loading class java/util/regex/Matcher$ImmutableMatchResult
Event: 10228.811 Loading class java/util/regex/Matcher$ImmutableMatchResult done

Classes unloaded (9 events):
Event: 69.115 Thread 0x000002164c804940 Unloading class 0x000002164e1ab400 'java/lang/invoke/LambdaForm$MH+0x000002164e1ab400'
Event: 69.115 Thread 0x000002164c804940 Unloading class 0x000002164e1ab000 'java/lang/invoke/LambdaForm$MH+0x000002164e1ab000'
Event: 69.115 Thread 0x000002164c804940 Unloading class 0x000002164e1aac00 'java/lang/invoke/LambdaForm$MH+0x000002164e1aac00'
Event: 69.115 Thread 0x000002164c804940 Unloading class 0x000002164e1aa800 'java/lang/invoke/LambdaForm$MH+0x000002164e1aa800'
Event: 69.115 Thread 0x000002164c804940 Unloading class 0x000002164e1aa400 'java/lang/invoke/LambdaForm$BMH+0x000002164e1aa400'
Event: 69.115 Thread 0x000002164c804940 Unloading class 0x000002164e1aa000 'java/lang/invoke/LambdaForm$DMH+0x000002164e1aa000'
Event: 69.115 Thread 0x000002164c804940 Unloading class 0x000002164e1a8c00 'java/lang/invoke/LambdaForm$DMH+0x000002164e1a8c00'
Event: 71.795 Thread 0x000002164c804940 Unloading class 0x000002164e30ec00 'java/lang/invoke/LambdaForm$MH+0x000002164e30ec00'
Event: 71.795 Thread 0x000002164c804940 Unloading class 0x000002164e30e000 'java/lang/invoke/LambdaForm$MH+0x000002164e30e000'

Classes redefined (0 events):
No events

Internal exceptions (20 events):
Event: 1002.422 Thread 0x00000216943e3d80 Implicit null exception at 0x00000216408f3406 to 0x00000216408f35e4
Event: 1002.667 Thread 0x00000216943e3d80 Exception <a 'java/lang/NoSuchMethodError'{0x00000000d60fdd48}: 'java.lang.Object java.lang.invoke.DirectMethodHandle$Holder.newInvokeSpecial(java.lang.Object, java.lang.Object, java.lang.Object, java.lang.Object, java.lang.Object, java.lang.Object, java.lang.Object, java.lang.Object)'> (0x00000000d60fdd48) 
thrown [s\src\hotspot\share\interpreter\linkResolver.cpp, line 773]
Event: 8266.853 Thread 0x0000021697127280 Implicit null exception at 0x000002164091b520 to 0x000002164091b9a8
Event: 8266.901 Thread 0x0000021697127280 Implicit null exception at 0x000002164091a6c0 to 0x000002164091ab38
Event: 8266.987 Thread 0x0000021697127280 Implicit null exception at 0x00000216408ff4e8 to 0x0000021640900038
Event: 10225.521 Thread 0x0000021697123e00 Exception <a 'java/lang/NoSuchMethodError'{0x00000000d58b0b98}: 'void java.lang.invoke.DirectMethodHandle$Holder.invokeStatic(java.lang.Object, long)'> (0x00000000d58b0b98) 
thrown [s\src\hotspot\share\interpreter\linkResolver.cpp, line 773]
Event: 10250.900 Thread 0x0000021697127280 Exception <a 'java/lang/NoSuchMethodError'{0x00000000d5f4ee28}: static Lorg/gradle/plugins/ide/internal/tooling/model/DefaultGradleProject;.<clinit>()V> (0x00000000d5f4ee28) 
thrown [s\src\hotspot\share\prims\jni.cpp, line 1111]
Event: 10250.907 Thread 0x0000021697127280 Exception <a 'java/lang/NoSuchMethodError'{0x00000000d5f62cb8}: static Lorg/gradle/plugins/ide/internal/tooling/model/DefaultGradleScript;.<clinit>()V> (0x00000000d5f62cb8) 
thrown [s\src\hotspot\share\prims\jni.cpp, line 1111]
Event: 10250.971 Thread 0x0000021697127280 Exception <a 'java/lang/NoSuchMethodError'{0x00000000d6053e28}: static Lorg/gradle/tooling/internal/gradle/DefaultProjectIdentifier;.<clinit>()V> (0x00000000d6053e28) 
thrown [s\src\hotspot\share\prims\jni.cpp, line 1111]
Event: 10250.974 Thread 0x0000021697127280 Exception <a 'java/lang/NoSuchMethodError'{0x00000000d6062628}: static Lorg/gradle/tooling/internal/gradle/DefaultBuildIdentifier;.<clinit>()V> (0x00000000d6062628) 
thrown [s\src\hotspot\share\prims\jni.cpp, line 1111]
Event: 10250.983 Thread 0x0000021697127280 Exception <a 'java/lang/NoSuchMethodError'{0x00000000d609f870}: static Lorg/gradle/plugins/ide/internal/tooling/model/LaunchableGradleTask;.<clinit>()V> (0x00000000d609f870) 
thrown [s\src\hotspot\share\prims\jni.cpp, line 1111]
Event: 10250.984 Thread 0x0000021697127280 Exception <a 'java/lang/NoSuchMethodError'{0x00000000d60a5460}: static Lorg/gradle/plugins/ide/internal/tooling/model/LaunchableGradleProjectTask;.<clinit>()V> (0x00000000d60a5460) 
thrown [s\src\hotspot\share\prims\jni.cpp, line 1111]
Event: 10551.386 Thread 0x00000216943e3d80 Exception <a 'sun/nio/fs/WindowsException'{0x00000000d5c8c9f0}> (0x00000000d5c8c9f0) 
thrown [s\src\hotspot\share\prims\jni.cpp, line 520]
Event: 10551.388 Thread 0x00000216943e3d80 Exception <a 'sun/nio/fs/WindowsException'{0x00000000d5c976c8}> (0x00000000d5c976c8) 
thrown [s\src\hotspot\share\prims\jni.cpp, line 520]
Event: 10853.253 Thread 0x00000216943e3d80 Exception <a 'sun/nio/fs/WindowsException'{0x00000000d699fa00}> (0x00000000d699fa00) 
thrown [s\src\hotspot\share\prims\jni.cpp, line 520]
Event: 10853.256 Thread 0x00000216943e3d80 Exception <a 'sun/nio/fs/WindowsException'{0x00000000d69a02e0}> (0x00000000d69a02e0) 
thrown [s\src\hotspot\share\prims\jni.cpp, line 520]
Event: 11158.374 Thread 0x00000216943e3d80 Exception <a 'sun/nio/fs/WindowsException'{0x00000000d5d39ea0}> (0x00000000d5d39ea0) 
thrown [s\src\hotspot\share\prims\jni.cpp, line 520]
Event: 11158.378 Thread 0x00000216943e3d80 Exception <a 'sun/nio/fs/WindowsException'{0x00000000d5d3a780}> (0x00000000d5d3a780) 
thrown [s\src\hotspot\share\prims\jni.cpp, line 520]
Event: 11508.535 Thread 0x00000216943df550 Exception <a 'sun/nio/fs/WindowsException'{0x00000000d63262a8}> (0x00000000d63262a8) 
thrown [s\src\hotspot\share\prims\jni.cpp, line 520]
Event: 11508.538 Thread 0x00000216943df550 Exception <a 'sun/nio/fs/WindowsException'{0x00000000d6326b88}> (0x00000000d6326b88) 
thrown [s\src\hotspot\share\prims\jni.cpp, line 520]

ZGC Phase Switch (0 events):
No events

VM Operations (20 events):
Event: 11379.727 Executing safepoint VM operation: Cleanup
Event: 11379.728 Executing safepoint VM operation: Cleanup done
Event: 11548.287 Executing non-safepoint VM operation: HandshakeAllThreads (HandshakeForDeflation)
Event: 11548.289 Executing non-safepoint VM operation: HandshakeAllThreads (HandshakeForDeflation) done
Event: 11548.290 Executing non-safepoint VM operation: RendezvousGCThreads
Event: 11548.290 Executing non-safepoint VM operation: RendezvousGCThreads done
Event: 11608.481 Executing non-safepoint VM operation: HandshakeAllThreads (HandshakeForDeflation)
Event: 11608.482 Executing non-safepoint VM operation: HandshakeAllThreads (HandshakeForDeflation) done
Event: 11608.482 Executing non-safepoint VM operation: RendezvousGCThreads
Event: 11608.482 Executing non-safepoint VM operation: RendezvousGCThreads done
Event: 11848.951 Executing non-safepoint VM operation: HandshakeAllThreads (HandshakeForDeflation)
Event: 11848.958 Executing non-safepoint VM operation: HandshakeAllThreads (HandshakeForDeflation) done
Event: 11848.958 Executing non-safepoint VM operation: RendezvousGCThreads
Event: 11848.958 Executing non-safepoint VM operation: RendezvousGCThreads done
Event: 11886.295 Executing safepoint VM operation: Cleanup
Event: 11886.298 Executing safepoint VM operation: Cleanup done
Event: 11887.310 Executing safepoint VM operation: Cleanup
Event: 11887.310 Executing safepoint VM operation: Cleanup done
Event: 11893.324 Executing safepoint VM operation: Cleanup
Event: 11893.325 Executing safepoint VM operation: Cleanup done

Memory protections (0 events):
No events

Nmethod flushes (20 events):
Event: 209.384 Thread 0x000002164c804940 flushing  nmethod 0x00000216392ae710
Event: 209.384 Thread 0x000002164c804940 flushing  nmethod 0x00000216392afb90
Event: 209.384 Thread 0x000002164c804940 flushing  nmethod 0x00000216392b0510
Event: 209.384 Thread 0x000002164c804940 flushing  nmethod 0x00000216392b0910
Event: 209.384 Thread 0x000002164c804940 flushing  nmethod 0x00000216392b0d90
Event: 209.384 Thread 0x000002164c804940 flushing  nmethod 0x00000216392b1390
Event: 209.384 Thread 0x000002164c804940 flushing  nmethod 0x00000216392b1790
Event: 209.384 Thread 0x000002164c804940 flushing  nmethod 0x00000216392b3690
Event: 209.384 Thread 0x000002164c804940 flushing  nmethod 0x00000216392b3c90
Event: 209.384 Thread 0x000002164c804940 flushing  nmethod 0x00000216392b5e90
Event: 209.384 Thread 0x000002164c804940 flushing  nmethod 0x00000216392b6210
Event: 209.384 Thread 0x000002164c804940 flushing  nmethod 0x00000216392b8790
Event: 209.384 Thread 0x000002164c804940 flushing  nmethod 0x0000021639307d10
Event: 209.384 Thread 0x000002164c804940 flushing  nmethod 0x0000021639308410
Event: 209.384 Thread 0x000002164c804940 flushing  nmethod 0x0000021639308b90
Event: 209.384 Thread 0x000002164c804940 flushing  nmethod 0x0000021639309490
Event: 209.384 Thread 0x000002164c804940 flushing  nmethod 0x0000021639309810
Event: 209.384 Thread 0x000002164c804940 flushing  nmethod 0x0000021639309b90
Event: 209.384 Thread 0x000002164c804940 flushing  nmethod 0x0000021639309f10
Event: 209.384 Thread 0x000002164c804940 flushing  nmethod 0x000002163930e890

Events (20 events):
Event: 11158.334 Thread 0x0000021697123e00 Thread exited: 0x0000021697123e00
Event: 11158.394 Thread 0x00000216943e3d80 Thread added: 0x0000021697123e00
Event: 11158.396 Thread 0x0000021697123e00 Thread exited: 0x0000021697123e00
Event: 11208.326 Thread 0x0000021697123770 Thread added: 0x0000021697123e00
Event: 11213.624 Thread 0x0000021697123e00 Thread exited: 0x0000021697123e00
Event: 11378.879 Thread 0x0000021697123770 Thread added: 0x0000021697123e00
Event: 11385.435 Thread 0x0000021697123e00 Thread exited: 0x0000021697123e00
Event: 11508.490 Thread 0x00000216943df550 Thread added: 0x0000021697123e00
Event: 11508.503 Thread 0x0000021697123e00 Thread exited: 0x0000021697123e00
Event: 11508.551 Thread 0x00000216943df550 Thread added: 0x0000021697123e00
Event: 11508.552 Thread 0x0000021697123e00 Thread exited: 0x0000021697123e00
Event: 11508.759 Thread 0x00000216943df550 Thread added: 0x0000021697123e00
Event: 11568.776 Thread 0x00000216943e3d80 Thread exited: 0x00000216943e3d80
Event: 11886.127 Thread 0x0000021697123770 Thread added: 0x0000021697127fa0
Event: 11887.206 Thread 0x0000021697127fa0 Thread added: 0x0000021697129350
Event: 11887.263 Thread 0x0000021697129350 Thread added: 0x00000216943e3d80
Event: 11887.267 Thread 0x0000021697129350 Thread added: 0x00000216943e2340
Event: 11887.281 Thread 0x00000216943e3d80 Thread exited: 0x00000216943e3d80
Event: 11892.990 Thread 0x0000021697129350 Thread exited: 0x0000021697129350
Event: 11892.992 Thread 0x00000216943e2340 Thread exited: 0x00000216943e2340


Dynamic libraries:
0x00007ff6ed5b0000 - 0x00007ff6ed5be000 	c:\Users\harsh\.vscode\extensions\redhat.java-1.53.0-win32-x64\jre\21.0.10-win32-x86_64\bin\java.exe
0x00007ff9e46c0000 - 0x00007ff9e4927000 	C:\WINDOWS\SYSTEM32\ntdll.dll
0x00007ff9e2c80000 - 0x00007ff9e2d49000 	C:\WINDOWS\System32\KERNEL32.DLL
0x00007ff9e1fb0000 - 0x00007ff9e23a1000 	C:\WINDOWS\System32\KERNELBASE.dll
0x00007ff9e1150000 - 0x00007ff9e129b000 	C:\WINDOWS\System32\ucrtbase.dll
0x00007ff9df0e0000 - 0x00007ff9df0fe000 	c:\Users\harsh\.vscode\extensions\redhat.java-1.53.0-win32-x64\jre\21.0.10-win32-x86_64\bin\VCRUNTIME140.dll
0x00007ff9d6cb0000 - 0x00007ff9d6cc8000 	c:\Users\harsh\.vscode\extensions\redhat.java-1.53.0-win32-x64\jre\21.0.10-win32-x86_64\bin\jli.dll
0x00007ff9e3950000 - 0x00007ff9e3b15000 	C:\WINDOWS\System32\USER32.dll
0x00007ff9d0020000 - 0x00007ff9d02b3000 	C:\WINDOWS\WinSxS\amd64_microsoft.windows.common-controls_6595b64144ccf1df_6.0.26100.8037_none_3e092faae333b53b\COMCTL32.dll
0x00007ff9e0fa0000 - 0x00007ff9e0fc7000 	C:\WINDOWS\System32\win32u.dll
0x00007ff9e2e80000 - 0x00007ff9e2eab000 	C:\WINDOWS\System32\GDI32.dll
0x00007ff9e30d0000 - 0x00007ff9e3179000 	C:\WINDOWS\System32\msvcrt.dll
0x00007ff9e12a0000 - 0x00007ff9e13cb000 	C:\WINDOWS\System32\gdi32full.dll
0x00007ff9e23b0000 - 0x00007ff9e2453000 	C:\WINDOWS\System32\msvcp_win.dll
0x00007ff9e2460000 - 0x00007ff9e2491000 	C:\WINDOWS\System32\IMM32.DLL
0x00007ff9df190000 - 0x00007ff9df19c000 	c:\Users\harsh\.vscode\extensions\redhat.java-1.53.0-win32-x64\jre\21.0.10-win32-x86_64\bin\vcruntime140_1.dll
0x00007ff9c4720000 - 0x00007ff9c47ad000 	c:\Users\harsh\.vscode\extensions\redhat.java-1.53.0-win32-x64\jre\21.0.10-win32-x86_64\bin\msvcp140.dll
0x00007ff955440000 - 0x00007ff9561e1000 	c:\Users\harsh\.vscode\extensions\redhat.java-1.53.0-win32-x64\jre\21.0.10-win32-x86_64\bin\server\jvm.dll
0x00007ff9e3010000 - 0x00007ff9e30cb000 	C:\WINDOWS\System32\ADVAPI32.dll
0x00007ff9e2dd0000 - 0x00007ff9e2e77000 	C:\WINDOWS\System32\sechost.dll
0x00007ff9e3fb0000 - 0x00007ff9e40c8000 	C:\WINDOWS\System32\RPCRT4.dll
0x00007ff9e2d50000 - 0x00007ff9e2dc4000 	C:\WINDOWS\System32\WS2_32.dll
0x00007ff9e0e00000 - 0x00007ff9e0e5e000 	C:\WINDOWS\SYSTEM32\POWRPROF.dll
0x00007ff9db470000 - 0x00007ff9db47b000 	C:\WINDOWS\SYSTEM32\VERSION.dll
0x00007ff9db430000 - 0x00007ff9db465000 	C:\WINDOWS\SYSTEM32\WINMM.dll
0x00007ff9e0de0000 - 0x00007ff9e0df4000 	C:\WINDOWS\SYSTEM32\UMPDC.dll
0x00007ff9dfd30000 - 0x00007ff9dfd4b000 	C:\WINDOWS\SYSTEM32\kernel.appcore.dll
0x00007ff9df150000 - 0x00007ff9df15a000 	c:\Users\harsh\.vscode\extensions\redhat.java-1.53.0-win32-x64\jre\21.0.10-win32-x86_64\bin\jimage.dll
0x00007ff9dece0000 - 0x00007ff9def22000 	C:\WINDOWS\SYSTEM32\DBGHELP.DLL
0x00007ff9e3590000 - 0x00007ff9e3912000 	C:\WINDOWS\System32\combase.dll
0x00007ff9e33b0000 - 0x00007ff9e3487000 	C:\WINDOWS\System32\OLEAUT32.dll
0x00007ff9cf130000 - 0x00007ff9cf16b000 	C:\WINDOWS\SYSTEM32\dbgcore.DLL
0x00007ff9e1f00000 - 0x00007ff9e1fa5000 	C:\WINDOWS\System32\bcryptPrimitives.dll
0x00007ff9d6970000 - 0x00007ff9d697f000 	c:\Users\harsh\.vscode\extensions\redhat.java-1.53.0-win32-x64\jre\21.0.10-win32-x86_64\bin\instrument.dll
0x00007ff9d6980000 - 0x00007ff9d69a0000 	c:\Users\harsh\.vscode\extensions\redhat.java-1.53.0-win32-x64\jre\21.0.10-win32-x86_64\bin\java.dll
0x00007ff9e2510000 - 0x00007ff9e2c6f000 	C:\WINDOWS\System32\SHELL32.dll
0x00007ff9e1d00000 - 0x00007ff9e1e6a000 	C:\WINDOWS\System32\wintypes.dll
0x00007ff9e1490000 - 0x00007ff9e1cf4000 	C:\WINDOWS\System32\windows.storage.dll
0x00007ff9e4270000 - 0x00007ff9e4367000 	C:\WINDOWS\System32\SHCORE.dll
0x00007ff9e24a0000 - 0x00007ff9e2507000 	C:\WINDOWS\System32\shlwapi.dll
0x00007ff9e0ec0000 - 0x00007ff9e0ee9000 	C:\WINDOWS\SYSTEM32\profapi.dll
0x00007ff9d5cf0000 - 0x00007ff9d5d08000 	c:\Users\harsh\.vscode\extensions\redhat.java-1.53.0-win32-x64\jre\21.0.10-win32-x86_64\bin\zip.dll
0x00007ff9d6ce0000 - 0x00007ff9d6cf0000 	C:\Users\harsh\.vscode\extensions\redhat.java-1.53.0-win32-x64\jre\21.0.10-win32-x86_64\bin\net.dll
0x00007ff9db300000 - 0x00007ff9db427000 	C:\WINDOWS\SYSTEM32\WINHTTP.dll
0x00007ff9e02a0000 - 0x00007ff9e030b000 	C:\WINDOWS\system32\mswsock.dll
0x00007ff9d4cb0000 - 0x00007ff9d4cc6000 	C:\Users\harsh\.vscode\extensions\redhat.java-1.53.0-win32-x64\jre\21.0.10-win32-x86_64\bin\nio.dll
0x00007ff9d6300000 - 0x00007ff9d6310000 	c:\Users\harsh\.vscode\extensions\redhat.java-1.53.0-win32-x64\jre\21.0.10-win32-x86_64\bin\verify.dll
0x00007ff9c8220000 - 0x00007ff9c8265000 	C:\Users\harsh\AppData\Roaming\Code\User\globalStorage\redhat.java\1.53.0\config_win\org.eclipse.equinox.launcher\org.eclipse.equinox.launcher.win32.win32.x86_64_1.3.0.v20260203-2149\eclipse_11919.dll
0x00007ff9e40d0000 - 0x00007ff9e4265000 	C:\WINDOWS\System32\ole32.dll
0x00007ff9e0580000 - 0x00007ff9e059b000 	C:\WINDOWS\SYSTEM32\CRYPTSP.dll
0x00007ff9dfc90000 - 0x00007ff9dfcc9000 	C:\WINDOWS\system32\rsaenh.dll
0x00007ff9e0350000 - 0x00007ff9e0382000 	C:\WINDOWS\SYSTEM32\USERENV.dll
0x00007ff9e0e90000 - 0x00007ff9e0eba000 	C:\WINDOWS\SYSTEM32\bcrypt.dll
0x00007ff9e05a0000 - 0x00007ff9e05ac000 	C:\WINDOWS\SYSTEM32\CRYPTBASE.dll
0x00007ff9df610000 - 0x00007ff9df643000 	C:\WINDOWS\SYSTEM32\IPHLPAPI.DLL
0x00007ff9e3310000 - 0x00007ff9e331a000 	C:\WINDOWS\System32\NSI.dll
0x00007ff9c0a40000 - 0x00007ff9c0a89000 	C:\Users\harsh\AppData\Local\Temp\jna-99049134\jna15381757111618360148.dll
0x00007ff9e4610000 - 0x00007ff9e4618000 	C:\WINDOWS\System32\PSAPI.DLL
0x00007ff9db9f0000 - 0x00007ff9dba0d000 	C:\WINDOWS\SYSTEM32\dhcpcsvc6.DLL
0x00007ff9db9c0000 - 0x00007ff9db9e3000 	C:\WINDOWS\SYSTEM32\dhcpcsvc.DLL
0x00007ff9b7560000 - 0x00007ff9b7587000 	C:\Users\harsh\.gradle\native\c067742578af261105cb4f569cf0c3c89f3d7b1fecec35dd04571415982c5e48\windows-amd64\native-platform.dll
0x00007ff9d69b0000 - 0x00007ff9d69ba000 	C:\Users\harsh\.vscode\extensions\redhat.java-1.53.0-win32-x64\jre\21.0.10-win32-x86_64\bin\management.dll
0x00007ff9cdfc0000 - 0x00007ff9cdfcc000 	C:\Users\harsh\.vscode\extensions\redhat.java-1.53.0-win32-x64\jre\21.0.10-win32-x86_64\bin\management_ext.dll
0x00007ff9d37e0000 - 0x00007ff9d37e9000 	C:\Users\harsh\.vscode\extensions\redhat.java-1.53.0-win32-x64\jre\21.0.10-win32-x86_64\bin\extnet.dll
0x00007ff9d37f0000 - 0x00007ff9d37fe000 	C:\Users\harsh\.vscode\extensions\redhat.java-1.53.0-win32-x64\jre\21.0.10-win32-x86_64\bin\sunmscapi.dll
0x00007ff9e0fd0000 - 0x00007ff9e1147000 	C:\WINDOWS\System32\CRYPT32.dll
0x00007ff9e07a0000 - 0x00007ff9e07d0000 	C:\WINDOWS\SYSTEM32\ncrypt.dll
0x00007ff9e0750000 - 0x00007ff9e078f000 	C:\WINDOWS\SYSTEM32\NTASN1.dll
0x00007ff97f440000 - 0x00007ff97f448000 	C:\WINDOWS\system32\wshunix.dll

JVMTI agents:
c:\Users\harsh\.vscode\extensions\redhat.java-1.53.0-win32-x64\lombok\lombok-1.18.39-4050.jar path:c:\Users\harsh\.vscode\extensions\redhat.java-1.53.0-win32-x64\jre\21.0.10-win32-x86_64\bin\instrument.dll, loaded, initialized, instrumentlib options:none

dbghelp: loaded successfully - version: 4.0.5 - missing functions: none
symbol engine: initialized successfully - sym options: 0x614 - pdb path: .;c:\Users\harsh\.vscode\extensions\redhat.java-1.53.0-win32-x64\jre\21.0.10-win32-x86_64\bin;C:\WINDOWS\SYSTEM32;C:\WINDOWS\WinSxS\amd64_microsoft.windows.common-controls_6595b64144ccf1df_6.0.26100.8037_none_3e092faae333b53b;c:\Users\harsh\.vscode\extensions\redhat.java-1.53.0-win32-x64\jre\21.0.10-win32-x86_64\bin\server;C:\Users\harsh\AppData\Roaming\Code\User\globalStorage\redhat.java\1.53.0\config_win\org.eclipse.equinox.launcher\org.eclipse.equinox.launcher.win32.win32.x86_64_1.3.0.v20260203-2149;C:\Users\harsh\AppData\Local\Temp\jna-99049134;C:\Users\harsh\.gradle\native\c067742578af261105cb4f569cf0c3c89f3d7b1fecec35dd04571415982c5e48\windows-amd64

VM Arguments:
jvm_args: --add-modules=ALL-SYSTEM --add-opens=java.base/java.util=ALL-UNNAMED --add-opens=java.base/java.lang=ALL-UNNAMED --add-opens=java.base/sun.nio.fs=ALL-UNNAMED -Declipse.application=org.eclipse.jdt.ls.core.id1 -Dosgi.bundles.defaultStartLevel=4 -Declipse.product=org.eclipse.jdt.ls.core.product -Djava.import.generatesMetadataFilesAtProjectRoot=false -DDetectVMInstallationsJob.disabled=true -Dfile.encoding=utf8 -XX:+UseParallelGC -XX:GCTimeRatio=4 -XX:AdaptiveSizePolicyWeight=90 -Dsun.zip.disableMemoryMapping=true -Xmx2G -Xms100m -Xlog:disable -javaagent:c:\Users\harsh\.vscode\extensions\redhat.java-1.53.0-win32-x64\lombok\lombok-1.18.39-4050.jar -XX:+HeapDumpOnOutOfMemoryError -XX:HeapDumpPath=c:\Users\harsh\AppData\Roaming\Code\User\workspaceStorage\8e7b41c3e8e044199a8dad05dfcb372a\redhat.java -Daether.dependencyCollector.impl=bf 
java_command: c:\Users\harsh\.vscode\extensions\redhat.java-1.53.0-win32-x64\server\plugins\org.eclipse.equinox.launcher_1.7.100.v20251111-0406.jar -configuration c:\Users\harsh\AppData\Roaming\Code\User\globalStorage\redhat.java\1.53.0\config_win -data c:\Users\harsh\AppData\Roaming\Code\User\workspaceStorage\8e7b41c3e8e044199a8dad05dfcb372a\redhat.java\jdt_ws --pipe=\\.\pipe\lsp-921d7fde94c4afe77a73f031f7722a31-sock
java_class_path (initial): c:\Users\harsh\.vscode\extensions\redhat.java-1.53.0-win32-x64\server\plugins\org.eclipse.equinox.launcher_1.7.100.v20251111-0406.jar
Launcher Type: SUN_STANDARD

[Global flags]
    uintx AdaptiveSizePolicyWeight                 = 90                                        {product} {command line}
     intx CICompilerCount                          = 4                                         {product} {ergonomic}
    uintx GCTimeRatio                              = 4                                         {product} {command line}
     bool HeapDumpOnOutOfMemoryError               = true                                   {manageable} {command line}
    ccstr HeapDumpPath                             = c:\Users\harsh\AppData\Roaming\Code\User\workspaceStorage\8e7b41c3e8e044199a8dad05dfcb372a\redhat.java         {manageable} {command line}
   size_t InitialHeapSize                          = 104857600                                 {product} {command line}
   size_t MaxHeapSize                              = 2147483648                                {product} {command line}
   size_t MaxNewSize                               = 715653120                                 {product} {ergonomic}
   size_t MinHeapDeltaBytes                        = 524288                                    {product} {ergonomic}
   size_t MinHeapSize                              = 104857600                                 {product} {command line}
   size_t NewSize                                  = 34603008                                  {product} {ergonomic}
    uintx NonNMethodCodeHeapSize                   = 5839372                                {pd product} {ergonomic}
    uintx NonProfiledCodeHeapSize                  = 122909434                              {pd product} {ergonomic}
   size_t OldSize                                  = 70254592                                  {product} {ergonomic}
    uintx ProfiledCodeHeapSize                     = 122909434                              {pd product} {ergonomic}
    uintx ReservedCodeCacheSize                    = 251658240                              {pd product} {ergonomic}
     bool SegmentedCodeCache                       = true                                      {product} {ergonomic}
   size_t SoftMaxHeapSize                          = 2147483648                             {manageable} {ergonomic}
     bool UseCompressedOops                        = true                           {product lp64_product} {ergonomic}
     bool UseLargePagesIndividualAllocation        = false                                  {pd product} {ergonomic}
     bool UseParallelGC                            = true                                      {product} {command line}

Logging:
Log output configuration:
 #0: stdout all=off uptime,level,tags foldmultilines=false
 #1: stderr all=off uptime,level,tags foldmultilines=false

Release file:
JAVA_VERSION="21.0.10" 
MODULES="java.base java.compiler java.datatransfer java.xml java.prefs java.desktop java.instrument java.logging java.management java.security.sasl java.naming java.rmi java.management.rmi java.net.http java.scripting java.security.jgss java.transaction.xa java.sql java.sql.rowset java.xml.crypto java.se java.smartcardio jdk.accessibility jdk.internal.jvmstat jdk.attach jdk.charsets jdk.internal.opt jdk.zipfs jdk.compiler jdk.crypto.ec jdk.crypto.cryptoki jdk.crypto.mscapi jdk.dynalink jdk.internal.ed jdk.editpad jdk.hotspot.agent jdk.httpserver jdk.internal.le jdk.internal.vm.ci jdk.internal.vm.compiler jdk.internal.vm.compiler.management jdk.jartool jdk.javadoc jdk.jcmd jdk.management jdk.management.agent jdk.jconsole jdk.jdeps jdk.jdwp.agent jdk.jdi jdk.jfr jdk.jshell jdk.jsobject jdk.jstatd jdk.localedata jdk.management.jfr jdk.naming.dns jdk.naming.rmi jdk.net jdk.nio.mapmode jdk.random jdk.sctp jdk.security.auth jdk.security.jgss jdk.unsupported jdk.unsupported.desktop jdk.xml.dom" 

Environment Variables:
JAVA_HOME=C:\Program Files\Java\jdk-21
PATH=C:\Users\harsh\AppData\Local\Programs\Microsoft VS Code;C:\Program Files\Eclipse Adoptium\jdk-11.0.29.7-hotspot\bin;C:\Program Files\Python313\Scripts\;C:\Program Files\Python313\;C:\Program Files\Common Files\Oracle\Java\javapath;C:\WINDOWS\system32;C:\WINDOWS;C:\WINDOWS\System32\Wbem;C:\WINDOWS\System32\WindowsPowerShell\v1.0\;C:\WINDOWS\System32\OpenSSH\;C:\Program Files\Java\jdk-21\bin;C:\Program Files\nodejs\;C:\Program Files\Git\cmd;C:\Program Files\Docker\Docker\resources\bin;C:\Program Files\Go\bin;C:\flutter_windows_3.32.8-stable\flutter\bin\;C:\platform-tools;C:\Program Files\MySQL\MySQL Shell 8.0\bin\;C:\Users\harsh\AppData\Local\Microsoft\WindowsApps;C:\MinGW\bin;C:\Users\harsh\AppData\Roaming\npm;C:\Program Files\MongoDB\Server\7.0\bin;C:\Users\harsh\AppData\Local\GitHubDesktop\bin;C:\Users\harsh\AppData\Local\Programs\Microsoft VS Code\bin;C:\Users\harsh\AppData\Local\Microsoft\WindowsApps\python.exe;C:\users\harsh\appdata\roaming\python\python313\site-packages\git_filter_repo.py;C:\Users\harsh\AppData\Local\Programs\cursor\resources\app\bin;C:\Users\harsh\flutter_windows_3.32.6-stable\flutter\bin;C:\Program Files\MongoDB\Server\7.0\bin;C:\Users\harsh\go\bin;C:\Users\harsh\AppData\Local\Programs\Antigravity\bin
USERNAME=harsh
OS=Windows_NT
PROCESSOR_IDENTIFIER=AMD64 Family 25 Model 80 Stepping 0, AuthenticAMD
TMP=C:\Users\harsh\AppData\Local\Temp
TEMP=C:\Users\harsh\AppData\Local\Temp




Periodic native trim disabled

---------------  S Y S T E M  ---------------

OS:
 Windows 11 , 64 bit Build 26100 (10.0.26100.7920)
OS uptime: 3 days 18:33 hours
Hyper-V role detected

CPU: total 12 (initial active 12) (12 cores per cpu, 2 threads per core) family 25 model 80 stepping 0 microcode 0xa50000d, cx8, cmov, fxsr, ht, mmx, 3dnowpref, sse, sse2, sse3, ssse3, sse4a, sse4.1, sse4.2, popcnt, lzcnt, tsc, tscinvbit, avx, avx2, aes, erms, clmul, bmi1, bmi2, adx, sha, fma, vzeroupper, clflush, clflushopt, hv, rdtscp, rdpid, fsrm, f16c, cet_ss
Processor Information for the first 12 processors :
  Max Mhz: 3301, Current Mhz: 2011, Mhz Limit: 3301

Memory: 4k page, system-wide physical 7581M (243M free)
TotalPageFile size 31133M (AvailPageFile size 15M)
current process WorkingSet (physical memory assigned to process): 23M, peak: 220M
current process commit charge ("private bytes"): 391M, peak: 408M

vm_info: OpenJDK 64-Bit Server VM (21.0.10+7-LTS) for windows-amd64 JRE (21.0.10+7-LTS), built on 2026-01-20T00:00:00Z by "admin" with MS VC++ 17.12 (VS2022)

END.
