#
# There is insufficient memory for the Java Runtime Environment to continue.
# Native memory allocation (malloc) failed to allocate 1380816 bytes. Error detail: Chunk::new
# Possible reasons:
#   The system is out of physical RAM or swap space
#   This process is running with CompressedOops enabled, and the Java Heap may be blocking the growth of the native heap
# Possible solutions:
#   Reduce memory load on the system
#   Increase physical memory or swap space
#   Check if swap backing store is full
#   Decrease Java heap size (-Xmx/-Xms)
#   Decrease number of Java threads
#   Decrease Java thread stack sizes (-Xss)
#   Set larger code cache with -XX:ReservedCodeCacheSize=
#   JVM is running with Unscaled Compressed Oops mode in which the Java heap is
#     placed in the first 4GB address space. The Java Heap base address is the
#     maximum limit for the native heap growth. Please use -XX:HeapBaseMinAddress
#     to set the Java Heap base and to place the Java Heap above 4GB virtual address.
# This output file may be truncated or incomplete.
#
#  Out of Memory Error (arena.cpp:168), pid=22456, tid=2072
#
# JRE version: OpenJDK Runtime Environment (21.0.6) (build 21.0.6+-13391695-b895.109)
# Java VM: OpenJDK 64-Bit Server VM (21.0.6+-13391695-b895.109, mixed mode, tiered, compressed oops, compressed class ptrs, g1 gc, windows-amd64)
# No core dump will be written. Minidumps are not enabled by default on client versions of Windows
#

---------------  S U M M A R Y ------------

Command Line: org.jetbrains.kotlin.cli.jvm.K2JVMCompiler @C:\Users\harsh\AndroidStudioProjects\VidPlay\app\build\20260718_13685121161381175678.compiler.options

Host: AMD Ryzen 5 5600H with Radeon Graphics         , 12 cores, 7G,  Windows 11 , 64 bit Build 26100 (10.0.26100.8875)
Time: Sat Jul 18 05:27:43 2026 India Standard Time elapsed time: 39.996013 seconds (0d 0h 0m 39s)

---------------  T H R E A D  ---------------

Current thread (0x000001a3065c1600):  JavaThread "C2 CompilerThread2" daemon [_thread_in_native, id=2072, stack(0x0000002562100000,0x0000002562200000) (1024K)]


Current CompileTask:
C2:39996 17139       4       com.sun.tools.javac.util.Convert::quote (131 bytes)

Stack: [0x0000002562100000,0x0000002562200000]
Native frames: (J=compiled Java code, j=interpreted, Vv=VM code, C=native code)
V  [jvm.dll+0x6d0639]
V  [jvm.dll+0x85eb03]
V  [jvm.dll+0x86105e]
V  [jvm.dll+0x861743]
V  [jvm.dll+0x27e6e6]
V  [jvm.dll+0xbff6d]
V  [jvm.dll+0xc04a3]
V  [jvm.dll+0x3b6171]
V  [jvm.dll+0x3820c7]
V  [jvm.dll+0x38153a]
V  [jvm.dll+0x247c82]
V  [jvm.dll+0x247251]
V  [jvm.dll+0x1c5f04]
V  [jvm.dll+0x2569ac]
V  [jvm.dll+0x254ef6]
V  [jvm.dll+0x3f0e96]
V  [jvm.dll+0x806ed8]
V  [jvm.dll+0x6cef0d]
C  [ucrtbase.dll+0x2cd30]
C  [KERNEL32.DLL+0x2e957]
C  [ntdll.dll+0xaad6c]


---------------  P R O C E S S  ---------------

Threads class SMR info:
_java_thread_list=0x000001a307111ee0, length=13, elements={
0x000001a3612f36c0, 0x000001a304085080, 0x000001a304085ad0, 0x000001a304088530,
0x000001a304088b90, 0x000001a3040895e0, 0x000001a3040bbf90, 0x000001a3040bde50,
0x000001a3040739b0, 0x000001a304248ff0, 0x000001a304249810, 0x000001a3065c1cd0,
0x000001a3065c1600
}

Java Threads: ( => current thread )
  0x000001a3612f36c0 JavaThread "main"                              [_thread_in_native, id=25472, stack(0x0000002560400000,0x0000002560500000) (1024K)]
  0x000001a304085080 JavaThread "Reference Handler"          daemon [_thread_blocked, id=10988, stack(0x0000002560c00000,0x0000002560d00000) (1024K)]
  0x000001a304085ad0 JavaThread "Finalizer"                  daemon [_thread_blocked, id=9256, stack(0x0000002560d00000,0x0000002560e00000) (1024K)]
  0x000001a304088530 JavaThread "Signal Dispatcher"          daemon [_thread_blocked, id=24276, stack(0x0000002560e00000,0x0000002560f00000) (1024K)]
  0x000001a304088b90 JavaThread "Attach Listener"            daemon [_thread_blocked, id=28176, stack(0x0000002560f00000,0x0000002561000000) (1024K)]
  0x000001a3040895e0 JavaThread "Service Thread"             daemon [_thread_blocked, id=5240, stack(0x0000002561000000,0x0000002561100000) (1024K)]
  0x000001a3040bbf90 JavaThread "Monitor Deflation Thread"   daemon [_thread_blocked, id=24184, stack(0x0000002561100000,0x0000002561200000) (1024K)]
  0x000001a3040bde50 JavaThread "C2 CompilerThread0"         daemon [_thread_in_native, id=29128, stack(0x0000002561200000,0x0000002561300000) (1024K)]
  0x000001a3040739b0 JavaThread "C1 CompilerThread0"         daemon [_thread_blocked, id=28452, stack(0x0000002561300000,0x0000002561400000) (1024K)]
  0x000001a304248ff0 JavaThread "Notification Thread"        daemon [_thread_blocked, id=14964, stack(0x0000002561400000,0x0000002561500000) (1024K)]
  0x000001a304249810 JavaThread "Common-Cleaner"             daemon [_thread_blocked, id=29012, stack(0x0000002561500000,0x0000002561600000) (1024K)]
  0x000001a3065c1cd0 JavaThread "C2 CompilerThread1"         daemon [_thread_in_native, id=3000, stack(0x0000002560300000,0x0000002560400000) (1024K)]
=>0x000001a3065c1600 JavaThread "C2 CompilerThread2"         daemon [_thread_in_native, id=2072, stack(0x0000002562100000,0x0000002562200000) (1024K)]
Total: 13

Other Threads:
  0x000001a37af534d0 VMThread "VM Thread"                           [id=26284, stack(0x0000002560b00000,0x0000002560c00000) (1024K)]
  0x000001a37aef1fe0 WatcherThread "VM Periodic Task Thread"        [id=19064, stack(0x0000002560a00000,0x0000002560b00000) (1024K)]
  0x000001a36375d720 WorkerThread "GC Thread#0"                     [id=29656, stack(0x0000002560500000,0x0000002560600000) (1024K)]
  0x000001a3049f0160 WorkerThread "GC Thread#1"                     [id=22252, stack(0x0000002561600000,0x0000002561700000) (1024K)]
  0x000001a3049f8da0 WorkerThread "GC Thread#2"                     [id=8920, stack(0x0000002561700000,0x0000002561800000) (1024K)]
  0x000001a3049f9140 WorkerThread "GC Thread#3"                     [id=21424, stack(0x0000002561800000,0x0000002561900000) (1024K)]
  0x000001a30499fac0 WorkerThread "GC Thread#4"                     [id=21140, stack(0x0000002561900000,0x0000002561a00000) (1024K)]
  0x000001a3049a0c80 WorkerThread "GC Thread#5"                     [id=15748, stack(0x0000002561a00000,0x0000002561b00000) (1024K)]
  0x000001a3049c1ae0 WorkerThread "GC Thread#6"                     [id=26124, stack(0x0000002561b00000,0x0000002561c00000) (1024K)]
  0x000001a304ec28b0 WorkerThread "GC Thread#7"                     [id=23264, stack(0x0000002561c00000,0x0000002561d00000) (1024K)]
  0x000001a304ec2ff0 WorkerThread "GC Thread#8"                     [id=24808, stack(0x0000002561d00000,0x0000002561e00000) (1024K)]
  0x000001a3050802b0 WorkerThread "GC Thread#9"                     [id=29536, stack(0x0000002562000000,0x0000002562100000) (1024K)]
  0x000001a36376db20 ConcurrentGCThread "G1 Main Marker"            [id=25876, stack(0x0000002560600000,0x0000002560700000) (1024K)]
  0x000001a363770840 WorkerThread "G1 Conc#0"                       [id=12348, stack(0x0000002560700000,0x0000002560800000) (1024K)]
  0x000001a304ec2510 WorkerThread "G1 Conc#1"                       [id=29308, stack(0x0000002561e00000,0x0000002561f00000) (1024K)]
  0x000001a304ec2c50 WorkerThread "G1 Conc#2"                       [id=16580, stack(0x0000002561f00000,0x0000002562000000) (1024K)]
  0x000001a3637ce620 ConcurrentGCThread "G1 Refine#0"               [id=22416, stack(0x0000002560800000,0x0000002560900000) (1024K)]
  0x000001a37adc61b0 ConcurrentGCThread "G1 Service"                [id=16900, stack(0x0000002560900000,0x0000002560a00000) (1024K)]
Total: 18

Threads with active compile tasks:
C2 CompilerThread0  42057 17177   !   4       java.util.Formatter::format (284 bytes)
C2 CompilerThread1  42057 17191       4       java.util.Formatter::parse (208 bytes)
C2 CompilerThread2  42057 17139       4       com.sun.tools.javac.util.Convert::quote (131 bytes)
Total: 3

VM state: not at safepoint (normal execution)

VM Mutex/Monitor currently owned by a thread: None

Heap address: 0x0000000089800000, size: 1896 MB, Compressed Oops mode: 32-bit

CDS archive(s) not mapped
Compressed class space mapped at: 0x0000000100000000-0x0000000140000000, reserved size: 1073741824
Narrow klass base: 0x0000000000000000, Narrow klass shift: 3, Narrow klass range: 0x140000000

GC Precious Log:
 CardTable entry size: 512
 Card Set container configuration: InlinePtr #cards 5 size 8 Array Of Cards #cards 12 size 40 Howl #buckets 4 coarsen threshold 1843 Howl Bitmap #cards 512 size 80 coarsen threshold 460 Card regions per heap region 1 cards per card region 2048
 CPUs: 12 total, 12 available
 Memory: 7581M
 Large Page Support: Disabled
 NUMA Support: Disabled
 Compressed Oops: Enabled (32-bit)
 Heap Region Size: 1M
 Heap Min Capacity: 8M
 Heap Initial Capacity: 120M
 Heap Max Capacity: 1896M
 Pre-touch: Disabled
 Parallel Workers: 10
 Concurrent Workers: 3
 Concurrent Refinement Workers: 10
 Periodic GC: Disabled

Heap:
 garbage-first heap   total 215040K, used 130807K [0x0000000089800000, 0x0000000100000000)
  region size 1024K, 10 young (10240K), 9 survivors (9216K)
 Metaspace       used 90738K, committed 91648K, reserved 1179648K
  class space    used 9649K, committed 10048K, reserved 1048576K

Heap Regions: E=young(eden), S=young(survivor), O=old, HS=humongous(starts), HC=humongous(continues), CS=collection set, F=free, TAMS=top-at-mark-start, PB=parsable bottom
|   0|0x0000000089800000, 0x0000000089900000, 0x0000000089900000|100%|HS|  |TAMS 0x0000000089800000| PB 0x0000000089800000| Complete 
|   1|0x0000000089900000, 0x0000000089a00000, 0x0000000089a00000|100%|HC|  |TAMS 0x0000000089900000| PB 0x0000000089900000| Complete 
|   2|0x0000000089a00000, 0x0000000089b00000, 0x0000000089b00000|100%|HC|  |TAMS 0x0000000089a00000| PB 0x0000000089a00000| Complete 
|   3|0x0000000089b00000, 0x0000000089c00000, 0x0000000089c00000|100%| O|  |TAMS 0x0000000089b00000| PB 0x0000000089b00000| Untracked 
|   4|0x0000000089c00000, 0x0000000089d00000, 0x0000000089d00000|100%| O|  |TAMS 0x0000000089c00000| PB 0x0000000089c00000| Untracked 
|   5|0x0000000089d00000, 0x0000000089e00000, 0x0000000089e00000|100%|HS|  |TAMS 0x0000000089d00000| PB 0x0000000089d00000| Complete 
|   6|0x0000000089e00000, 0x0000000089ed9b00, 0x0000000089f00000| 85%| O|  |TAMS 0x0000000089e00000| PB 0x0000000089e00000| Untracked 
|   7|0x0000000089f00000, 0x000000008a000000, 0x000000008a000000|100%| O|  |TAMS 0x0000000089f00000| PB 0x0000000089f00000| Untracked 
|   8|0x000000008a000000, 0x000000008a100000, 0x000000008a100000|100%| O|  |TAMS 0x000000008a000000| PB 0x000000008a000000| Untracked 
|   9|0x000000008a100000, 0x000000008a200000, 0x000000008a200000|100%| O|  |TAMS 0x000000008a100000| PB 0x000000008a100000| Untracked 
|  10|0x000000008a200000, 0x000000008a300000, 0x000000008a300000|100%| O|  |TAMS 0x000000008a200000| PB 0x000000008a200000| Untracked 
|  11|0x000000008a300000, 0x000000008a400000, 0x000000008a400000|100%| O|  |TAMS 0x000000008a300000| PB 0x000000008a300000| Untracked 
|  12|0x000000008a400000, 0x000000008a500000, 0x000000008a500000|100%| O|  |TAMS 0x000000008a400000| PB 0x000000008a400000| Untracked 
|  13|0x000000008a500000, 0x000000008a600000, 0x000000008a600000|100%| O|  |TAMS 0x000000008a500000| PB 0x000000008a500000| Untracked 
|  14|0x000000008a600000, 0x000000008a700000, 0x000000008a700000|100%| O|  |TAMS 0x000000008a600000| PB 0x000000008a600000| Untracked 
|  15|0x000000008a700000, 0x000000008a800000, 0x000000008a800000|100%| O|  |TAMS 0x000000008a700000| PB 0x000000008a700000| Untracked 
|  16|0x000000008a800000, 0x000000008a900000, 0x000000008a900000|100%| O|  |TAMS 0x000000008a800000| PB 0x000000008a800000| Untracked 
|  17|0x000000008a900000, 0x000000008aa00000, 0x000000008aa00000|100%| O|  |TAMS 0x000000008a900000| PB 0x000000008a900000| Untracked 
|  18|0x000000008aa00000, 0x000000008ab00000, 0x000000008ab00000|100%| O|  |TAMS 0x000000008aa00000| PB 0x000000008aa00000| Untracked 
|  19|0x000000008ab00000, 0x000000008ac00000, 0x000000008ac00000|100%| O|  |TAMS 0x000000008ab00000| PB 0x000000008ab00000| Untracked 
|  20|0x000000008ac00000, 0x000000008ad00000, 0x000000008ad00000|100%| O|  |TAMS 0x000000008ac00000| PB 0x000000008ac00000| Untracked 
|  21|0x000000008ad00000, 0x000000008ae00000, 0x000000008ae00000|100%| O|  |TAMS 0x000000008ad00000| PB 0x000000008ad00000| Untracked 
|  22|0x000000008ae00000, 0x000000008af00000, 0x000000008af00000|100%| O|  |TAMS 0x000000008ae00000| PB 0x000000008ae00000| Untracked 
|  23|0x000000008af00000, 0x000000008b000000, 0x000000008b000000|100%| O|  |TAMS 0x000000008af00000| PB 0x000000008af00000| Untracked 
|  24|0x000000008b000000, 0x000000008b100000, 0x000000008b100000|100%| O|  |TAMS 0x000000008b000000| PB 0x000000008b000000| Untracked 
|  25|0x000000008b100000, 0x000000008b200000, 0x000000008b200000|100%| O|  |TAMS 0x000000008b100000| PB 0x000000008b100000| Untracked 
|  26|0x000000008b200000, 0x000000008b300000, 0x000000008b300000|100%| O|  |TAMS 0x000000008b200000| PB 0x000000008b200000| Untracked 
|  27|0x000000008b300000, 0x000000008b400000, 0x000000008b400000|100%| O|  |TAMS 0x000000008b300000| PB 0x000000008b300000| Untracked 
|  28|0x000000008b400000, 0x000000008b500000, 0x000000008b500000|100%| O|  |TAMS 0x000000008b400000| PB 0x000000008b400000| Untracked 
|  29|0x000000008b500000, 0x000000008b600000, 0x000000008b600000|100%|HS|  |TAMS 0x000000008b500000| PB 0x000000008b500000| Complete 
|  30|0x000000008b600000, 0x000000008b700000, 0x000000008b700000|100%|HC|  |TAMS 0x000000008b600000| PB 0x000000008b600000| Complete 
|  31|0x000000008b700000, 0x000000008b800000, 0x000000008b800000|100%| O|  |TAMS 0x000000008b700000| PB 0x000000008b700000| Untracked 
|  32|0x000000008b800000, 0x000000008b900000, 0x000000008b900000|100%| O|  |TAMS 0x000000008b800000| PB 0x000000008b800000| Untracked 
|  33|0x000000008b900000, 0x000000008ba00000, 0x000000008ba00000|100%| O|  |TAMS 0x000000008b900000| PB 0x000000008b900000| Untracked 
|  34|0x000000008ba00000, 0x000000008bb00000, 0x000000008bb00000|100%| O|  |TAMS 0x000000008ba00000| PB 0x000000008ba00000| Untracked 
|  35|0x000000008bb00000, 0x000000008bc00000, 0x000000008bc00000|100%| O|  |TAMS 0x000000008bb00000| PB 0x000000008bb00000| Untracked 
|  36|0x000000008bc00000, 0x000000008bd00000, 0x000000008bd00000|100%| O|  |TAMS 0x000000008bc00000| PB 0x000000008bc00000| Untracked 
|  37|0x000000008bd00000, 0x000000008be00000, 0x000000008be00000|100%| O|  |TAMS 0x000000008bd00000| PB 0x000000008bd00000| Untracked 
|  38|0x000000008be00000, 0x000000008bf00000, 0x000000008bf00000|100%| O|  |TAMS 0x000000008be00000| PB 0x000000008be00000| Untracked 
|  39|0x000000008bf00000, 0x000000008c000000, 0x000000008c000000|100%| O|  |TAMS 0x000000008bf00000| PB 0x000000008bf00000| Untracked 
|  40|0x000000008c000000, 0x000000008c100000, 0x000000008c100000|100%| O|  |TAMS 0x000000008c000000| PB 0x000000008c000000| Untracked 
|  41|0x000000008c100000, 0x000000008c200000, 0x000000008c200000|100%| O|  |TAMS 0x000000008c100000| PB 0x000000008c100000| Untracked 
|  42|0x000000008c200000, 0x000000008c300000, 0x000000008c300000|100%| O|  |TAMS 0x000000008c200000| PB 0x000000008c200000| Untracked 
|  43|0x000000008c300000, 0x000000008c400000, 0x000000008c400000|100%| O|  |TAMS 0x000000008c300000| PB 0x000000008c300000| Untracked 
|  44|0x000000008c400000, 0x000000008c500000, 0x000000008c500000|100%| O|  |TAMS 0x000000008c400000| PB 0x000000008c400000| Untracked 
|  45|0x000000008c500000, 0x000000008c600000, 0x000000008c600000|100%| O|  |TAMS 0x000000008c500000| PB 0x000000008c500000| Untracked 
|  46|0x000000008c600000, 0x000000008c700000, 0x000000008c700000|100%| O|  |TAMS 0x000000008c600000| PB 0x000000008c600000| Untracked 
|  47|0x000000008c700000, 0x000000008c800000, 0x000000008c800000|100%| O|  |TAMS 0x000000008c700000| PB 0x000000008c700000| Untracked 
|  48|0x000000008c800000, 0x000000008c900000, 0x000000008c900000|100%| O|Cm|TAMS 0x000000008c800000| PB 0x000000008c800000| Complete 
|  49|0x000000008c900000, 0x000000008ca00000, 0x000000008ca00000|100%| O|  |TAMS 0x000000008c900000| PB 0x000000008c900000| Untracked 
|  50|0x000000008ca00000, 0x000000008cb00000, 0x000000008cb00000|100%| O|  |TAMS 0x000000008ca00000| PB 0x000000008ca00000| Untracked 
|  51|0x000000008cb00000, 0x000000008cc00000, 0x000000008cc00000|100%| O|  |TAMS 0x000000008cb00000| PB 0x000000008cb00000| Untracked 
|  52|0x000000008cc00000, 0x000000008cd00000, 0x000000008cd00000|100%| O|  |TAMS 0x000000008cc00000| PB 0x000000008cc00000| Untracked 
|  53|0x000000008cd00000, 0x000000008ce00000, 0x000000008ce00000|100%| O|  |TAMS 0x000000008cd00000| PB 0x000000008cd00000| Untracked 
|  54|0x000000008ce00000, 0x000000008cf00000, 0x000000008cf00000|100%| O|  |TAMS 0x000000008ce00000| PB 0x000000008ce00000| Untracked 
|  55|0x000000008cf00000, 0x000000008d000000, 0x000000008d000000|100%| O|  |TAMS 0x000000008cf00000| PB 0x000000008cf00000| Untracked 
|  56|0x000000008d000000, 0x000000008d100000, 0x000000008d100000|100%| O|  |TAMS 0x000000008d000000| PB 0x000000008d000000| Untracked 
|  57|0x000000008d100000, 0x000000008d200000, 0x000000008d200000|100%| O|  |TAMS 0x000000008d100000| PB 0x000000008d100000| Untracked 
|  58|0x000000008d200000, 0x000000008d300000, 0x000000008d300000|100%| O|  |TAMS 0x000000008d200000| PB 0x000000008d200000| Untracked 
|  59|0x000000008d300000, 0x000000008d400000, 0x000000008d400000|100%| O|  |TAMS 0x000000008d300000| PB 0x000000008d300000| Untracked 
|  60|0x000000008d400000, 0x000000008d500000, 0x000000008d500000|100%| O|  |TAMS 0x000000008d400000| PB 0x000000008d400000| Untracked 
|  61|0x000000008d500000, 0x000000008d600000, 0x000000008d600000|100%| O|  |TAMS 0x000000008d500000| PB 0x000000008d500000| Untracked 
|  62|0x000000008d600000, 0x000000008d700000, 0x000000008d700000|100%| O|  |TAMS 0x000000008d600000| PB 0x000000008d600000| Untracked 
|  63|0x000000008d700000, 0x000000008d800000, 0x000000008d800000|100%| O|  |TAMS 0x000000008d700000| PB 0x000000008d700000| Untracked 
|  64|0x000000008d800000, 0x000000008d900000, 0x000000008d900000|100%| O|  |TAMS 0x000000008d800000| PB 0x000000008d800000| Untracked 
|  65|0x000000008d900000, 0x000000008da00000, 0x000000008da00000|100%| O|  |TAMS 0x000000008d900000| PB 0x000000008d900000| Untracked 
|  66|0x000000008da00000, 0x000000008db00000, 0x000000008db00000|100%| O|  |TAMS 0x000000008da00000| PB 0x000000008da00000| Untracked 
|  67|0x000000008db00000, 0x000000008dc00000, 0x000000008dc00000|100%| O|  |TAMS 0x000000008db00000| PB 0x000000008db00000| Untracked 
|  68|0x000000008dc00000, 0x000000008dd00000, 0x000000008dd00000|100%| O|  |TAMS 0x000000008dc00000| PB 0x000000008dc00000| Untracked 
|  69|0x000000008dd00000, 0x000000008de00000, 0x000000008de00000|100%| O|  |TAMS 0x000000008dd00000| PB 0x000000008dd00000| Untracked 
|  70|0x000000008de00000, 0x000000008df00000, 0x000000008df00000|100%| O|  |TAMS 0x000000008de00000| PB 0x000000008de00000| Untracked 
|  71|0x000000008df00000, 0x000000008e000000, 0x000000008e000000|100%| O|  |TAMS 0x000000008df00000| PB 0x000000008df00000| Untracked 
|  72|0x000000008e000000, 0x000000008e100000, 0x000000008e100000|100%| O|  |TAMS 0x000000008e000000| PB 0x000000008e000000| Untracked 
|  73|0x000000008e100000, 0x000000008e200000, 0x000000008e200000|100%| O|  |TAMS 0x000000008e100000| PB 0x000000008e100000| Untracked 
|  74|0x000000008e200000, 0x000000008e300000, 0x000000008e300000|100%|HS|  |TAMS 0x000000008e200000| PB 0x000000008e200000| Complete 
|  75|0x000000008e300000, 0x000000008e400000, 0x000000008e400000|100%|HC|  |TAMS 0x000000008e300000| PB 0x000000008e300000| Complete 
|  76|0x000000008e400000, 0x000000008e500000, 0x000000008e500000|100%| O|  |TAMS 0x000000008e400000| PB 0x000000008e400000| Untracked 
|  77|0x000000008e500000, 0x000000008e600000, 0x000000008e600000|100%| O|  |TAMS 0x000000008e500000| PB 0x000000008e500000| Untracked 
|  78|0x000000008e600000, 0x000000008e700000, 0x000000008e700000|100%| O|  |TAMS 0x000000008e600000| PB 0x000000008e600000| Untracked 
|  79|0x000000008e700000, 0x000000008e800000, 0x000000008e800000|100%| O|  |TAMS 0x000000008e700000| PB 0x000000008e700000| Untracked 
|  80|0x000000008e800000, 0x000000008e900000, 0x000000008e900000|100%| O|  |TAMS 0x000000008e800000| PB 0x000000008e800000| Untracked 
|  81|0x000000008e900000, 0x000000008ea00000, 0x000000008ea00000|100%| O|  |TAMS 0x000000008e900000| PB 0x000000008e900000| Untracked 
|  82|0x000000008ea00000, 0x000000008eb00000, 0x000000008eb00000|100%| O|  |TAMS 0x000000008ea00000| PB 0x000000008ea00000| Untracked 
|  83|0x000000008eb00000, 0x000000008ec00000, 0x000000008ec00000|100%| O|  |TAMS 0x000000008eb00000| PB 0x000000008eb00000| Untracked 
|  84|0x000000008ec00000, 0x000000008ed00000, 0x000000008ed00000|100%| O|  |TAMS 0x000000008ec00000| PB 0x000000008ec00000| Untracked 
|  85|0x000000008ed00000, 0x000000008ee00000, 0x000000008ee00000|100%| O|  |TAMS 0x000000008ed00000| PB 0x000000008ed00000| Untracked 
|  86|0x000000008ee00000, 0x000000008ef00000, 0x000000008ef00000|100%| O|  |TAMS 0x000000008ee00000| PB 0x000000008ee00000| Untracked 
|  87|0x000000008ef00000, 0x000000008f000000, 0x000000008f000000|100%| O|  |TAMS 0x000000008ef00000| PB 0x000000008ef00000| Untracked 
|  88|0x000000008f000000, 0x000000008f100000, 0x000000008f100000|100%| O|  |TAMS 0x000000008f000000| PB 0x000000008f000000| Untracked 
|  89|0x000000008f100000, 0x000000008f200000, 0x000000008f200000|100%| O|  |TAMS 0x000000008f100000| PB 0x000000008f100000| Untracked 
|  90|0x000000008f200000, 0x000000008f300000, 0x000000008f300000|100%| O|  |TAMS 0x000000008f200000| PB 0x000000008f200000| Untracked 
|  91|0x000000008f300000, 0x000000008f400000, 0x000000008f400000|100%| O|  |TAMS 0x000000008f300000| PB 0x000000008f300000| Untracked 
|  92|0x000000008f400000, 0x000000008f500000, 0x000000008f500000|100%| O|  |TAMS 0x000000008f400000| PB 0x000000008f400000| Untracked 
|  93|0x000000008f500000, 0x000000008f600000, 0x000000008f600000|100%| O|  |TAMS 0x000000008f500000| PB 0x000000008f500000| Untracked 
|  94|0x000000008f600000, 0x000000008f700000, 0x000000008f700000|100%| O|  |TAMS 0x000000008f600000| PB 0x000000008f600000| Untracked 
|  95|0x000000008f700000, 0x000000008f800000, 0x000000008f800000|100%| O|  |TAMS 0x000000008f700000| PB 0x000000008f700000| Untracked 
|  96|0x000000008f800000, 0x000000008f900000, 0x000000008f900000|100%| O|  |TAMS 0x000000008f800000| PB 0x000000008f800000| Untracked 
|  97|0x000000008f900000, 0x000000008fa00000, 0x000000008fa00000|100%| O|  |TAMS 0x000000008f900000| PB 0x000000008f900000| Untracked 
|  98|0x000000008fa00000, 0x000000008fb00000, 0x000000008fb00000|100%| O|  |TAMS 0x000000008fa00000| PB 0x000000008fa00000| Untracked 
|  99|0x000000008fb00000, 0x000000008fc00000, 0x000000008fc00000|100%| O|  |TAMS 0x000000008fb00000| PB 0x000000008fb00000| Untracked 
| 100|0x000000008fc00000, 0x000000008fd00000, 0x000000008fd00000|100%| O|Cm|TAMS 0x000000008fc00000| PB 0x000000008fc00000| Complete 
| 101|0x000000008fd00000, 0x000000008fe00000, 0x000000008fe00000|100%| O|  |TAMS 0x000000008fd00000| PB 0x000000008fd00000| Untracked 
| 102|0x000000008fe00000, 0x000000008ff00000, 0x000000008ff00000|100%| O|  |TAMS 0x000000008fe00000| PB 0x000000008fe00000| Untracked 
| 103|0x000000008ff00000, 0x0000000090000000, 0x0000000090000000|100%| O|  |TAMS 0x000000008ff00000| PB 0x000000008ff00000| Untracked 
| 104|0x0000000090000000, 0x0000000090100000, 0x0000000090100000|100%| O|Cm|TAMS 0x0000000090000000| PB 0x0000000090000000| Complete 
| 105|0x0000000090100000, 0x0000000090200000, 0x0000000090200000|100%| O|  |TAMS 0x0000000090100000| PB 0x0000000090100000| Untracked 
| 106|0x0000000090200000, 0x0000000090300000, 0x0000000090300000|100%| O|  |TAMS 0x0000000090200000| PB 0x0000000090200000| Untracked 
| 107|0x0000000090300000, 0x0000000090400000, 0x0000000090400000|100%| O|  |TAMS 0x0000000090300000| PB 0x0000000090300000| Untracked 
| 108|0x0000000090400000, 0x0000000090500000, 0x0000000090500000|100%| O|  |TAMS 0x0000000090400000| PB 0x0000000090400000| Untracked 
| 109|0x0000000090500000, 0x0000000090600000, 0x0000000090600000|100%| O|  |TAMS 0x0000000090500000| PB 0x0000000090500000| Untracked 
| 110|0x0000000090600000, 0x0000000090700000, 0x0000000090700000|100%| O|  |TAMS 0x0000000090600000| PB 0x0000000090600000| Untracked 
| 111|0x0000000090700000, 0x0000000090800000, 0x0000000090800000|100%| O|  |TAMS 0x0000000090700000| PB 0x0000000090700000| Untracked 
| 112|0x0000000090800000, 0x0000000090900000, 0x0000000090900000|100%| O|  |TAMS 0x0000000090800000| PB 0x0000000090800000| Untracked 
| 113|0x0000000090900000, 0x0000000090a00000, 0x0000000090a00000|100%| O|  |TAMS 0x0000000090900000| PB 0x0000000090900000| Untracked 
| 114|0x0000000090a00000, 0x0000000090b00000, 0x0000000090b00000|100%| O|Cm|TAMS 0x0000000090a00000| PB 0x0000000090a00000| Complete 
| 115|0x0000000090b00000, 0x0000000090c00000, 0x0000000090c00000|100%| O|  |TAMS 0x0000000090b00000| PB 0x0000000090b00000| Untracked 
| 116|0x0000000090c00000, 0x0000000090c64230, 0x0000000090d00000| 39%| O|  |TAMS 0x0000000090c00000| PB 0x0000000090c00000| Untracked 
| 117|0x0000000090d00000, 0x0000000090d00000, 0x0000000090e00000|  0%| F|  |TAMS 0x0000000090d00000| PB 0x0000000090d00000| Untracked 
| 118|0x0000000090e00000, 0x0000000090e00000, 0x0000000090f00000|  0%| F|  |TAMS 0x0000000090e00000| PB 0x0000000090e00000| Untracked 
| 119|0x0000000090f00000, 0x0000000090f00000, 0x0000000091000000|  0%| F|  |TAMS 0x0000000090f00000| PB 0x0000000090f00000| Untracked 
| 120|0x0000000091000000, 0x0000000091000000, 0x0000000091100000|  0%| F|  |TAMS 0x0000000091000000| PB 0x0000000091000000| Untracked 
| 121|0x0000000091100000, 0x0000000091100000, 0x0000000091200000|  0%| F|  |TAMS 0x0000000091100000| PB 0x0000000091100000| Untracked 
| 122|0x0000000091200000, 0x0000000091200000, 0x0000000091300000|  0%| F|  |TAMS 0x0000000091200000| PB 0x0000000091200000| Untracked 
| 123|0x0000000091300000, 0x0000000091300000, 0x0000000091400000|  0%| F|  |TAMS 0x0000000091300000| PB 0x0000000091300000| Untracked 
| 124|0x0000000091400000, 0x0000000091400000, 0x0000000091500000|  0%| F|  |TAMS 0x0000000091400000| PB 0x0000000091400000| Untracked 
| 125|0x0000000091500000, 0x0000000091500000, 0x0000000091600000|  0%| F|  |TAMS 0x0000000091500000| PB 0x0000000091500000| Untracked 
| 126|0x0000000091600000, 0x0000000091600000, 0x0000000091700000|  0%| F|  |TAMS 0x0000000091600000| PB 0x0000000091600000| Untracked 
| 127|0x0000000091700000, 0x0000000091700000, 0x0000000091800000|  0%| F|  |TAMS 0x0000000091700000| PB 0x0000000091700000| Untracked 
| 128|0x0000000091800000, 0x0000000091800000, 0x0000000091900000|  0%| F|  |TAMS 0x0000000091800000| PB 0x0000000091800000| Untracked 
| 129|0x0000000091900000, 0x0000000091900000, 0x0000000091a00000|  0%| F|  |TAMS 0x0000000091900000| PB 0x0000000091900000| Untracked 
| 130|0x0000000091a00000, 0x0000000091a00000, 0x0000000091b00000|  0%| F|  |TAMS 0x0000000091a00000| PB 0x0000000091a00000| Untracked 
| 131|0x0000000091b00000, 0x0000000091b00000, 0x0000000091c00000|  0%| F|  |TAMS 0x0000000091b00000| PB 0x0000000091b00000| Untracked 
| 132|0x0000000091c00000, 0x0000000091c00000, 0x0000000091d00000|  0%| F|  |TAMS 0x0000000091c00000| PB 0x0000000091c00000| Untracked 
| 133|0x0000000091d00000, 0x0000000091d80000, 0x0000000091e00000| 50%| S|CS|TAMS 0x0000000091d00000| PB 0x0000000091d00000| Complete 
| 134|0x0000000091e00000, 0x0000000091f00000, 0x0000000091f00000|100%| S|CS|TAMS 0x0000000091e00000| PB 0x0000000091e00000| Complete 
| 135|0x0000000091f00000, 0x0000000092000000, 0x0000000092000000|100%| S|CS|TAMS 0x0000000091f00000| PB 0x0000000091f00000| Complete 
| 136|0x0000000092000000, 0x0000000092100000, 0x0000000092100000|100%| S|CS|TAMS 0x0000000092000000| PB 0x0000000092000000| Complete 
| 137|0x0000000092100000, 0x0000000092200000, 0x0000000092200000|100%| S|CS|TAMS 0x0000000092100000| PB 0x0000000092100000| Complete 
| 138|0x0000000092200000, 0x0000000092300000, 0x0000000092300000|100%| S|CS|TAMS 0x0000000092200000| PB 0x0000000092200000| Complete 
| 139|0x0000000092300000, 0x0000000092400000, 0x0000000092400000|100%| S|CS|TAMS 0x0000000092300000| PB 0x0000000092300000| Complete 
| 140|0x0000000092400000, 0x0000000092500000, 0x0000000092500000|100%| S|CS|TAMS 0x0000000092400000| PB 0x0000000092400000| Complete 
| 141|0x0000000092500000, 0x0000000092600000, 0x0000000092600000|100%| S|CS|TAMS 0x0000000092500000| PB 0x0000000092500000| Complete 
| 142|0x0000000092600000, 0x0000000092600000, 0x0000000092700000|  0%| F|  |TAMS 0x0000000092600000| PB 0x0000000092600000| Untracked 
| 143|0x0000000092700000, 0x0000000092700000, 0x0000000092800000|  0%| F|  |TAMS 0x0000000092700000| PB 0x0000000092700000| Untracked 
| 144|0x0000000092800000, 0x0000000092800000, 0x0000000092900000|  0%| F|  |TAMS 0x0000000092800000| PB 0x0000000092800000| Untracked 
| 145|0x0000000092900000, 0x0000000092900000, 0x0000000092a00000|  0%| F|  |TAMS 0x0000000092900000| PB 0x0000000092900000| Untracked 
| 146|0x0000000092a00000, 0x0000000092a00000, 0x0000000092b00000|  0%| F|  |TAMS 0x0000000092a00000| PB 0x0000000092a00000| Untracked 
| 147|0x0000000092b00000, 0x0000000092b00000, 0x0000000092c00000|  0%| F|  |TAMS 0x0000000092b00000| PB 0x0000000092b00000| Untracked 
| 148|0x0000000092c00000, 0x0000000092c00000, 0x0000000092d00000|  0%| F|  |TAMS 0x0000000092c00000| PB 0x0000000092c00000| Untracked 
| 149|0x0000000092d00000, 0x0000000092d00000, 0x0000000092e00000|  0%| F|  |TAMS 0x0000000092d00000| PB 0x0000000092d00000| Untracked 
| 150|0x0000000092e00000, 0x0000000092e00000, 0x0000000092f00000|  0%| F|  |TAMS 0x0000000092e00000| PB 0x0000000092e00000| Untracked 
| 151|0x0000000092f00000, 0x0000000092f00000, 0x0000000093000000|  0%| F|  |TAMS 0x0000000092f00000| PB 0x0000000092f00000| Untracked 
| 152|0x0000000093000000, 0x0000000093000000, 0x0000000093100000|  0%| F|  |TAMS 0x0000000093000000| PB 0x0000000093000000| Untracked 
| 153|0x0000000093100000, 0x0000000093100000, 0x0000000093200000|  0%| F|  |TAMS 0x0000000093100000| PB 0x0000000093100000| Untracked 
| 154|0x0000000093200000, 0x0000000093200000, 0x0000000093300000|  0%| F|  |TAMS 0x0000000093200000| PB 0x0000000093200000| Untracked 
| 155|0x0000000093300000, 0x0000000093300000, 0x0000000093400000|  0%| F|  |TAMS 0x0000000093300000| PB 0x0000000093300000| Untracked 
| 156|0x0000000093400000, 0x0000000093400000, 0x0000000093500000|  0%| F|  |TAMS 0x0000000093400000| PB 0x0000000093400000| Untracked 
| 157|0x0000000093500000, 0x0000000093500000, 0x0000000093600000|  0%| F|  |TAMS 0x0000000093500000| PB 0x0000000093500000| Untracked 
| 158|0x0000000093600000, 0x0000000093600000, 0x0000000093700000|  0%| F|  |TAMS 0x0000000093600000| PB 0x0000000093600000| Untracked 
| 159|0x0000000093700000, 0x0000000093700000, 0x0000000093800000|  0%| F|  |TAMS 0x0000000093700000| PB 0x0000000093700000| Untracked 
| 160|0x0000000093800000, 0x0000000093800000, 0x0000000093900000|  0%| F|  |TAMS 0x0000000093800000| PB 0x0000000093800000| Untracked 
| 161|0x0000000093900000, 0x0000000093900000, 0x0000000093a00000|  0%| F|  |TAMS 0x0000000093900000| PB 0x0000000093900000| Untracked 
| 162|0x0000000093a00000, 0x0000000093a00000, 0x0000000093b00000|  0%| F|  |TAMS 0x0000000093a00000| PB 0x0000000093a00000| Untracked 
| 163|0x0000000093b00000, 0x0000000093b00000, 0x0000000093c00000|  0%| F|  |TAMS 0x0000000093b00000| PB 0x0000000093b00000| Untracked 
| 164|0x0000000093c00000, 0x0000000093c00000, 0x0000000093d00000|  0%| F|  |TAMS 0x0000000093c00000| PB 0x0000000093c00000| Untracked 
| 165|0x0000000093d00000, 0x0000000093d00000, 0x0000000093e00000|  0%| F|  |TAMS 0x0000000093d00000| PB 0x0000000093d00000| Untracked 
| 166|0x0000000093e00000, 0x0000000093e00000, 0x0000000093f00000|  0%| F|  |TAMS 0x0000000093e00000| PB 0x0000000093e00000| Untracked 
| 167|0x0000000093f00000, 0x0000000093f00000, 0x0000000094000000|  0%| F|  |TAMS 0x0000000093f00000| PB 0x0000000093f00000| Untracked 
| 168|0x0000000094000000, 0x0000000094000000, 0x0000000094100000|  0%| F|  |TAMS 0x0000000094000000| PB 0x0000000094000000| Untracked 
| 169|0x0000000094100000, 0x0000000094100000, 0x0000000094200000|  0%| F|  |TAMS 0x0000000094100000| PB 0x0000000094100000| Untracked 
| 170|0x0000000094200000, 0x0000000094200000, 0x0000000094300000|  0%| F|  |TAMS 0x0000000094200000| PB 0x0000000094200000| Untracked 
| 171|0x0000000094300000, 0x0000000094300000, 0x0000000094400000|  0%| F|  |TAMS 0x0000000094300000| PB 0x0000000094300000| Untracked 
| 172|0x0000000094400000, 0x0000000094400000, 0x0000000094500000|  0%| F|  |TAMS 0x0000000094400000| PB 0x0000000094400000| Untracked 
| 173|0x0000000094500000, 0x0000000094500000, 0x0000000094600000|  0%| F|  |TAMS 0x0000000094500000| PB 0x0000000094500000| Untracked 
| 174|0x0000000094600000, 0x0000000094600000, 0x0000000094700000|  0%| F|  |TAMS 0x0000000094600000| PB 0x0000000094600000| Untracked 
| 175|0x0000000094700000, 0x0000000094700000, 0x0000000094800000|  0%| F|  |TAMS 0x0000000094700000| PB 0x0000000094700000| Untracked 
| 176|0x0000000094800000, 0x0000000094800000, 0x0000000094900000|  0%| F|  |TAMS 0x0000000094800000| PB 0x0000000094800000| Untracked 
| 177|0x0000000094900000, 0x0000000094900000, 0x0000000094a00000|  0%| F|  |TAMS 0x0000000094900000| PB 0x0000000094900000| Untracked 
| 178|0x0000000094a00000, 0x0000000094a00000, 0x0000000094b00000|  0%| F|  |TAMS 0x0000000094a00000| PB 0x0000000094a00000| Untracked 
| 179|0x0000000094b00000, 0x0000000094b00000, 0x0000000094c00000|  0%| F|  |TAMS 0x0000000094b00000| PB 0x0000000094b00000| Untracked 
| 180|0x0000000094c00000, 0x0000000094c00000, 0x0000000094d00000|  0%| F|  |TAMS 0x0000000094c00000| PB 0x0000000094c00000| Untracked 
| 181|0x0000000094d00000, 0x0000000094d00000, 0x0000000094e00000|  0%| F|  |TAMS 0x0000000094d00000| PB 0x0000000094d00000| Untracked 
| 182|0x0000000094e00000, 0x0000000094e00000, 0x0000000094f00000|  0%| F|  |TAMS 0x0000000094e00000| PB 0x0000000094e00000| Untracked 
| 183|0x0000000094f00000, 0x0000000094f00000, 0x0000000095000000|  0%| F|  |TAMS 0x0000000094f00000| PB 0x0000000094f00000| Untracked 
| 184|0x0000000095000000, 0x0000000095000000, 0x0000000095100000|  0%| F|  |TAMS 0x0000000095000000| PB 0x0000000095000000| Untracked 
| 185|0x0000000095100000, 0x0000000095100000, 0x0000000095200000|  0%| F|  |TAMS 0x0000000095100000| PB 0x0000000095100000| Untracked 
| 186|0x0000000095200000, 0x0000000095200000, 0x0000000095300000|  0%| F|  |TAMS 0x0000000095200000| PB 0x0000000095200000| Untracked 
| 187|0x0000000095300000, 0x0000000095300000, 0x0000000095400000|  0%| F|  |TAMS 0x0000000095300000| PB 0x0000000095300000| Untracked 
| 188|0x0000000095400000, 0x0000000095400000, 0x0000000095500000|  0%| F|  |TAMS 0x0000000095400000| PB 0x0000000095400000| Untracked 
| 189|0x0000000095500000, 0x0000000095500000, 0x0000000095600000|  0%| F|  |TAMS 0x0000000095500000| PB 0x0000000095500000| Untracked 
| 190|0x0000000095600000, 0x0000000095600000, 0x0000000095700000|  0%| F|  |TAMS 0x0000000095600000| PB 0x0000000095600000| Untracked 
| 191|0x0000000095700000, 0x0000000095700000, 0x0000000095800000|  0%| F|  |TAMS 0x0000000095700000| PB 0x0000000095700000| Untracked 
| 192|0x0000000095800000, 0x0000000095800000, 0x0000000095900000|  0%| F|  |TAMS 0x0000000095800000| PB 0x0000000095800000| Untracked 
| 193|0x0000000095900000, 0x0000000095900000, 0x0000000095a00000|  0%| F|  |TAMS 0x0000000095900000| PB 0x0000000095900000| Untracked 
| 194|0x0000000095a00000, 0x0000000095a00000, 0x0000000095b00000|  0%| F|  |TAMS 0x0000000095a00000| PB 0x0000000095a00000| Untracked 
| 195|0x0000000095b00000, 0x0000000095b00000, 0x0000000095c00000|  0%| F|  |TAMS 0x0000000095b00000| PB 0x0000000095b00000| Untracked 
| 196|0x0000000095c00000, 0x0000000095c00000, 0x0000000095d00000|  0%| F|  |TAMS 0x0000000095c00000| PB 0x0000000095c00000| Untracked 
| 197|0x0000000095d00000, 0x0000000095d00000, 0x0000000095e00000|  0%| F|  |TAMS 0x0000000095d00000| PB 0x0000000095d00000| Untracked 
| 198|0x0000000095e00000, 0x0000000095e00000, 0x0000000095f00000|  0%| F|  |TAMS 0x0000000095e00000| PB 0x0000000095e00000| Untracked 
| 199|0x0000000095f00000, 0x0000000095f00000, 0x0000000096000000|  0%| F|  |TAMS 0x0000000095f00000| PB 0x0000000095f00000| Untracked 
| 200|0x0000000096000000, 0x0000000096000000, 0x0000000096100000|  0%| F|  |TAMS 0x0000000096000000| PB 0x0000000096000000| Untracked 
| 201|0x0000000096100000, 0x0000000096100000, 0x0000000096200000|  0%| F|  |TAMS 0x0000000096100000| PB 0x0000000096100000| Untracked 
|1888|0x00000000ff800000, 0x00000000ff900000, 0x00000000ff900000|100%| O|  |TAMS 0x00000000ff800000| PB 0x00000000ff800000| Untracked 
|1889|0x00000000ff900000, 0x00000000ff900000, 0x00000000ffa00000|  0%| F|  |TAMS 0x00000000ff900000| PB 0x00000000ff900000| Untracked 
|1890|0x00000000ffa00000, 0x00000000ffa00000, 0x00000000ffb00000|  0%| F|  |TAMS 0x00000000ffa00000| PB 0x00000000ffa00000| Untracked 
|1891|0x00000000ffb00000, 0x00000000ffb00000, 0x00000000ffc00000|  0%| F|  |TAMS 0x00000000ffb00000| PB 0x00000000ffb00000| Untracked 
|1892|0x00000000ffc00000, 0x00000000ffc00000, 0x00000000ffd00000|  0%| F|  |TAMS 0x00000000ffc00000| PB 0x00000000ffc00000| Untracked 
|1893|0x00000000ffd00000, 0x00000000ffe00000, 0x00000000ffe00000|100%| E|  |TAMS 0x00000000ffd00000| PB 0x00000000ffd00000| Complete 
|1894|0x00000000ffe00000, 0x00000000fff00000, 0x00000000fff00000|100%| O|  |TAMS 0x00000000ffe00000| PB 0x00000000ffe00000| Untracked 
|1895|0x00000000fff00000, 0x0000000100000000, 0x0000000100000000|100%| O|  |TAMS 0x00000000fff00000| PB 0x00000000fff00000| Untracked 

Card table byte_map: [0x000001a376170000,0x000001a376530000] _byte_map_base: 0x000001a375d24000

Marking Bits: (CMBitMap*) 0x000001a36375e540
 Bits: [0x000001a376530000, 0x000001a3782d0000)

Polling page: 0x000001a361740000

Metaspace:

Usage:
  Non-class:     79.19 MB used.
      Class:      9.42 MB used.
       Both:     88.61 MB used.

Virtual space:
  Non-class space:      128.00 MB reserved,      79.69 MB ( 62%) committed,  2 nodes.
      Class space:        1.00 GB reserved,       9.81 MB ( <1%) committed,  1 nodes.
             Both:        1.12 GB reserved,      89.50 MB (  8%) committed. 

Chunk freelists:
   Non-Class:  15.67 MB
       Class:  6.00 MB
        Both:  21.67 MB

MaxMetaspaceSize: unlimited
CompressedClassSpaceSize: 1.00 GB
Initial GC threshold: 21.00 MB
Current GC threshold: 140.31 MB
CDS: off
 - commit_granule_bytes: 65536.
 - commit_granule_words: 8192.
 - virtual_space_node_default_size: 8388608.
 - enlarge_chunks_in_place: 1.
 - use_allocation_guard: 0.


Internal statistics:

num_allocs_failed_limit: 6.
num_arena_births: 1508.
num_arena_deaths: 0.
num_vsnodes_births: 3.
num_vsnodes_deaths: 0.
num_space_committed: 1430.
num_space_uncommitted: 0.
num_chunks_returned_to_freelist: 6.
num_chunks_taken_from_freelist: 4769.
num_chunk_merges: 6.
num_chunk_splits: 3528.
num_chunks_enlarged: 2726.
num_inconsistent_stats: 0.

CodeHeap 'non-profiled nmethods': size=120000Kb used=9485Kb max_used=9485Kb free=110514Kb
 bounds [0x000001a36e330000, 0x000001a36ec80000, 0x000001a375860000]
CodeHeap 'profiled nmethods': size=120000Kb used=44784Kb max_used=45233Kb free=75215Kb
 bounds [0x000001a366860000, 0x000001a3694b0000, 0x000001a36dd90000]
CodeHeap 'non-nmethods': size=5760Kb used=1740Kb max_used=1805Kb free=4019Kb
 bounds [0x000001a36dd90000, 0x000001a36e000000, 0x000001a36e330000]
 total_blobs=15456 nmethods=14697 adapters=660
 compilation: enabled
              stopped_count=0, restarted_count=0
 full_count=0

Compilation events (20 events):
Event: 38.904 Thread 0x000001a3040739b0 17187       3       com.sun.tools.javac.tree.Pretty::printStats (37 bytes)
Event: 38.905 Thread 0x000001a3040739b0 nmethod 17187 0x000001a36788d290 code [0x000001a36788d4a0, 0x000001a36788ddf8]
Event: 38.905 Thread 0x000001a3040739b0 17185       3       com.sun.tools.javac.tree.Pretty::printBlock (34 bytes)
Event: 38.906 Thread 0x000001a3065c1cd0 nmethod 17181 0x000001a36ec6fe90 code [0x000001a36ec70080, 0x000001a36ec705d0]
Event: 38.906 Thread 0x000001a3040739b0 nmethod 17185 0x000001a36788c390 code [0x000001a36788c5c0, 0x000001a36788cfa0]
Event: 38.906 Thread 0x000001a3065c1cd0 17189       4       com.sun.tools.javac.code.Flags::asFlagSet (83 bytes)
Event: 38.906 Thread 0x000001a3040739b0 17186       3       com.sun.tools.javac.tree.Pretty::indent (14 bytes)
Event: 38.906 Thread 0x000001a3040739b0 nmethod 17186 0x000001a36788c010 code [0x000001a36788c1a0, 0x000001a36788c2b8]
Event: 38.906 Thread 0x000001a3040739b0 17188       3       com.sun.tools.javac.tree.Pretty::undent (14 bytes)
Event: 38.906 Thread 0x000001a3040739b0 nmethod 17188 0x000001a36788bc90 code [0x000001a36788be20, 0x000001a36788bf38]
Event: 38.910 Thread 0x000001a3040739b0 17190       3       com.sun.tools.javac.tree.JCTree::hasTag (14 bytes)
Event: 38.910 Thread 0x000001a3040739b0 nmethod 17190 0x000001a36788b810 code [0x000001a36788b9c0, 0x000001a36788bbe0]
Event: 38.932 Thread 0x000001a3040739b0 17193       3       com.sun.tools.javac.tree.JCTree$JCFieldAccess::getTag (4 bytes)
Event: 38.932 Thread 0x000001a3040739b0 nmethod 17193 0x000001a36788b490 code [0x000001a36788b620, 0x000001a36788b738]
Event: 38.932 Thread 0x000001a3040739b0 17194       3       com.sun.tools.javac.tree.JCTree$JCImport::getTag (4 bytes)
Event: 38.932 Thread 0x000001a3040739b0 nmethod 17194 0x000001a36788b110 code [0x000001a36788b2a0, 0x000001a36788b3b8]
Event: 38.942 Thread 0x000001a3065c1cd0 nmethod 17189 0x000001a36ec70a90 code [0x000001a36ec70e00, 0x000001a36ec71e00]
Event: 38.943 Thread 0x000001a3065c1cd0 17191       4       java.util.Formatter::parse (208 bytes)
Event: 38.962 Thread 0x000001a3040739b0 17197   !   3       com.sun.tools.javac.tree.Pretty::visitBlock (30 bytes)
Event: 39.947 Thread 0x000001a3040739b0 nmethod 17197 0x000001a367889d10 code [0x000001a367889f80, 0x000001a36788ac18]

GC Heap History (20 events):
Event: 23.739 GC heap before
{Heap before GC invocations=28 (full 0):
 garbage-first heap   total 130048K, used 111272K [0x0000000089800000, 0x0000000100000000)
  region size 1024K, 41 young (41984K), 5 survivors (5120K)
 Metaspace       used 54766K, committed 55552K, reserved 1114112K
  class space    used 6480K, committed 6848K, reserved 1048576K
}
Event: 23.755 GC heap after
{Heap after GC invocations=29 (full 0):
 garbage-first heap   total 130048K, used 78606K [0x0000000089800000, 0x0000000100000000)
  region size 1024K, 4 young (4096K), 4 survivors (4096K)
 Metaspace       used 54766K, committed 55552K, reserved 1114112K
  class space    used 6480K, committed 6848K, reserved 1048576K
}
Event: 23.999 GC heap before
{Heap before GC invocations=30 (full 0):
 garbage-first heap   total 132096K, used 115470K [0x0000000089800000, 0x0000000100000000)
  region size 1024K, 40 young (40960K), 4 survivors (4096K)
 Metaspace       used 54766K, committed 55552K, reserved 1114112K
  class space    used 6480K, committed 6848K, reserved 1048576K
}
Event: 24.008 GC heap after
{Heap after GC invocations=31 (full 0):
 garbage-first heap   total 132096K, used 83798K [0x0000000089800000, 0x0000000100000000)
  region size 1024K, 5 young (5120K), 5 survivors (5120K)
 Metaspace       used 54766K, committed 55552K, reserved 1114112K
  class space    used 6480K, committed 6848K, reserved 1048576K
}
Event: 25.127 GC heap before
{Heap before GC invocations=31 (full 0):
 garbage-first heap   total 132096K, used 120662K [0x0000000089800000, 0x0000000100000000)
  region size 1024K, 39 young (39936K), 5 survivors (5120K)
 Metaspace       used 56225K, committed 57024K, reserved 1114112K
  class space    used 6656K, committed 7040K, reserved 1048576K
}
Event: 25.148 GC heap after
{Heap after GC invocations=32 (full 0):
 garbage-first heap   total 133120K, used 90476K [0x0000000089800000, 0x0000000100000000)
  region size 1024K, 5 young (5120K), 5 survivors (5120K)
 Metaspace       used 56225K, committed 57024K, reserved 1114112K
  class space    used 6656K, committed 7040K, reserved 1048576K
}
Event: 26.739 GC heap before
{Heap before GC invocations=32 (full 0):
 garbage-first heap   total 133120K, used 120172K [0x0000000089800000, 0x0000000100000000)
  region size 1024K, 34 young (34816K), 5 survivors (5120K)
 Metaspace       used 59515K, committed 60288K, reserved 1114112K
  class space    used 6964K, committed 7360K, reserved 1048576K
}
Event: 26.759 GC heap after
{Heap after GC invocations=33 (full 0):
 garbage-first heap   total 133120K, used 95590K [0x0000000089800000, 0x0000000100000000)
  region size 1024K, 5 young (5120K), 5 survivors (5120K)
 Metaspace       used 59515K, committed 60288K, reserved 1114112K
  class space    used 6964K, committed 7360K, reserved 1048576K
}
Event: 28.185 GC heap before
{Heap before GC invocations=34 (full 0):
 garbage-first heap   total 160768K, used 118118K [0x0000000089800000, 0x0000000100000000)
  region size 1024K, 27 young (27648K), 5 survivors (5120K)
 Metaspace       used 62008K, committed 62848K, reserved 1114112K
  class space    used 7187K, committed 7616K, reserved 1048576K
}
Event: 28.201 GC heap after
{Heap after GC invocations=35 (full 0):
 garbage-first heap   total 160768K, used 99346K [0x0000000089800000, 0x0000000100000000)
  region size 1024K, 4 young (4096K), 4 survivors (4096K)
 Metaspace       used 62008K, committed 62848K, reserved 1114112K
  class space    used 7187K, committed 7616K, reserved 1048576K
}
Event: 29.527 GC heap before
{Heap before GC invocations=35 (full 0):
 garbage-first heap   total 160768K, used 141330K [0x0000000089800000, 0x0000000100000000)
  region size 1024K, 46 young (47104K), 4 survivors (4096K)
 Metaspace       used 63410K, committed 64320K, reserved 1114112K
  class space    used 7235K, committed 7680K, reserved 1048576K
}
Event: 29.550 GC heap after
{Heap after GC invocations=36 (full 0):
 garbage-first heap   total 160768K, used 105602K [0x0000000089800000, 0x0000000100000000)
  region size 1024K, 6 young (6144K), 6 survivors (6144K)
 Metaspace       used 63410K, committed 64320K, reserved 1114112K
  class space    used 7235K, committed 7680K, reserved 1048576K
}
Event: 30.834 GC heap before
{Heap before GC invocations=36 (full 0):
 garbage-first heap   total 160768K, used 143490K [0x0000000089800000, 0x0000000100000000)
  region size 1024K, 43 young (44032K), 6 survivors (6144K)
 Metaspace       used 65212K, committed 66112K, reserved 1114112K
  class space    used 7358K, committed 7808K, reserved 1048576K
}
Event: 30.851 GC heap after
{Heap after GC invocations=37 (full 0):
 garbage-first heap   total 210944K, used 110438K [0x0000000089800000, 0x0000000100000000)
  region size 1024K, 6 young (6144K), 6 survivors (6144K)
 Metaspace       used 65212K, committed 66112K, reserved 1114112K
  class space    used 7358K, committed 7808K, reserved 1048576K
}
Event: 33.098 GC heap before
{Heap before GC invocations=38 (full 0):
 garbage-first heap   total 210944K, used 180070K [0x0000000089800000, 0x0000000100000000)
  region size 1024K, 74 young (75776K), 6 survivors (6144K)
 Metaspace       used 76398K, committed 77312K, reserved 1179648K
  class space    used 8358K, committed 8832K, reserved 1048576K
}
Event: 33.119 GC heap after
{Heap after GC invocations=39 (full 0):
 garbage-first heap   total 210944K, used 118181K [0x0000000089800000, 0x0000000100000000)
  region size 1024K, 8 young (8192K), 8 survivors (8192K)
 Metaspace       used 76398K, committed 77312K, reserved 1179648K
  class space    used 8358K, committed 8832K, reserved 1048576K
}
Event: 35.013 GC heap before
{Heap before GC invocations=39 (full 0):
 garbage-first heap   total 210944K, used 181669K [0x0000000089800000, 0x0000000100000000)
  region size 1024K, 70 young (71680K), 8 survivors (8192K)
 Metaspace       used 81831K, committed 82688K, reserved 1179648K
  class space    used 8770K, committed 9152K, reserved 1048576K
}
Event: 35.032 GC heap after
{Heap after GC invocations=40 (full 0):
 garbage-first heap   total 210944K, used 122038K [0x0000000089800000, 0x0000000100000000)
  region size 1024K, 6 young (6144K), 6 survivors (6144K)
 Metaspace       used 81831K, committed 82688K, reserved 1179648K
  class space    used 8770K, committed 9152K, reserved 1048576K
}
Event: 36.393 GC heap before
{Heap before GC invocations=40 (full 0):
 garbage-first heap   total 210944K, used 158902K [0x0000000089800000, 0x0000000100000000)
  region size 1024K, 43 young (44032K), 6 survivors (6144K)
 Metaspace       used 85275K, committed 86208K, reserved 1179648K
  class space    used 9059K, committed 9536K, reserved 1048576K
}
Event: 36.407 GC heap after
{Heap after GC invocations=41 (full 0):
 garbage-first heap   total 210944K, used 126199K [0x0000000089800000, 0x0000000100000000)
  region size 1024K, 4 young (4096K), 4 survivors (4096K)
 Metaspace       used 85275K, committed 86208K, reserved 1179648K
  class space    used 9059K, committed 9536K, reserved 1048576K
}

Dll operation events (3 events):
Event: 0.025 Loaded shared library C:\Program Files\Android\Android Studio1\jbr\bin\java.dll
Event: 0.037 Loaded shared library C:\Program Files\Android\Android Studio1\jbr\bin\zip.dll
Event: 4.642 Loaded shared library C:\Program Files\Android\Android Studio1\jbr\bin\verify.dll

Deoptimization events (20 events):
Event: 38.604 Thread 0x000001a3612f36c0 Uncommon trap: trap_request=0xffffffde fr.pc=0x000001a36e3a65f0 relative=0x0000000000000310
Event: 38.604 Thread 0x000001a3612f36c0 Uncommon trap: reason=class_check action=maybe_recompile pc=0x000001a36e3a65f0 method=java.lang.AbstractStringBuilder.append(Ljava/lang/CharSequence;)Ljava/lang/AbstractStringBuilder; @ 10 c2
Event: 38.604 Thread 0x000001a3612f36c0 DEOPT PACKING pc=0x000001a36e3a65f0 sp=0x00000025604fd460
Event: 38.604 Thread 0x000001a3612f36c0 DEOPT UNPACKING pc=0x000001a36dde46a2 sp=0x00000025604fd370 mode 2
Event: 38.604 Thread 0x000001a3612f36c0 Uncommon trap: trap_request=0xffffffde fr.pc=0x000001a36e3a65f0 relative=0x0000000000000310
Event: 38.604 Thread 0x000001a3612f36c0 Uncommon trap: reason=class_check action=maybe_recompile pc=0x000001a36e3a65f0 method=java.lang.AbstractStringBuilder.append(Ljava/lang/CharSequence;)Ljava/lang/AbstractStringBuilder; @ 10 c2
Event: 38.604 Thread 0x000001a3612f36c0 DEOPT PACKING pc=0x000001a36e3a65f0 sp=0x00000025604fd460
Event: 38.604 Thread 0x000001a3612f36c0 DEOPT UNPACKING pc=0x000001a36dde46a2 sp=0x00000025604fd370 mode 2
Event: 38.604 Thread 0x000001a3612f36c0 Uncommon trap: trap_request=0xffffffde fr.pc=0x000001a36e6e24d8 relative=0x00000000000003f8
Event: 38.604 Thread 0x000001a3612f36c0 Uncommon trap: reason=class_check action=maybe_recompile pc=0x000001a36e6e24d8 method=java.lang.AbstractStringBuilder.append(Ljava/lang/CharSequence;)Ljava/lang/AbstractStringBuilder; @ 10 c2
Event: 38.604 Thread 0x000001a3612f36c0 DEOPT PACKING pc=0x000001a36e6e24d8 sp=0x00000025604fd3f0
Event: 38.604 Thread 0x000001a3612f36c0 DEOPT UNPACKING pc=0x000001a36dde46a2 sp=0x00000025604fd368 mode 2
Event: 38.604 Thread 0x000001a3612f36c0 Uncommon trap: trap_request=0xffffffde fr.pc=0x000001a36e77f210 relative=0x0000000000000410
Event: 38.604 Thread 0x000001a3612f36c0 Uncommon trap: reason=class_check action=maybe_recompile pc=0x000001a36e77f210 method=java.lang.AbstractStringBuilder.append(Ljava/lang/CharSequence;)Ljava/lang/AbstractStringBuilder; @ 10 c2
Event: 38.604 Thread 0x000001a3612f36c0 DEOPT PACKING pc=0x000001a36e77f210 sp=0x00000025604fd390
Event: 38.604 Thread 0x000001a3612f36c0 DEOPT UNPACKING pc=0x000001a36dde46a2 sp=0x00000025604fd370 mode 2
Event: 38.872 Thread 0x000001a3612f36c0 DEOPT PACKING pc=0x000001a367967f67 sp=0x00000025604fddd0
Event: 38.872 Thread 0x000001a3612f36c0 DEOPT UNPACKING pc=0x000001a36dde4e42 sp=0x00000025604fd2b0 mode 0
Event: 38.904 Thread 0x000001a3612f36c0 DEOPT PACKING pc=0x000001a367967f67 sp=0x00000025604fde10
Event: 38.904 Thread 0x000001a3612f36c0 DEOPT UNPACKING pc=0x000001a36dde4e42 sp=0x00000025604fd2f0 mode 0

Classes loaded (20 events):
Event: 37.280 Loading class java/util/stream/Node$OfLong done
Event: 37.280 Loading class java/util/stream/Nodes$EmptyNode$OfLong done
Event: 37.280 Loading class java/util/stream/Nodes$EmptyNode$OfDouble
Event: 37.280 Loading class java/util/stream/Node$OfDouble
Event: 37.280 Loading class java/util/stream/Node$OfDouble done
Event: 37.280 Loading class java/util/stream/Nodes$EmptyNode$OfDouble done
Event: 37.280 Loading class java/util/stream/Nodes$SpinedNodeBuilder
Event: 37.281 Loading class java/util/stream/Node$Builder
Event: 37.281 Loading class java/util/stream/Node$Builder done
Event: 37.281 Loading class java/util/stream/SpinedBuffer
Event: 37.284 Loading class java/util/stream/AbstractSpinedBuffer
Event: 37.288 Loading class java/util/stream/AbstractSpinedBuffer done
Event: 37.288 Loading class java/util/stream/SpinedBuffer done
Event: 37.288 Loading class java/util/stream/Nodes$SpinedNodeBuilder done
Event: 38.175 Loading class jdk/internal/math/DoubleToDecimal
Event: 38.180 Loading class jdk/internal/math/DoubleToDecimal done
Event: 38.181 Loading class jdk/internal/math/MathUtils
Event: 38.182 Loading class jdk/internal/math/MathUtils done
Event: 38.611 Loading class java/io/FileOutputStream$1
Event: 38.612 Loading class java/io/FileOutputStream$1 done

Classes unloaded (0 events):
No events

Classes redefined (0 events):
No events

Internal exceptions (20 events):
Event: 33.461 Thread 0x000001a3612f36c0 Exception <a 'java/lang/NoSuchMethodError'{0x0000000095404078}: 'java.lang.Object java.lang.invoke.DirectMethodHandle$Holder.invokeSpecial(java.lang.Object, java.lang.Object, java.lang.Object, java.lang.Object, java.lang.Object, java.lang.Object, java.lang.Object, java.lang.Object, int)'> (0x0000000095404078) 
thrown [s\src\hotspot\share\interpreter\linkResolver.cpp, line 784]
Event: 33.461 Thread 0x000001a3612f36c0 Exception <a 'java/lang/NoSuchMethodError'{0x0000000095408308}: 'java.lang.Object java.lang.invoke.Invokers$Holder.linkToTargetMethod(java.lang.Object, java.lang.Object, java.lang.Object, java.lang.Object, java.lang.Object, java.lang.Object, int, java.lang.Object)'> (0x0000000095408308) 
thrown [s\src\hotspot\share\interpreter\linkResolver.cpp, line 784]
Event: 34.394 Thread 0x000001a3612f36c0 Implicit null exception at 0x000001a36eaba606 to 0x000001a36eaba814
Event: 34.398 Thread 0x000001a3612f36c0 Implicit null exception at 0x000001a36eaf1b90 to 0x000001a36eaf1c24
Event: 34.399 Thread 0x000001a3612f36c0 Implicit null exception at 0x000001a36eaadce5 to 0x000001a36eaadd6d
Event: 35.210 Thread 0x000001a3612f36c0 Exception <a 'java/lang/NoSuchMethodError'{0x00000000ffaac160}: 'java.lang.Object java.lang.invoke.DirectMethodHandle$Holder.invokeStatic(java.lang.Object, int, int)'> (0x00000000ffaac160) 
thrown [s\src\hotspot\share\interpreter\linkResolver.cpp, line 784]
Event: 35.236 Thread 0x000001a3612f36c0 Exception <a 'java/lang/NoSuchMethodError'{0x00000000ff97ae88}: 'java.lang.Object java.lang.invoke.DirectMethodHandle$Holder.invokeStatic(java.lang.Object, java.lang.Object, int, java.lang.Object, java.lang.Object)'> (0x00000000ff97ae88) 
thrown [s\src\hotspot\share\interpreter\linkResolver.cpp, line 784]
Event: 36.082 Thread 0x000001a3612f36c0 Implicit null exception at 0x000001a36e4eece3 to 0x000001a36e4ef24c
Event: 36.100 Thread 0x000001a3612f36c0 Exception <a 'java/lang/NoSuchMethodError'{0x00000000940b22f0}: 'int java.lang.invoke.DirectMethodHandle$Holder.invokeVirtual(java.lang.Object, java.lang.Object, java.lang.Object, java.lang.Object)'> (0x00000000940b22f0) 
thrown [s\src\hotspot\share\interpreter\linkResolver.cpp, line 784]
Event: 36.100 Thread 0x000001a3612f36c0 Exception <a 'java/lang/NoSuchMethodError'{0x00000000940b5f18}: 'int java.lang.invoke.DirectMethodHandle$Holder.invokeSpecial(java.lang.Object, java.lang.Object, java.lang.Object, java.lang.Object, java.lang.Object)'> (0x00000000940b5f18) 
thrown [s\src\hotspot\share\interpreter\linkResolver.cpp, line 784]
Event: 36.100 Thread 0x000001a3612f36c0 Exception <a 'java/lang/NoSuchMethodError'{0x00000000940b94a0}: 'int java.lang.invoke.DelegatingMethodHandle$Holder.reinvoke_L(java.lang.Object, java.lang.Object, java.lang.Object, java.lang.Object)'> (0x00000000940b94a0) 
thrown [s\src\hotspot\share\interpreter\linkResolver.cpp, line 784]
Event: 36.963 Thread 0x000001a3612f36c0 Exception <a 'java/lang/NoSuchMethodError'{0x0000000095987ea0}: 'void java.lang.invoke.DirectMethodHandle$Holder.invokeInterface(java.lang.Object, java.lang.Object, java.lang.Object)'> (0x0000000095987ea0) 
thrown [s\src\hotspot\share\interpreter\linkResolver.cpp, line 784]
Event: 36.983 Thread 0x000001a3612f36c0 Exception <a 'sun/nio/fs/WindowsException'{0x0000000095830b50}> (0x0000000095830b50) 
thrown [s\src\hotspot\share\prims\jni.cpp, line 535]
Event: 37.077 Thread 0x000001a3612f36c0 Exception <a 'java/lang/NoSuchMethodError'{0x00000000956a4fb0}: 'java.lang.Object java.lang.invoke.DirectMethodHandle$Holder.invokeStatic(java.lang.Object, java.lang.Object, java.lang.Object, java.lang.Object, java.lang.Object, java.lang.Object, int, java.lang.Object)'> (0x00000000956a4fb0) 
thrown [s\src\hotspot\share\interpreter\linkResolver.cpp, line 784]
Event: 37.109 Thread 0x000001a3612f36c0 Exception <a 'java/lang/NoSuchMethodError'{0x0000000095536788}: 'java.lang.Object java.lang.invoke.DirectMethodHandle$Holder.invokeVirtual(java.lang.Object, java.lang.Object, java.lang.Object, int)'> (0x0000000095536788) 
thrown [s\src\hotspot\share\interpreter\linkResolver.cpp, line 784]
Event: 37.120 Thread 0x000001a3612f36c0 Exception <a 'java/lang/NoSuchMethodError'{0x0000000095573358}: 'java.lang.Object java.lang.invoke.DirectMethodHandle$Holder.invokeVirtual(java.lang.Object, java.lang.Object, java.lang.Object, java.lang.Object)'> (0x0000000095573358) 
thrown [s\src\hotspot\share\interpreter\linkResolver.cpp, line 784]
Event: 37.156 Thread 0x000001a3612f36c0 Implicit null exception at 0x000001a36ebed119 to 0x000001a36ebed710
Event: 37.273 Thread 0x000001a3612f36c0 Exception <a 'java/lang/NoSuchMethodError'{0x0000000095386d18}: 'void java.lang.invoke.DirectMethodHandle$Holder.invokeInterface(java.lang.Object, java.lang.Object)'> (0x0000000095386d18) 
thrown [s\src\hotspot\share\interpreter\linkResolver.cpp, line 784]
Event: 37.309 Thread 0x000001a3612f36c0 Exception <a 'java/lang/NoSuchMethodError'{0x00000000953c7998}: 'void java.lang.invoke.DirectMethodHandle$Holder.invokeSpecial(java.lang.Object, java.lang.Object, int, java.lang.Object)'> (0x00000000953c7998) 
thrown [s\src\hotspot\share\interpreter\linkResolver.cpp, line 784]
Event: 38.357 Thread 0x000001a3612f36c0 Implicit null exception at 0x000001a36eb2ffda to 0x000001a36eb3002c

ZGC Phase Switch (0 events):
No events

VM Operations (20 events):
Event: 37.097 Executing VM operation: HandshakeAllThreads (Deoptimize)
Event: 37.097 Executing VM operation: HandshakeAllThreads (Deoptimize) done
Event: 37.257 Executing VM operation: HandshakeAllThreads (Deoptimize)
Event: 37.257 Executing VM operation: HandshakeAllThreads (Deoptimize) done
Event: 37.543 Executing VM operation: HandshakeAllThreads (Deoptimize)
Event: 37.543 Executing VM operation: HandshakeAllThreads (Deoptimize) done
Event: 37.604 Executing VM operation: ICBufferFull
Event: 37.605 Executing VM operation: ICBufferFull done
Event: 38.110 Executing VM operation: ICBufferFull
Event: 38.110 Executing VM operation: ICBufferFull done
Event: 38.376 Executing VM operation: HandshakeAllThreads (Deoptimize)
Event: 38.376 Executing VM operation: HandshakeAllThreads (Deoptimize) done
Event: 38.425 Executing VM operation: ICBufferFull
Event: 38.425 Executing VM operation: ICBufferFull done
Event: 38.598 Executing VM operation: HandshakeAllThreads (Deoptimize)
Event: 38.598 Executing VM operation: HandshakeAllThreads (Deoptimize) done
Event: 38.602 Executing VM operation: HandshakeAllThreads (Deoptimize)
Event: 38.602 Executing VM operation: HandshakeAllThreads (Deoptimize) done
Event: 39.605 Executing VM operation: Cleanup
Event: 39.606 Executing VM operation: Cleanup done

Memory protections (0 events):
No events

Nmethod flushes (20 events):
Event: 36.505 Thread 0x000001a37af534d0 flushing  nmethod 0x000001a367b19a90
Event: 36.505 Thread 0x000001a37af534d0 flushing  nmethod 0x000001a367b4f510
Event: 36.505 Thread 0x000001a37af534d0 flushing  nmethod 0x000001a367b50f90
Event: 36.505 Thread 0x000001a37af534d0 flushing  nmethod 0x000001a367c23c10
Event: 36.505 Thread 0x000001a37af534d0 flushing  nmethod 0x000001a367c28110
Event: 36.505 Thread 0x000001a37af534d0 flushing  nmethod 0x000001a367e16b90
Event: 36.505 Thread 0x000001a37af534d0 flushing  nmethod 0x000001a367e19b90
Event: 36.505 Thread 0x000001a37af534d0 flushing  nmethod 0x000001a367e22a90
Event: 36.505 Thread 0x000001a37af534d0 flushing  nmethod 0x000001a367e3f590
Event: 36.505 Thread 0x000001a37af534d0 flushing  nmethod 0x000001a367fd7110
Event: 36.505 Thread 0x000001a37af534d0 flushing  nmethod 0x000001a367fd9d90
Event: 36.505 Thread 0x000001a37af534d0 flushing  nmethod 0x000001a3680cf310
Event: 36.505 Thread 0x000001a37af534d0 flushing  nmethod 0x000001a3680d4290
Event: 36.505 Thread 0x000001a37af534d0 flushing  nmethod 0x000001a368161990
Event: 36.505 Thread 0x000001a37af534d0 flushing  nmethod 0x000001a36817a410
Event: 36.505 Thread 0x000001a37af534d0 flushing  nmethod 0x000001a36822c890
Event: 36.505 Thread 0x000001a37af534d0 flushing  nmethod 0x000001a36829ba90
Event: 36.505 Thread 0x000001a37af534d0 flushing  nmethod 0x000001a368314e90
Event: 36.505 Thread 0x000001a37af534d0 flushing  nmethod 0x000001a36839fe10
Event: 36.505 Thread 0x000001a37af534d0 flushing  nmethod 0x000001a3683a4f90

Events (20 events):
Event: 22.874 Thread 0x000001a3040739b0 Thread added: 0x000001a304da0ce0
Event: 23.851 Thread 0x000001a3040739b0 Thread added: 0x000001a304d9f1a0
Event: 30.997 Thread 0x000001a304da0ce0 Thread exited: 0x000001a304da0ce0
Event: 30.997 Thread 0x000001a304d9f1a0 Thread exited: 0x000001a304d9f1a0
Event: 31.368 Thread 0x000001a3040739b0 Thread added: 0x000001a304372990
Event: 32.273 Thread 0x000001a3040739b0 Thread added: 0x000001a304370780
Event: 32.467 Thread 0x000001a304370780 Thread exited: 0x000001a304370780
Event: 32.670 Thread 0x000001a3040739b0 Thread added: 0x000001a3043722c0
Event: 34.816 Thread 0x000001a3043722c0 Thread exited: 0x000001a3043722c0
Event: 35.115 Thread 0x000001a304372990 Thread exited: 0x000001a304372990
Event: 35.167 Thread 0x000001a3040739b0 Thread added: 0x000001a304da0ce0
Event: 35.382 Thread 0x000001a3040739b0 Thread added: 0x000001a304372990
Event: 36.305 Thread 0x000001a304372990 Thread exited: 0x000001a304372990
Event: 36.305 Thread 0x000001a304da0ce0 Thread exited: 0x000001a304da0ce0
Event: 37.190 Thread 0x000001a3040739b0 Thread added: 0x000001a3065c0190
Event: 37.197 Thread 0x000001a3040739b0 Thread added: 0x000001a3065c1cd0
Event: 37.938 Thread 0x000001a3065c0190 Thread exited: 0x000001a3065c0190
Event: 37.938 Thread 0x000001a3065c1cd0 Thread exited: 0x000001a3065c1cd0
Event: 37.988 Thread 0x000001a3040739b0 Thread added: 0x000001a3065c1cd0
Event: 38.011 Thread 0x000001a3040739b0 Thread added: 0x000001a3065c1600


Dynamic libraries:
0x00007ff71f820000 - 0x00007ff71f82a000 	C:\Program Files\Android\Android Studio1\jbr\bin\java.exe
0x00007ffd82880000 - 0x00007ffd82ae6000 	C:\WINDOWS\SYSTEM32\ntdll.dll
0x00007ffd805d0000 - 0x00007ffd80699000 	C:\WINDOWS\System32\KERNEL32.DLL
0x00007ffd80070000 - 0x00007ffd8046e000 	C:\WINDOWS\System32\KERNELBASE.dll
0x00007ffd7fe50000 - 0x00007ffd7ff9c000 	C:\WINDOWS\System32\ucrtbase.dll
0x00007ffd636f0000 - 0x00007ffd63708000 	C:\Program Files\Android\Android Studio1\jbr\bin\jli.dll
0x00007ffd6f580000 - 0x00007ffd6f59b000 	C:\Program Files\Android\Android Studio1\jbr\bin\VCRUNTIME140.dll
0x00007ffd81400000 - 0x00007ffd815c7000 	C:\WINDOWS\System32\USER32.dll
0x00007ffd80040000 - 0x00007ffd80067000 	C:\WINDOWS\System32\win32u.dll
0x00007ffd6d520000 - 0x00007ffd6d7b2000 	C:\WINDOWS\WinSxS\amd64_microsoft.windows.common-controls_6595b64144ccf1df_6.0.26100.8875_none_3e0d5d42e32fe9dd\COMCTL32.dll
0x00007ffd81a20000 - 0x00007ffd81a4b000 	C:\WINDOWS\System32\GDI32.dll
0x00007ffd80df0000 - 0x00007ffd80e99000 	C:\WINDOWS\System32\msvcrt.dll
0x00007ffd80480000 - 0x00007ffd805aa000 	C:\WINDOWS\System32\gdi32full.dll
0x00007ffd7fc20000 - 0x00007ffd7fcc3000 	C:\WINDOWS\System32\msvcp_win.dll
0x00007ffd82350000 - 0x00007ffd82382000 	C:\WINDOWS\System32\IMM32.DLL
0x00007ffd70060000 - 0x00007ffd7006c000 	C:\Program Files\Android\Android Studio1\jbr\bin\vcruntime140_1.dll
0x00007ffd4f2e0000 - 0x00007ffd4f36d000 	C:\Program Files\Android\Android Studio1\jbr\bin\msvcp140.dll
0x00007ffcbd880000 - 0x00007ffcbe50b000 	C:\Program Files\Android\Android Studio1\jbr\bin\server\jvm.dll
0x00007ffd80d30000 - 0x00007ffd80de7000 	C:\WINDOWS\System32\ADVAPI32.dll
0x00007ffd80b70000 - 0x00007ffd80c1a000 	C:\WINDOWS\System32\sechost.dll
0x00007ffd81010000 - 0x00007ffd81128000 	C:\WINDOWS\System32\RPCRT4.dll
0x00007ffd80c20000 - 0x00007ffd80ca0000 	C:\WINDOWS\System32\WS2_32.dll
0x00007ffd77b10000 - 0x00007ffd77b46000 	C:\WINDOWS\SYSTEM32\WINMM.dll
0x00007ffd77b50000 - 0x00007ffd77b5b000 	C:\WINDOWS\SYSTEM32\VERSION.dll
0x00007ffd7f900000 - 0x00007ffd7f95e000 	C:\WINDOWS\SYSTEM32\POWRPROF.dll
0x00007ffd7f8e0000 - 0x00007ffd7f8f4000 	C:\WINDOWS\SYSTEM32\UMPDC.dll
0x00007ffd7e780000 - 0x00007ffd7e79b000 	C:\WINDOWS\SYSTEM32\kernel.appcore.dll
0x00007ffd6f570000 - 0x00007ffd6f57a000 	C:\Program Files\Android\Android Studio1\jbr\bin\jimage.dll
0x00007ffd7ce90000 - 0x00007ffd7d0d2000 	C:\WINDOWS\SYSTEM32\DBGHELP.DLL
0x00007ffd807a0000 - 0x00007ffd80b23000 	C:\WINDOWS\System32\combase.dll
0x00007ffd81130000 - 0x00007ffd81209000 	C:\WINDOWS\System32\OLEAUT32.dll
0x00007ffd6b400000 - 0x00007ffd6b43b000 	C:\WINDOWS\SYSTEM32\dbgcore.DLL
0x00007ffd7fb60000 - 0x00007ffd7fc0c000 	C:\WINDOWS\System32\bcryptPrimitives.dll
0x00007ffd6c760000 - 0x00007ffd6c780000 	C:\Program Files\Android\Android Studio1\jbr\bin\java.dll
0x00007ffd63970000 - 0x00007ffd63988000 	C:\Program Files\Android\Android Studio1\jbr\bin\zip.dll
0x00007ffd81a50000 - 0x00007ffd821e2000 	C:\WINDOWS\System32\SHELL32.dll
0x00007ffd7d510000 - 0x00007ffd7dda2000 	C:\WINDOWS\SYSTEM32\windows.storage.dll
0x00007ffd806a0000 - 0x00007ffd80797000 	C:\WINDOWS\System32\SHCORE.dll
0x00007ffd80cb0000 - 0x00007ffd80d17000 	C:\WINDOWS\System32\shlwapi.dll
0x00007ffd7f9c0000 - 0x00007ffd7f9e9000 	C:\WINDOWS\SYSTEM32\profapi.dll
0x00007ffd63960000 - 0x00007ffd63970000 	C:\Program Files\Android\Android Studio1\jbr\bin\net.dll
0x00007ffd79540000 - 0x00007ffd79667000 	C:\WINDOWS\SYSTEM32\WINHTTP.dll
0x00007ffd7ed30000 - 0x00007ffd7ed9c000 	C:\WINDOWS\system32\mswsock.dll
0x00007ffd63940000 - 0x00007ffd63956000 	C:\Program Files\Android\Android Studio1\jbr\bin\nio.dll
0x00007ffd579f0000 - 0x00007ffd57a00000 	C:\Program Files\Android\Android Studio1\jbr\bin\verify.dll

dbghelp: loaded successfully - version: 4.0.5 - missing functions: none
symbol engine: initialized successfully - sym options: 0x614 - pdb path: .;C:\Program Files\Android\Android Studio1\jbr\bin;C:\WINDOWS\SYSTEM32;C:\WINDOWS\WinSxS\amd64_microsoft.windows.common-controls_6595b64144ccf1df_6.0.26100.8875_none_3e0d5d42e32fe9dd;C:\Program Files\Android\Android Studio1\jbr\bin\server

VM Arguments:
java_command: org.jetbrains.kotlin.cli.jvm.K2JVMCompiler @C:\Users\harsh\AndroidStudioProjects\VidPlay\app\build\20260718_13685121161381175678.compiler.options
java_class_path (initial): C:\Users\harsh\.gradle\caches\modules-2\files-2.1\org.jetbrains.kotlin\kotlin-compiler-embeddable\2.0.0\1de310de3446414381282ffc46c3ed3919a4d1da\kotlin-compiler-embeddable-2.0.0.jar;C:\Users\harsh\.gradle\caches\modules-2\files-2.1\org.jetbrains.kotlin\kotlin-stdlib\2.0.0\b48df2c4aede9586cc931ead433bc02d6fd7879e\kotlin-stdlib-2.0.0.jar;C:\Users\harsh\.gradle\caches\modules-2\files-2.1\org.jetbrains.kotlin\kotlin-script-runtime\2.0.0\fdc27dd047d592fa41d2dfa21e7621287a361612\kotlin-script-runtime-2.0.0.jar;C:\Users\harsh\.gradle\caches\modules-2\files-2.1\org.jetbrains.kotlin\kotlin-reflect\1.6.10\1cbe9c92c12a94eea200d23c2bbaedaf3daf5132\kotlin-reflect-1.6.10.jar;C:\Users\harsh\.gradle\caches\modules-2\files-2.1\org.jetbrains.kotlin\kotlin-daemon-embeddable\2.0.0\b39c612768614c4428c96ee9c65477181fffe9d\kotlin-daemon-embeddable-2.0.0.jar;C:\Users\harsh\.gradle\caches\modules-2\files-2.1\org.jetbrains.intellij.deps\trove4j\1.0.20200330\3afb14d5f9ceb459d724e907a21145e8ff394f02\trove4j-1.0.20200330.jar;C:\Users\harsh\.gradle\caches\modules-2\files-2.1\org.jetbrains\annotations\13.0\919f0dfe192fb4e063e7dacadee7f8bb9a2672a9\annotations-13.0.jar
Launcher Type: SUN_STANDARD

[Global flags]
     intx CICompilerCount                          = 4                                         {product} {ergonomic}
     uint ConcGCThreads                            = 3                                         {product} {ergonomic}
     uint G1ConcRefinementThreads                  = 10                                        {product} {ergonomic}
   size_t G1HeapRegionSize                         = 1048576                                   {product} {ergonomic}
    uintx GCDrainStackTargetSize                   = 64                                        {product} {ergonomic}
   size_t InitialHeapSize                          = 125829120                                 {product} {ergonomic}
   size_t MarkStackSize                            = 4194304                                   {product} {ergonomic}
   size_t MaxHeapSize                              = 1988100096                                {product} {ergonomic}
   size_t MaxNewSize                               = 1192230912                                {product} {ergonomic}
   size_t MinHeapDeltaBytes                        = 1048576                                   {product} {ergonomic}
   size_t MinHeapSize                              = 8388608                                   {product} {ergonomic}
    uintx NonNMethodCodeHeapSize                   = 5839372                                {pd product} {ergonomic}
    uintx NonProfiledCodeHeapSize                  = 122909434                              {pd product} {ergonomic}
    uintx ProfiledCodeHeapSize                     = 122909434                              {pd product} {ergonomic}
    uintx ReservedCodeCacheSize                    = 251658240                              {pd product} {ergonomic}
     bool SegmentedCodeCache                       = true                                      {product} {ergonomic}
   size_t SoftMaxHeapSize                          = 1988100096                             {manageable} {ergonomic}
     bool UseCompressedOops                        = true                           {product lp64_product} {ergonomic}
     bool UseG1GC                                  = true                                      {product} {ergonomic}
     bool UseLargePagesIndividualAllocation        = false                                  {pd product} {ergonomic}

Logging:
Log output configuration:
 #0: stdout all=warning uptime,level,tags foldmultilines=false
 #1: stderr all=off uptime,level,tags foldmultilines=false

Environment Variables:
JAVA_HOME=C:\Program Files\Java\jdk-21
PATH=C:\Program Files\Eclipse Adoptium\jdk-11.0.29.7-hotspot\bin;C:\Program Files\Python313\Scripts\;C:\Program Files\Python313\;C:\Program Files\Common Files\Oracle\Java\javapath;C:\WINDOWS\system32;C:\WINDOWS;C:\WINDOWS\System32\Wbem;C:\WINDOWS\System32\WindowsPowerShell\v1.0\;C:\WINDOWS\System32\OpenSSH\;C:\Program Files\Java\jdk-21\bin;C:\Program Files\nodejs\;C:\Program Files\Git\cmd;C:\Program Files\Docker\Docker\resources\bin;C:\Program Files\Go\bin;C:\flutter_windows_3.32.8-stable\flutter\bin\;C:\platform-tools;C:\Program Files\MySQL\MySQL Shell 8.0\bin\;C:\Users\harsh\AppData\Local\Microsoft\WindowsApps;C:\MinGW\bin;C:\Users\harsh\AppData\Roaming\npm;C:\Program Files\MongoDB\Server\7.0\bin;C:\Users\harsh\AppData\Local\GitHubDesktop\bin;C:\Users\harsh\AppData\Local\Programs\Microsoft VS Code\bin;C:\Users\harsh\AppData\Local\Microsoft\WindowsApps\python.exe;C:\users\harsh\appdata\roaming\python\python313\site-packages\git_filter_repo.py;C:\Users\harsh\AppData\Local\Programs\cursor\resources\app\bin;C:\Users\harsh\flutter_windows_3.32.6-stable\flutter\bin;C:\Program Files\MongoDB\Server\7.0\bin;C:\Users\harsh\go\bin;C:\Users\harsh\AppData\Local\Programs\Antigravity\bin
USERNAME=harsh
OS=Windows_NT
PROCESSOR_IDENTIFIER=AMD64 Family 25 Model 80 Stepping 0, AuthenticAMD
TMP=C:\Users\harsh\AppData\Local\Temp
TEMP=C:\Users\harsh\AppData\Local\Temp




Periodic native trim disabled

JNI global refs:
JNI global refs: 11, weak refs: 2

JNI global refs memory usage: 835, weak refs: 833

Process memory usage:
Resident Set Size: 464876K (5% of 7763336K total physical memory with 303072K free physical memory)

OOME stack traces (most recent first):
Classloader memory used:
Loader jdk.internal.loader.ClassLoaders$AppClassLoader                                 : 75066K
Loader bootstrap                                                                       : 14264K
Loader java.net.URLClassLoader                                                         : 1213K
Loader jdk.internal.loader.ClassLoaders$PlatformClassLoader                            : 194K

---------------  S Y S T E M  ---------------

OS:
 Windows 11 , 64 bit Build 26100 (10.0.26100.8875)
OS uptime: 2 days 19:44 hours
Hyper-V role detected

CPU: total 12 (initial active 12) (12 cores per cpu, 2 threads per core) family 25 model 80 stepping 0 microcode 0xa50000d, cx8, cmov, fxsr, ht, mmx, 3dnowpref, sse, sse2, sse3, ssse3, sse4a, sse4.1, sse4.2, popcnt, lzcnt, tsc, tscinvbit, avx, avx2, aes, erms, clmul, bmi1, bmi2, adx, sha, fma, vzeroupper, clflush, clflushopt, hv, rdtscp, rdpid, fsrm, f16c, cet_ss
Processor Information for the first 12 processors :
  Max Mhz: 3301, Current Mhz: 3301, Mhz Limit: 3301

Memory: 4k page, system-wide physical 7581M (275M free)
TotalPageFile size 31133M (AvailPageFile size 174M)
current process WorkingSet (physical memory assigned to process): 454M, peak: 454M
current process commit charge ("private bytes"): 516M, peak: 518M

vm_info: OpenJDK 64-Bit Server VM (21.0.6+-13391695-b895.109) for windows-amd64 JRE (21.0.6+-13391695-b895.109), built on 2025-04-22T21:19:17Z by "builder" with MS VC++ 16.10 / 16.11 (VS2019)

END.
